
> server@0.0.1 test
> jest domain

node.exe : FAIL src/domain/value-objects/LiquidationRisk.spec.ts
At line:1 char:1
+ & "C:\Program Files\nodejs/node.exe" "C:\Program Files\nodejs/node_mo ...
+ ~~~~~~~~~~~~~~~~~~~~~~~~~~~~~~~~~~~~~~~~~~~~~~~~~~~~~~~~~~~~~~~~~~~~~
    + CategoryInfo          : NotSpecified: (FAIL src/domain...ionRisk.spec.ts:String) [], RemoteException
    + FullyQualifiedErrorId : NativeCommandError
 
  ÔùÅ LiquidationRisk ÔÇ║ distanceToLiquidation ÔÇ║ should calculate distance for LONG position

    expect(received).toBeCloseTo(expected, precision)

    Expected: 0.8
    Received: 0

    Expected precision:    4
    Expected difference: < 0.00005
    Received difference:   0.8

      42 |       // Distance = (50000 - 40000) / 50000 = 0.2 (20%)
      43 |       expect(risk.distanceToLiquidation).toBeCloseTo(0.2, 4);
    > 44 |       expect(risk.proximityToLiquidation).toBeCloseTo(0.8, 4); // 80% close
         |                                           ^
      45 |     });
      46 |
      47 |     it('should calculate distance for SHORT position', () => {

      at Object.<anonymous> (domain/value-objects/LiquidationRisk.spec.ts:44:43)

  ÔùÅ LiquidationRisk ÔÇ║ distanceToLiquidation ÔÇ║ should calculate distance for SHORT position

    expect(received).toBeCloseTo(expected, precision)

    Expected: 0.8
    Received: 0

    Expected precision:    4
    Expected difference: < 0.00005
    Received difference:   0.8

      61 |       // Distance = (60000 - 50000) / 50000 = 0.2 (20%)
      62 |       expect(risk.distanceToLiquidation).toBeCloseTo(0.2, 4);
    > 63 |       expect(risk.proximityToLiquidation).toBeCloseTo(0.8, 4); // 80% close
         |                                           ^
      64 |     });
      65 |
      66 |     it('should return 1 for invalid data', () => {

      at Object.<anonymous> (domain/value-objects/LiquidationRisk.spec.ts:63:43)

  ÔùÅ LiquidationRisk ÔÇ║ riskLevel ÔÇ║ should return SAFE when far from liquidation

    expect(received).toBeCloseTo(expected, precision)

    Expected: 0.2
    Received: 0

    Expected precision:    4
    Expected difference: < 0.00005
    Received difference:   0.2

      100 |       // Proximity = 1 - 0.8 = 0.2 (20% close) = SAFE
      101 |       expect(risk.distanceToLiquidation).toBeCloseTo(0.8, 4);
    > 102 |       expect(risk.proximityToLiquidation).toBeCloseTo(0.2, 4);
          |                                           ^
      103 |       expect(risk.riskLevel).toBe('SAFE');
      104 |     });
      105 |

      at Object.<anonymous> (domain/value-objects/LiquidationRisk.spec.ts:102:43)

  ÔùÅ LiquidationRisk ÔÇ║ riskLevel ÔÇ║ should return WARNING when 30-50% close

    expect(received).toBeCloseTo(expected, precision)

    Expected: 0.7
    Received: 0

    Expected precision:    4
    Expected difference: < 0.00005
    Received difference:   0.7

      123 |       // For WARNING (30-50% close), we need distance 50-70%
      124 |       // distance = 0.6 means proximity = 0.4 = WARNING
    > 125 |       expect(risk.proximityToLiquidation).toBeCloseTo(0.7, 4);
          |                                           ^
      126 |       expect(risk.riskLevel).toBe('CRITICAL'); // >= 0.7
      127 |     });
      128 |

      at Object.<anonymous> (domain/value-objects/LiquidationRisk.spec.ts:125:43)

  ÔùÅ LiquidationRisk ÔÇ║ riskLevel ÔÇ║ should return CRITICAL when >= 70% close

    expect(received).toBe(expected) // Object.is equality

    Expected: "CRITICAL"
    Received: "WARNING"

      141 |       });
      142 |
    > 143 |       expect(risk.riskLevel).toBe('CRITICAL');
          |                              ^
      144 |       expect(risk.shouldEmergencyClose(0.7)).toBe(true);
      145 |     });
      146 |   });

      at Object.<anonymous> (domain/value-objects/LiquidationRisk.spec.ts:143:30)

  ÔùÅ LiquidationRisk ÔÇ║ shouldEmergencyClose ÔÇ║ should return true when proximity >= threshold

    expect(received).toBe(expected) // Object.is equality

    Expected: true
    Received: false

      161 |       });
      162 |
    > 163 |       expect(risk.shouldEmergencyClose(0.7)).toBe(true);
          |                                              ^
      164 |       expect(risk.shouldEmergencyClose(0.9)).toBe(false);
      165 |     });
      166 |   });

      at Object.<anonymous> (domain/value-objects/LiquidationRisk.spec.ts:163:46)

FAIL src/domain/value-objects/ExchangeConfig.spec.ts
  ÔùÅ ExchangeConfig ÔÇ║ should return custom timeout

    expect(received).toBe(expected) // Object.is equality

    Expected: 60000
    Received: 30000

      103 |     );
      104 |
    > 105 |     expect(config.getTimeout()).toBe(60000);
          |                                 ^
      106 |   });
      107 | });
      108 |

      at Object.<anonymous> (domain/value-objects/ExchangeConfig.spec.ts:105:33)

FAIL src/domain/entities/DeltaNeutralPositionGroup.spec.ts
  ÔùÅ DeltaNeutralPositionGroup ÔÇ║ should detect non-delta-neutral positions

    expect(received).toBeCloseTo(expected, precision)

    Expected: 50
    Received: 33.33333333333333

    Expected precision:    1
    Expected difference: < 0.05
    Received difference:   16.66666666666667

      86 |
      87 |     expect(group.validateDeltaNeutrality()).toBe(false);
    > 88 |     expect(group.getDeltaDriftPercent()).toBeCloseTo(50, 1);
         |                                          ^
      89 |   });
      90 |
      91 |   it('should calculate net delta correctly', () => {

      at Object.<anonymous> (domain/entities/DeltaNeutralPositionGroup.spec.ts:88:42)

PASS src/domain/entities/BotState.spec.ts
PASS src/domain/value-objects/PerpOrder.spec.ts
PASS src/domain/services/PerpKeeperOrchestrator.hedgedclose.spec.ts
PASS src/domain/value-objects/MACD.spec.ts
PASS src/domain/value-objects/StrategyConfig.spec.ts
PASS src/domain/value-objects/SpotOrder.spec.ts
PASS src/domain/value-objects/Percentage.spec.ts
PASS src/domain/value-objects/PositionSize.spec.ts
PASS src/domain/entities/SpotPosition.spec.ts
PASS src/domain/entities/PerpPosition.spec.ts
PASS src/domain/common/Result.spec.ts
PASS src/domain/exceptions/DomainException.spec.ts
FAIL src/domain/resilience/Timeout.spec.ts
  ÔùÅ Test suite failed to run

    Your test suite must contain at least one test.

      at onResult (../../node_modules/.pnpm/@jest+core@30.2.0_ts-node@1_342ce7d31f6a77e18ecb12f1c8215d7a/node_modules/@
jest/core/build/index.js:1057:18)
      at ../../node_modules/.pnpm/@jest+core@30.2.0_ts-node@1_342ce7d31f6a77e18ecb12f1c8215d7a/node_modules/@jest/core/
build/index.js:1127:165
      at ../../node_modules/.pnpm/emittery@0.13.1/node_modules/emittery/index.js:363:13
          at Array.map (<anonymous>)
      at Emittery.emit (../../node_modules/.pnpm/emittery@0.13.1/node_modules/emittery/index.js:361:23)

FAIL src/domain/resilience/CircuitBreaker.spec.ts
  ÔùÅ Test suite failed to run

    Your test suite must contain at least one test.

      at onResult (../../node_modules/.pnpm/@jest+core@30.2.0_ts-node@1_342ce7d31f6a77e18ecb12f1c8215d7a/node_modules/@
jest/core/build/index.js:1057:18)
      at ../../node_modules/.pnpm/@jest+core@30.2.0_ts-node@1_342ce7d31f6a77e18ecb12f1c8215d7a/node_modules/@jest/core/
build/index.js:1127:165
      at ../../node_modules/.pnpm/emittery@0.13.1/node_modules/emittery/index.js:363:13
          at Array.map (<anonymous>)
      at Emittery.emit (../../node_modules/.pnpm/emittery@0.13.1/node_modules/emittery/index.js:361:23)

FAIL src/domain/observability/Tracing.spec.ts
  ÔùÅ Test suite failed to run

    Your test suite must contain at least one test.

      at onResult (../../node_modules/.pnpm/@jest+core@30.2.0_ts-node@1_342ce7d31f6a77e18ecb12f1c8215d7a/node_modules/@
jest/core/build/index.js:1057:18)
      at ../../node_modules/.pnpm/@jest+core@30.2.0_ts-node@1_342ce7d31f6a77e18ecb12f1c8215d7a/node_modules/@jest/core/
build/index.js:1127:165
      at ../../node_modules/.pnpm/emittery@0.13.1/node_modules/emittery/index.js:363:13
          at Array.map (<anonymous>)
      at Emittery.emit (../../node_modules/.pnpm/emittery@0.13.1/node_modules/emittery/index.js:361:23)

FAIL src/domain/observability/StructuredLogger.spec.ts
  ÔùÅ Test suite failed to run

    Your test suite must contain at least one test.

      at onResult (../../node_modules/.pnpm/@jest+core@30.2.0_ts-node@1_342ce7d31f6a77e18ecb12f1c8215d7a/node_modules/@
jest/core/build/index.js:1057:18)
      at ../../node_modules/.pnpm/@jest+core@30.2.0_ts-node@1_342ce7d31f6a77e18ecb12f1c8215d7a/node_modules/@jest/core/
build/index.js:1127:165
      at ../../node_modules/.pnpm/emittery@0.13.1/node_modules/emittery/index.js:363:13
          at Array.map (<anonymous>)
      at Emittery.emit (../../node_modules/.pnpm/emittery@0.13.1/node_modules/emittery/index.js:361:23)

FAIL src/domain/observability/Metrics.spec.ts
  ÔùÅ Test suite failed to run

    Your test suite must contain at least one test.

      at onResult (../../node_modules/.pnpm/@jest+core@30.2.0_ts-node@1_342ce7d31f6a77e18ecb12f1c8215d7a/node_modules/@
jest/core/build/index.js:1057:18)
      at ../../node_modules/.pnpm/@jest+core@30.2.0_ts-node@1_342ce7d31f6a77e18ecb12f1c8215d7a/node_modules/@jest/core/
build/index.js:1127:165
      at ../../node_modules/.pnpm/emittery@0.13.1/node_modules/emittery/index.js:363:13
          at Array.map (<anonymous>)
      at Emittery.emit (../../node_modules/.pnpm/emittery@0.13.1/node_modules/emittery/index.js:361:23)

[Nest] 49768  - 26/12/2025, 10:21:32    WARN [RetryPolicy] Attempt 1 failed, retrying in 10ms... Error: Network error
[Nest] 49768  - 26/12/2025, 10:21:32    WARN [RetryPolicy] Attempt 1 failed, retrying in 50ms... Error: Network error
[Nest] 49768  - 26/12/2025, 10:21:32    WARN [RetryPolicy] Attempt 2 failed, retrying in 100ms... Error: Network error
PASS src/domain/services/GarchService.spec.ts
[Nest] 52824  - 26/12/2025, 10:21:33   ERROR [StrategyOrchestrator] ÔØî [Failing] Fatal error: Network error
FAIL src/domain/strategies/FundingRateStrategy.spec.ts
  ÔùÅ FundingRateStrategy ÔÇ║ emergencyExit() ÔÇ║ should close all positions and return tx hash

    expect(received).toBe(expected) // Object.is equality

    Expected: "0xemergency789"
    Received: {"action": "emergency_exit", "executed": true, "reason": "Emergency exit triggered", "strategyName": 
"ETH Funding Rate", "txHash": "0xemergency789"}

      259 |       const txHash = await strategy.emergencyExit();
      260 |
    > 261 |       expect(txHash).toBe('0xemergency789');
          |                      ^
      262 |       expect(mockExecutor.closePosition).toHaveBeenCalledWith(
      263 |         defaultConfig.contractAddress,
      264 |       );

      at Object.<anonymous> (domain/strategies/FundingRateStrategy.spec.ts:261:22)

PASS src/domain/strategies/StrategyOrchestrator.spec.ts
PASS src/domain/services/StatisticalAnalyst.spec.ts
[Nest] 57220  - 26/12/2025, 10:21:32     LOG [FundingRateStrategy] Strategy ETH Funding Rate disabled
[Nest] 57220  - 26/12/2025, 10:21:32     LOG [FundingRateStrategy] Strategy ETH Funding Rate disabled
[Nest] 57220  - 26/12/2025, 10:21:32   DEBUG [FundingRateStrategy] [ETH Funding Rate] Funding: 0.0500% | Predicted: 0.0400% | Position: none 0.0000 | Equity: $10000.00
[Nest] 57220  - 26/12/2025, 10:21:32     LOG [FundingRateStrategy] [ETH Funding Rate] Opening OPEN_SHORT: Rate=0.0500%, Size=$10000.00 (3.3333 ETH)
[Nest] 57220  - 26/12/2025, 10:21:32   DEBUG [FundingRateStrategy] [ETH Funding Rate] Funding: -0.0500% | Predicted: -0.0400% | Position: none 0.0000 | Equity: $10000.00
[Nest] 57220  - 26/12/2025, 10:21:32     LOG [FundingRateStrategy] [ETH Funding Rate] Opening OPEN_LONG: Rate=-0.0500%, Size=$10000.00 (3.3333 ETH)
[Nest] 57220  - 26/12/2025, 10:21:32   DEBUG [FundingRateStrategy] [ETH Funding Rate] Funding: 0.0050% | Predicted: 0.0040% | Position: none 0.0000 | Equity: $10000.00
[Nest] 57220  - 26/12/2025, 10:21:32   DEBUG [FundingRateStrategy] [ETH Funding Rate] Funding: 0.0500% | Predicted: 0.0400% | Position: short 1000.0000 | Equity: $10000.00
[Nest] 57220  - 26/12/2025, 10:21:32   DEBUG [FundingRateStrategy] [ETH Funding Rate] Funding: -0.0080% | Predicted: -0.0060% | Position: short 1000.0000 | Equity: $10000.00
[Nest] 57220  - 26/12/2025, 10:21:32     LOG [FundingRateStrategy] [ETH Funding Rate] Closing position: Rate unfavorable at -0.0080%
[Nest] 57220  - 26/12/2025, 10:21:32   DEBUG [FundingRateStrategy] [ETH Funding Rate] Funding: -0.0800% | Predicted: -0.0700% | Position: short 1000.0000 | Equity: $10000.00
[Nest] 57220  - 26/12/2025, 10:21:32     LOG [FundingRateStrategy] [ETH Funding Rate] Flipping position: Rate reversed to -0.0800%
[Nest] 57220  - 26/12/2025, 10:21:33    WARN [FundingRateStrategy] [ETH Funding Rate] EMERGENCY EXIT triggered
[Nest] 52824  - 26/12/2025, 10:21:33     LOG [StrategyOrchestrator] Ô£à Registered strategy: Funding Rate ETH (Chain: 999, Address: 0xFunding1)
[Nest] 52824  - 26/12/2025, 10:21:33     LOG [StrategyOrchestrator] Ô£à Registered strategy: Funding Rate ETH (Chain: 999, Address: 0xFunding1)
[Nest] 52824  - 26/12/2025, 10:21:33     LOG [StrategyOrchestrator] Ô£à Registered strategy: LP ETH/USDC (Chain: 8453, Address: 0xLP1)
[Nest] 52824  - 26/12/2025, 10:21:33     LOG [StrategyOrchestrator] Ô£à Registered strategy: Funding Rate BTC (Chain: 999, Address: 0xFunding2)
[Nest] 52824  - 26/12/2025, 10:21:33     LOG [StrategyOrchestrator] Ô£à Registered strategy: Funding Rate ETH (Chain: 999, Address: 0xFunding1)
[Nest] 52824  - 26/12/2025, 10:21:33    WARN [StrategyOrchestrator] Strategy 0xFunding1 already registered. Skipping duplicate "Duplicate"
[Nest] 52824  - 26/12/2025, 10:21:33     LOG [StrategyOrchestrator] Ô£à Registered strategy: Funding Rate ETH (Chain: 999, Address: 0xFunding1)
[Nest] 52824  - 26/12/2025, 10:21:33     LOG [StrategyOrchestrator] Ô£à Registered strategy: LP ETH/USDC (Chain: 8453, Address: 0xLP1)
[Nest] 52824  - 26/12/2025, 10:21:33     LOG [StrategyOrchestrator] Unregistered strategy: Funding Rate ETH
[Nest] 52824  - 26/12/2025, 10:21:33     LOG [StrategyOrchestrator] Ô£à Registered strategy: Funding Rate ETH (Chain: 999, Address: 0xFunding1)
[Nest] 52824  - 26/12/2025, 10:21:33     LOG [StrategyOrchestrator] Ô£à Registered strategy: LP ETH/USDC (Chain: 8453, Address: 0xLP1)
[Nest] 52824  - 26/12/2025, 10:21:33     LOG [StrategyOrchestrator] Ô£à Registered strategy: Funding Rate BTC (Chain: 999, Address: 0xFunding2)
[Nest] 52824  - 26/12/2025, 10:21:33     LOG [StrategyOrchestrator] 
[Nest] 52824  - 26/12/2025, 10:21:33     LOG [StrategyOrchestrator] ­ƒöä ÔòÉÔòÉÔòÉÔòÉÔòÉÔòÉÔòÉÔòÉÔòÉÔòÉÔòÉÔòÉÔòÉÔòÉÔòÉÔòÉÔòÉÔòÉÔòÉÔòÉÔòÉÔòÉÔòÉÔòÉÔòÉÔòÉÔòÉÔòÉÔòÉÔòÉÔòÉÔòÉÔòÉÔòÉÔòÉÔòÉÔòÉÔòÉÔòÉÔòÉÔòÉÔòÉÔòÉÔòÉÔòÉÔòÉÔòÉÔòÉÔòÉÔòÉÔòÉÔòÉÔòÉÔòÉÔòÉÔòÉÔòÉÔòÉÔòÉ
[Nest] 52824  - 26/12/2025, 10:21:33     LOG [StrategyOrchestrator] ­ƒöä Executing 3 strategies...
[Nest] 52824  - 26/12/2025, 10:21:33     LOG [StrategyOrchestrator] ­ƒöä ÔòÉÔòÉÔòÉÔòÉÔòÉÔòÉÔòÉÔòÉÔòÉÔòÉÔòÉÔòÉÔòÉÔòÉÔòÉÔòÉÔòÉÔòÉÔòÉÔòÉÔòÉÔòÉÔòÉÔòÉÔòÉÔòÉÔòÉÔòÉÔòÉÔòÉÔòÉÔòÉÔòÉÔòÉÔòÉÔòÉÔòÉÔòÉÔòÉÔòÉÔòÉÔòÉÔòÉÔòÉÔòÉÔòÉÔòÉÔòÉÔòÉÔòÉÔòÉÔòÉÔòÉÔòÉÔòÉÔòÉÔòÉÔòÉÔòÉ
[Nest] 52824  - 26/12/2025, 10:21:33   DEBUG [StrategyOrchestrator] No data aggregator configured, using empty context
[Nest] 52824  - 26/12/2025, 10:21:33     LOG [StrategyOrchestrator] ­ƒôè Market data fetched: 0 funding, 0 prices, 0 vol
[Nest] 52824  - 26/12/2025, 10:21:33     LOG [StrategyOrchestrator] 
­ƒôè [Funding Rate ETH] Starting execution...
[Nest] 52824  - 26/12/2025, 10:21:33     LOG [StrategyOrchestrator]    Ô£à EXECUTED | Action: OPEN_SHORT | Positive funding (0ms)
[Nest] 52824  - 26/12/2025, 10:21:33     LOG [StrategyOrchestrator] 
­ƒôè [LP ETH/USDC] Starting execution...
[Nest] 52824  - 26/12/2025, 10:21:33     LOG [StrategyOrchestrator]    ÔÅ©´©Å  SKIPPED | Action: HOLD | In range (0ms)
[Nest] 52824  - 26/12/2025, 10:21:33     LOG [StrategyOrchestrator] 
­ƒôè [Funding Rate BTC] Starting execution...
[Nest] 52824  - 26/12/2025, 10:21:33     LOG [StrategyOrchestrator]    Ô£à EXECUTED | Action: CLOSE_POSITION | Rate flipped (0ms)
[Nest] 52824  - 26/12/2025, 10:21:33     LOG [StrategyOrchestrator] 
[Nest] 52824  - 26/12/2025, 10:21:33     LOG [StrategyOrchestrator] ­ƒôï ÔòÉÔòÉÔòÉÔòÉÔòÉÔòÉÔòÉÔòÉÔòÉÔòÉÔòÉÔòÉÔòÉÔòÉÔòÉÔòÉÔòÉÔòÉÔòÉÔòÉÔòÉÔòÉÔòÉÔòÉÔòÉÔòÉÔòÉÔòÉÔòÉÔòÉÔòÉÔòÉÔòÉÔòÉÔòÉÔòÉÔòÉÔòÉÔòÉÔòÉÔòÉÔòÉÔòÉÔòÉÔòÉÔòÉÔòÉÔòÉÔòÉÔòÉÔòÉÔòÉÔòÉÔòÉÔòÉÔòÉÔòÉÔòÉÔòÉ
[Nest] 52824  - 26/12/2025, 10:21:33     LOG [StrategyOrchestrator] ­ƒôï Summary: 2 executed, 1 skipped, 0 errors
[Nest] 52824  - 26/12/2025, 10:21:33     LOG [StrategyOrchestrator] ­ƒôï ÔòÉÔòÉÔòÉÔòÉÔòÉÔòÉÔòÉÔòÉÔòÉÔòÉÔòÉÔòÉÔòÉÔòÉÔòÉÔòÉÔòÉÔòÉÔòÉÔòÉÔòÉÔòÉÔòÉÔòÉÔòÉÔòÉÔòÉÔòÉÔòÉÔòÉÔòÉÔòÉÔòÉÔòÉÔòÉÔòÉÔòÉÔòÉÔòÉÔòÉÔòÉÔòÉÔòÉÔòÉÔòÉÔòÉÔòÉÔòÉÔòÉÔòÉÔòÉÔòÉÔòÉÔòÉÔòÉÔòÉÔòÉÔòÉÔòÉ
[Nest] 52824  - 26/12/2025, 10:21:33     LOG [StrategyOrchestrator] 
[Nest] 52824  - 26/12/2025, 10:21:33     LOG [StrategyOrchestrator] Ô£à Registered strategy: Funding Rate ETH (Chain: 999, Address: 0xFunding1)
[Nest] 52824  - 26/12/2025, 10:21:33     LOG [StrategyOrchestrator] Ô£à Registered strategy: LP ETH/USDC (Chain: 8453, Address: 0xLP1)
[Nest] 52824  - 26/12/2025, 10:21:33     LOG [StrategyOrchestrator] 
[Nest] 52824  - 26/12/2025, 10:21:33     LOG [StrategyOrchestrator] ­ƒöä ÔòÉÔòÉÔòÉÔòÉÔòÉÔòÉÔòÉÔòÉÔòÉÔòÉÔòÉÔòÉÔòÉÔòÉÔòÉÔòÉÔòÉÔòÉÔòÉÔòÉÔòÉÔòÉÔòÉÔòÉÔòÉÔòÉÔòÉÔòÉÔòÉÔòÉÔòÉÔòÉÔòÉÔòÉÔòÉÔòÉÔòÉÔòÉÔòÉÔòÉÔòÉÔòÉÔòÉÔòÉÔòÉÔòÉÔòÉÔòÉÔòÉÔòÉÔòÉÔòÉÔòÉÔòÉÔòÉÔòÉÔòÉÔòÉÔòÉ
[Nest] 52824  - 26/12/2025, 10:21:33     LOG [StrategyOrchestrator] ­ƒöä Executing 2 strategies...
[Nest] 52824  - 26/12/2025, 10:21:33     LOG [StrategyOrchestrator] ­ƒöä ÔòÉÔòÉÔòÉÔòÉÔòÉÔòÉÔòÉÔòÉÔòÉÔòÉÔòÉÔòÉÔòÉÔòÉÔòÉÔòÉÔòÉÔòÉÔòÉÔòÉÔòÉÔòÉÔòÉÔòÉÔòÉÔòÉÔòÉÔòÉÔòÉÔòÉÔòÉÔòÉÔòÉÔòÉÔòÉÔòÉÔòÉÔòÉÔòÉÔòÉÔòÉÔòÉÔòÉÔòÉÔòÉÔòÉÔòÉÔòÉÔòÉÔòÉÔòÉÔòÉÔòÉÔòÉÔòÉÔòÉÔòÉÔòÉÔòÉ
[Nest] 52824  - 26/12/2025, 10:21:33   DEBUG [StrategyOrchestrator] No data aggregator configured, using empty context
[Nest] 52824  - 26/12/2025, 10:21:33     LOG [StrategyOrchestrator] ­ƒôè Market data fetched: 0 funding, 0 prices, 0 vol
[Nest] 52824  - 26/12/2025, 10:21:33     LOG [StrategyOrchestrator] 
­ƒôè [Funding Rate ETH] Starting execution...
[Nest] 52824  - 26/12/2025, 10:21:33     LOG [StrategyOrchestrator]    Ô£à EXECUTED | Action: OPEN_SHORT | Positive funding (0ms)
[Nest] 52824  - 26/12/2025, 10:21:33     LOG [StrategyOrchestrator] 
­ƒôè [LP ETH/USDC] Starting execution...
[Nest] 52824  - 26/12/2025, 10:21:33     LOG [StrategyOrchestrator]    ÔÅ©´©Å  SKIPPED | Action: HOLD | In range (0ms)
[Nest] 52824  - 26/12/2025, 10:21:33     LOG [StrategyOrchestrator] 
[Nest] 52824  - 26/12/2025, 10:21:33     LOG [StrategyOrchestrator] ­ƒôï ÔòÉÔòÉÔòÉÔòÉÔòÉÔòÉÔòÉÔòÉÔòÉÔòÉÔòÉÔòÉÔòÉÔòÉÔòÉÔòÉÔòÉÔòÉÔòÉÔòÉÔòÉÔòÉÔòÉÔòÉÔòÉÔòÉÔòÉÔòÉÔòÉÔòÉÔòÉÔòÉÔòÉÔòÉÔòÉÔòÉÔòÉÔòÉÔòÉÔòÉÔòÉÔòÉÔòÉÔòÉÔòÉÔòÉÔòÉÔòÉÔòÉÔòÉÔòÉÔòÉÔòÉÔòÉÔòÉÔòÉÔòÉÔòÉÔòÉ
[Nest] 52824  - 26/12/2025, 10:21:33     LOG [StrategyOrchestrator] ­ƒôï Summary: 1 executed, 1 skipped, 0 errors
[Nest] 52824  - 26/12/2025, 10:21:33     LOG [StrategyOrchestrator] ­ƒôï ÔòÉÔòÉÔòÉÔòÉÔòÉÔòÉÔòÉÔòÉÔòÉÔòÉÔòÉÔòÉÔòÉÔòÉÔòÉÔòÉÔòÉÔòÉÔòÉÔòÉÔòÉÔòÉÔòÉÔòÉÔòÉÔòÉÔòÉÔòÉÔòÉÔòÉÔòÉÔòÉÔòÉÔòÉÔòÉÔòÉÔòÉÔòÉÔòÉÔòÉÔòÉÔòÉÔòÉÔòÉÔòÉÔòÉÔòÉÔòÉÔòÉÔòÉÔòÉÔòÉÔòÉÔòÉÔòÉÔòÉÔòÉÔòÉÔòÉ
[Nest] 52824  - 26/12/2025, 10:21:33     LOG [StrategyOrchestrator] 
[Nest] 52824  - 26/12/2025, 10:21:33     LOG [StrategyOrchestrator] Ô£à Registered strategy: Failing (Chain: 999, Address: 0xFail)
[Nest] 52824  - 26/12/2025, 10:21:33     LOG [StrategyOrchestrator] Ô£à Registered strategy: LP ETH/USDC (Chain: 8453, Address: 0xLP1)
[Nest] 52824  - 26/12/2025, 10:21:33     LOG [StrategyOrchestrator] 
[Nest] 52824  - 26/12/2025, 10:21:33     LOG [StrategyOrchestrator] ­ƒöä ÔòÉÔòÉÔòÉÔòÉÔòÉÔòÉÔòÉÔòÉÔòÉÔòÉÔòÉÔòÉÔòÉÔòÉÔòÉÔòÉÔòÉÔòÉÔòÉÔòÉÔòÉÔòÉÔòÉÔòÉÔòÉÔòÉÔòÉÔòÉÔòÉÔòÉÔòÉÔòÉÔòÉÔòÉÔòÉÔòÉÔòÉÔòÉÔòÉÔòÉÔòÉÔòÉÔòÉÔòÉÔòÉÔòÉÔòÉÔòÉÔòÉÔòÉÔòÉÔòÉÔòÉÔòÉÔòÉÔòÉÔòÉÔòÉÔòÉ
[Nest] 52824  - 26/12/2025, 10:21:33     LOG [StrategyOrchestrator] ­ƒöä Executing 2 strategies...
[Nest] 52824  - 26/12/2025, 10:21:33     LOG [StrategyOrchestrator] ­ƒöä ÔòÉÔòÉÔòÉÔòÉÔòÉÔòÉÔòÉÔòÉÔòÉÔòÉÔòÉÔòÉÔòÉÔòÉÔòÉÔòÉÔòÉÔòÉÔòÉÔòÉÔòÉÔòÉÔòÉÔòÉÔòÉÔòÉÔòÉÔòÉÔòÉÔòÉÔòÉÔòÉÔòÉÔòÉÔòÉÔòÉÔòÉÔòÉÔòÉÔòÉÔòÉÔòÉÔòÉÔòÉÔòÉÔòÉÔòÉÔòÉÔòÉÔòÉÔòÉÔòÉÔòÉÔòÉÔòÉÔòÉÔòÉÔòÉÔòÉ
[Nest] 52824  - 26/12/2025, 10:21:33   DEBUG [StrategyOrchestrator] No data aggregator configured, using empty context
[Nest] 52824  - 26/12/2025, 10:21:33     LOG [StrategyOrchestrator] ­ƒôè Market data fetched: 0 funding, 0 prices, 0 vol
[Nest] 52824  - 26/12/2025, 10:21:33     LOG [StrategyOrchestrator] 
­ƒôè [Failing] Starting execution...
[Nest] 52824  - 26/12/2025, 10:21:33     LOG [StrategyOrchestrator] 
­ƒôè [LP ETH/USDC] Starting execution...
[Nest] 52824  - 26/12/2025, 10:21:33     LOG [StrategyOrchestrator]    ÔÅ©´©Å  SKIPPED | Action: HOLD | In range (0ms)
[Nest] 52824  - 26/12/2025, 10:21:33     LOG [StrategyOrchestrator] 
[Nest] 52824  - 26/12/2025, 10:21:33     LOG [StrategyOrchestrator] ­ƒôï ÔòÉÔòÉÔòÉÔòÉÔòÉÔòÉÔòÉÔòÉÔòÉÔòÉÔòÉÔòÉÔòÉÔòÉÔòÉÔòÉÔòÉÔòÉÔòÉÔòÉÔòÉÔòÉÔòÉÔòÉÔòÉÔòÉÔòÉÔòÉÔòÉÔòÉÔòÉÔòÉÔòÉÔòÉÔòÉÔòÉÔòÉÔòÉÔòÉÔòÉÔòÉÔòÉÔòÉÔòÉÔòÉÔòÉÔòÉÔòÉÔòÉÔòÉÔòÉÔòÉÔòÉÔòÉÔòÉÔòÉÔòÉÔòÉÔòÉ
[Nest] 52824  - 26/12/2025, 10:21:33     LOG [StrategyOrchestrator] ­ƒôï Summary: 0 executed, 1 skipped, 1 errors
[Nest] 52824  - 26/12/2025, 10:21:33     LOG [StrategyOrchestrator] ­ƒôï ÔòÉÔòÉÔòÉÔòÉÔòÉÔòÉÔòÉÔòÉÔòÉÔòÉÔòÉÔòÉÔòÉÔòÉÔòÉÔòÉÔòÉÔòÉÔòÉÔòÉÔòÉÔòÉÔòÉÔòÉÔòÉÔòÉÔòÉÔòÉÔòÉÔòÉÔòÉÔòÉÔòÉÔòÉÔòÉÔòÉÔòÉÔòÉÔòÉÔòÉÔòÉÔòÉÔòÉÔòÉÔòÉÔòÉÔòÉÔòÉÔòÉÔòÉÔòÉÔòÉÔòÉÔòÉÔòÉÔòÉÔòÉÔòÉÔòÉ
[Nest] 52824  - 26/12/2025, 10:21:33     LOG [StrategyOrchestrator] 
[Nest] 52824  - 26/12/2025, 10:21:33     LOG [StrategyOrchestrator] Ô£à Registered strategy: Funding Rate ETH (Chain: 999, Address: 0xFunding1)
[Nest] 52824  - 26/12/2025, 10:21:33     LOG [StrategyOrchestrator] Ô£à Registered strategy: LP ETH/USDC (Chain: 8453, Address: 0xLP1)
[Nest] 52824  - 26/12/2025, 10:21:33     LOG [StrategyOrchestrator] 
[Nest] 52824  - 26/12/2025, 10:21:33     LOG [StrategyOrchestrator] ­ƒöä ÔòÉÔòÉÔòÉÔòÉÔòÉÔòÉÔòÉÔòÉÔòÉÔòÉÔòÉÔòÉÔòÉÔòÉÔòÉÔòÉÔòÉÔòÉÔòÉÔòÉÔòÉÔòÉÔòÉÔòÉÔòÉÔòÉÔòÉÔòÉÔòÉÔòÉÔòÉÔòÉÔòÉÔòÉÔòÉÔòÉÔòÉÔòÉÔòÉÔòÉÔòÉÔòÉÔòÉÔòÉÔòÉÔòÉÔòÉÔòÉÔòÉÔòÉÔòÉÔòÉÔòÉÔòÉÔòÉÔòÉÔòÉÔòÉÔòÉ
[Nest] 52824  - 26/12/2025, 10:21:33     LOG [StrategyOrchestrator] ­ƒöä Executing 2 strategies...
[Nest] 52824  - 26/12/2025, 10:21:33     LOG [StrategyOrchestrator] ­ƒöä ÔòÉÔòÉÔòÉÔòÉÔòÉÔòÉÔòÉÔòÉÔòÉÔòÉÔòÉÔòÉÔòÉÔòÉÔòÉÔòÉÔòÉÔòÉÔòÉÔòÉÔòÉÔòÉÔòÉÔòÉÔòÉÔòÉÔòÉÔòÉÔòÉÔòÉÔòÉÔòÉÔòÉÔòÉÔòÉÔòÉÔòÉÔòÉÔòÉÔòÉÔòÉÔòÉÔòÉÔòÉÔòÉÔòÉÔòÉÔòÉÔòÉÔòÉÔòÉÔòÉÔòÉÔòÉÔòÉÔòÉÔòÉÔòÉÔòÉ
[Nest] 52824  - 26/12/2025, 10:21:33   DEBUG [StrategyOrchestrator] No data aggregator configured, using empty context
[Nest] 52824  - 26/12/2025, 10:21:33     LOG [StrategyOrchestrator] ­ƒôè Market data fetched: 0 funding, 0 prices, 0 vol
[Nest] 52824  - 26/12/2025, 10:21:33     LOG [StrategyOrchestrator] 
­ƒôè [LP ETH/USDC] Starting execution...
[Nest] 52824  - 26/12/2025, 10:21:33     LOG [StrategyOrchestrator]    ÔÅ©´©Å  SKIPPED | Action: HOLD | In range (0ms)
[Nest] 52824  - 26/12/2025, 10:21:33     LOG [StrategyOrchestrator] 
[Nest] 52824  - 26/12/2025, 10:21:33     LOG [StrategyOrchestrator] ­ƒôï ÔòÉÔòÉÔòÉÔòÉÔòÉÔòÉÔòÉÔòÉÔòÉÔòÉÔòÉÔòÉÔòÉÔòÉÔòÉÔòÉÔòÉÔòÉÔòÉÔòÉÔòÉÔòÉÔòÉÔòÉÔòÉÔòÉÔòÉÔòÉÔòÉÔòÉÔòÉÔòÉÔòÉÔòÉÔòÉÔòÉÔòÉÔòÉÔòÉÔòÉÔòÉÔòÉÔòÉÔòÉÔòÉÔòÉÔòÉÔòÉÔòÉÔòÉÔòÉÔòÉÔòÉÔòÉÔòÉÔòÉÔòÉÔòÉÔòÉ
[Nest] 52824  - 26/12/2025, 10:21:33     LOG [StrategyOrchestrator] ­ƒôï Summary: 0 executed, 2 skipped, 0 errors
[Nest] 52824  - 26/12/2025, 10:21:33     LOG [StrategyOrchestrator] ­ƒôï ÔòÉÔòÉÔòÉÔòÉÔòÉÔòÉÔòÉÔòÉÔòÉÔòÉÔòÉÔòÉÔòÉÔòÉÔòÉÔòÉÔòÉÔòÉÔòÉÔòÉÔòÉÔòÉÔòÉÔòÉÔòÉÔòÉÔòÉÔòÉÔòÉÔòÉÔòÉÔòÉÔòÉÔòÉÔòÉÔòÉÔòÉÔòÉÔòÉÔòÉÔòÉÔòÉÔòÉÔòÉÔòÉÔòÉÔòÉÔòÉÔòÉÔòÉÔòÉÔòÉÔòÉÔòÉÔòÉÔòÉÔòÉÔòÉÔòÉ
[Nest] 52824  - 26/12/2025, 10:21:33     LOG [StrategyOrchestrator] 
[Nest] 52824  - 26/12/2025, 10:21:33     LOG [StrategyOrchestrator] Ô£à Registered strategy: Funding Rate ETH (Chain: 999, Address: 0xFunding1)
[Nest] 52824  - 26/12/2025, 10:21:33     LOG [StrategyOrchestrator] Ô£à Registered strategy: LP ETH/USDC (Chain: 8453, Address: 0xLP1)
[Nest] 52824  - 26/12/2025, 10:21:33     LOG [StrategyOrchestrator] Ô£à Registered strategy: Funding Rate BTC (Chain: 999, Address: 0xFunding2)
[Nest] 52824  - 26/12/2025, 10:21:33     LOG [StrategyOrchestrator] Executing 2 strategies on chain 999
[Nest] 52824  - 26/12/2025, 10:21:33   DEBUG [StrategyOrchestrator] No data aggregator configured, using empty context
[Nest] 52824  - 26/12/2025, 10:21:33     LOG [StrategyOrchestrator] 
­ƒôè [Funding Rate ETH] Starting execution...
[Nest] 52824  - 26/12/2025, 10:21:33     LOG [StrategyOrchestrator]    Ô£à EXECUTED | Action: OPEN_SHORT | Positive funding (0ms)
[Nest] 52824  - 26/12/2025, 10:21:33     LOG [StrategyOrchestrator] 
­ƒôè [Funding Rate BTC] Starting execution...
[Nest] 52824  - 26/12/2025, 10:21:33     LOG [StrategyOrchestrator]    Ô£à EXECUTED | Action: CLOSE_POSITION | Rate flipped (0ms)
[Nest] 52824  - 26/12/2025, 10:21:33     LOG [StrategyOrchestrator] Ô£à Registered strategy: Funding Rate ETH (Chain: 999, Address: 0xFunding1)
[Nest] 52824  - 26/12/2025, 10:21:33     LOG [StrategyOrchestrator] Ô£à Registered strategy: LP ETH/USDC (Chain: 8453, Address: 0xLP1)
[Nest] 52824  - 26/12/2025, 10:21:33     LOG [StrategyOrchestrator] Ô£à Registered strategy: Funding Rate ETH (Chain: 999, Address: 0xFunding1)
[Nest] 52824  - 26/12/2025, 10:21:33     LOG [StrategyOrchestrator] Ô£à Registered strategy: Funding Rate ETH (Chain: 999, Address: 0xFunding1)
[Nest] 52824  - 26/12/2025, 10:21:33     LOG [StrategyOrchestrator] Ô£à Registered strategy: LP ETH/USDC (Chain: 8453, Address: 0xLP1)
[Nest] 52824  - 26/12/2025, 10:21:33    WARN [StrategyOrchestrator] ­ƒÜ¿ EMERGENCY EXIT ALL STRATEGIES
[Nest] 52824  - 26/12/2025, 10:21:33     LOG [StrategyOrchestrator] Ô£à [Funding Rate ETH] Emergency exit: undefined
[Nest] 52824  - 26/12/2025, 10:21:33     LOG [StrategyOrchestrator] Ô£à [LP ETH/USDC] Emergency exit: undefined
[Nest] 52824  - 26/12/2025, 10:21:33     LOG [StrategyOrchestrator] Ô£à Registered strategy: Funding Rate ETH (Chain: 999, Address: 0xFunding1)
[Nest] 52824  - 26/12/2025, 10:21:33     LOG [StrategyOrchestrator] Ô£à Registered strategy: LP ETH/USDC (Chain: 8453, Address: 0xLP1)
[Nest] 49768  - 26/12/2025, 10:21:33    WARN [RetryPolicy] Attempt 1 failed, retrying in 50ms... Error: Network error
[Nest] 49768  - 26/12/2025, 10:21:33    WARN [RetryPolicy] Attempt 2 failed, retrying in 100ms... Error: Network error
[Nest] 37372  - 26/12/2025, 10:21:33   ERROR [UnifiedExecutionService] Slice 1 exception: API Error
[Nest] 37372  - 26/12/2025, 10:21:33   ERROR [UnifiedExecutionService] ƒÜ¿ CRITICAL: Significant imbalance of $3000.50 
detected!
PASS src/domain/services/execution/UnifiedExecutionService.spec.ts
[Nest] 13068  - 26/12/2025, 10:21:33   ERROR [PerpSpotExecutionPlanBuilder] Failed to build perp-spot execution plan: 
spotAdapter.getSpotPrice is not a function
[Nest] 13068  - 26/12/2025, 10:21:33   ERROR [PerpSpotExecutionPlanBuilder] Failed to build perp-spot execution plan: 
spotAdapter.getSpotPrice is not a function
[Nest] 13068  - 26/12/2025, 10:21:33   ERROR [PerpSpotExecutionPlanBuilder] Failed to build perp-spot execution plan: 
spotAdapter.getSpotPrice is not a function
[Nest] 13068  - 26/12/2025, 10:21:33   ERROR [PerpSpotExecutionPlanBuilder] Failed to build perp-spot execution plan: 
spotAdapter.getSpotPrice is not a function
FAIL src/domain/services/strategy-rules/PerpSpotExecutionPlanBuilder.spec.ts
  ÔùÅ PerpSpotExecutionPlanBuilder ÔÇ║ buildExecutionPlan ÔÇ║ should build execution plan for positive funding (Long 
spot + Short perp)

    expect(received).toBe(expected) // Object.is equality

    Expected: true
    Received: false

      84 |       );
      85 |
    > 86 |       expect(result.isSuccess).toBe(true);
         |                                ^
      87 |       if (result.isSuccess) {
      88 |         const plan = result.value;
      89 |         expect(plan.opportunity).toBe(opportunity);

      at Object.<anonymous> (domain/services/strategy-rules/PerpSpotExecutionPlanBuilder.spec.ts:86:32)

  ÔùÅ PerpSpotExecutionPlanBuilder ÔÇ║ buildExecutionPlan ÔÇ║ should build execution plan for negative funding (Short 
spot + Long perp)

    expect(received).toBe(expected) // Object.is equality

    Expected: true
    Received: false

      121 |       );
      122 |
    > 123 |       expect(result.isSuccess).toBe(true);
          |                                ^
      124 |       if (result.isSuccess) {
      125 |         const plan = result.value;
      126 |         expect(plan.perpOrder.side).toBe(OrderSide.LONG); // Long perp to receive funding

      at Object.<anonymous> (domain/services/strategy-rules/PerpSpotExecutionPlanBuilder.spec.ts:123:32)

  ÔùÅ PerpSpotExecutionPlanBuilder ÔÇ║ buildExecutionPlan ÔÇ║ should calculate position size based on available 
balances

    expect(received).toBe(expected) // Object.is equality

    Expected: true
    Received: false

      218 |       );
      219 |
    > 220 |       expect(result.isSuccess).toBe(true);
          |                                ^
      221 |       if (result.isSuccess) {
      222 |         const plan = result.value;
      223 |         // Position size should be constrained by perp capacity: 500 * 2 = 1000

      at Object.<anonymous> (domain/services/strategy-rules/PerpSpotExecutionPlanBuilder.spec.ts:220:32)

FAIL src/domain/services/strategy-rules/CostCalculator.spec.ts
  ÔùÅ CostCalculator ÔÇ║ predictFundingRateImpact ÔÇ║ should predict moderate impact for medium positions (1-5% of OI)

    expect(received).toBeLessThan(expected)

    Expected: < 0.00001
    Received:   0.00003

      199 |       // Should be moderate (1-5% of current rate)
      200 |       expect(Math.abs(impact)).toBeGreaterThan(currentFundingRate * 0.01);
    > 201 |       expect(Math.abs(impact)).toBeLessThan(currentFundingRate * 0.1);
          |                                ^
      202 |     });
      203 |
      204 |     it('should cap impact at 10% of current rate', () => {

      at Object.<anonymous> (domain/services/strategy-rules/CostCalculator.spec.ts:201:32)

  ÔùÅ CostCalculator ÔÇ║ predictFundingRateImpact ÔÇ║ should cap impact at 10% of current rate

    expect(received).toBeLessThanOrEqual(expected)

    Expected: <= 0.00001
    Received:    0.0001

      214 |
      215 |       // Should be capped at 10% of current rate
    > 216 |       expect(Math.abs(impact)).toBeLessThanOrEqual(currentFundingRate * 0.1);
          |                                ^
      217 |     });
      218 |
      219 |     it('should scale impact with position size (square root model)', () => {

      at Object.<anonymous> (domain/services/strategy-rules/CostCalculator.spec.ts:216:32)

  ÔùÅ CostCalculator ÔÇ║ predictFundingRateImpact ÔÇ║ should scale impact with position size (square root model)

    expect(received).toBeLessThan(expected)

    Expected: < 0.00004
    Received:   0.00004

      235 |       // Impact should increase but not linearly (square root model)
      236 |       expect(Math.abs(impact4)).toBeGreaterThan(Math.abs(impact1));
    > 237 |       expect(Math.abs(impact4)).toBeLessThan(Math.abs(impact1) * 4); // Less than 4x
          |                                 ^
      238 |     });
      239 |   });
      240 |

      at Object.<anonymous> (domain/services/strategy-rules/CostCalculator.spec.ts:237:33)

FAIL src/domain/services/strategy-rules/PositionManager.spec.ts
  ÔùÅ PositionManager ÔÇ║ getAllPositions ÔÇ║ should aggregate positions from all exchanges

    Nest can't resolve dependencies of the PositionManager (StrategyConfig, [object Object], ?). Please make sure that 
the argument "IPerpKeeperPerformanceLogger" at index [2] is available in the RootTestModule context.

    Potential solutions:
    - Is RootTestModule a valid NestJS module?
    - If "IPerpKeeperPerformanceLogger" is a provider, is it part of the current RootTestModule?
    - If "IPerpKeeperPerformanceLogger" is exported from a separate @Module, is that module imported within 
RootTestModule?
      @Module({
        imports: [ /* the Module containing "IPerpKeeperPerformanceLogger" */ ]
      })

    For more common dependency resolution issues, see: https://docs.nestjs.com/faq/common-errors

      59 |     mockAdapters.set(ExchangeType.LIGHTER, lighterAdapter);
      60 |
    > 61 |     const module: TestingModule = await Test.createTestingModule({
         |                                   ^
      62 |       providers: [
      63 |         PositionManager,
      64 |         { provide: StrategyConfig, useValue: config },

      at TestingInjector.lookupComponentInParentModules (../../node_modules/.pnpm/@nestjs+core@11.1.9_@nestjs_e6e9c70d3
51bb0b87e2f9c662f5e6e83/node_modules/@nestjs/core/injector/injector.js:286:19)
      at TestingInjector.resolveComponentWrapper (../../node_modules/.pnpm/@nestjs+testing@11.1.9_@nes_bfc4e50d3c184e59
97a9deea5c75bc87/node_modules/@nestjs/testing/testing-injector.js:19:45)
      at resolveParam (../../node_modules/.pnpm/@nestjs+core@11.1.9_@nestjs_e6e9c70d351bb0b87e2f9c662f5e6e83/node_modul
es/@nestjs/core/injector/injector.js:140:38)
          at async Promise.all (index 2)
      at TestingInjector.resolveConstructorParams (../../node_modules/.pnpm/@nestjs+core@11.1.9_@nestjs_e6e9c70d351bb0b
87e2f9c662f5e6e83/node_modules/@nestjs/core/injector/injector.js:169:27)
      at TestingInjector.loadInstance (../../node_modules/.pnpm/@nestjs+core@11.1.9_@nestjs_e6e9c70d351bb0b87e2f9c662f5
e6e83/node_modules/@nestjs/core/injector/injector.js:75:13)
      at TestingInjector.loadProvider (../../node_modules/.pnpm/@nestjs+core@11.1.9_@nestjs_e6e9c70d351bb0b87e2f9c662f5
e6e83/node_modules/@nestjs/core/injector/injector.js:103:9)
      at ../../node_modules/.pnpm/@nestjs+core@11.1.9_@nestjs_e6e9c70d351bb0b87e2f9c662f5e6e83/node_modules/@nestjs/cor
e/injector/instance-loader.js:56:13
          at async Promise.all (index 3)
      at TestingInstanceLoader.createInstancesOfProviders (../../node_modules/.pnpm/@nestjs+core@11.1.9_@nestjs_e6e9c70
d351bb0b87e2f9c662f5e6e83/node_modules/@nestjs/core/injector/instance-loader.js:55:9)
      at ../../node_modules/.pnpm/@nestjs+core@11.1.9_@nestjs_e6e9c70d351bb0b87e2f9c662f5e6e83/node_modules/@nestjs/cor
e/injector/instance-loader.js:40:13
          at async Promise.all (index 1)
      at TestingInstanceLoader.createInstances (../../node_modules/.pnpm/@nestjs+core@11.1.9_@nestjs_e6e9c70d351bb0b87e
2f9c662f5e6e83/node_modules/@nestjs/core/injector/instance-loader.js:39:9)
      at TestingInstanceLoader.createInstancesOfDependencies (../../node_modules/.pnpm/@nestjs+core@11.1.9_@nestjs_e6e9
c70d351bb0b87e2f9c662f5e6e83/node_modules/@nestjs/core/injector/instance-loader.js:22:13)
      at TestingInstanceLoader.createInstancesOfDependencies (../../node_modules/.pnpm/@nestjs+testing@11.1.9_@nes_bfc4
e50d3c184e5997a9deea5c75bc87/node_modules/@nestjs/testing/testing-instance-loader.js:9:9)
      at TestingModuleBuilder.createInstancesOfDependencies (../../node_modules/.pnpm/@nestjs+testing@11.1.9_@nes_bfc4e
50d3c184e5997a9deea5c75bc87/node_modules/@nestjs/testing/testing-module.builder.js:118:9)
      at TestingModuleBuilder.compile (../../node_modules/.pnpm/@nestjs+testing@11.1.9_@nes_bfc4e50d3c184e5997a9deea5c7
5bc87/node_modules/@nestjs/testing/testing-module.builder.js:74:9)
      at Object.<anonymous> (domain/services/strategy-rules/PositionManager.spec.ts:61:35)

  ÔùÅ PositionManager ÔÇ║ getAllPositions ÔÇ║ should handle adapter errors gracefully

    Nest can't resolve dependencies of the PositionManager (StrategyConfig, [object Object], ?). Please make sure that 
the argument "IPerpKeeperPerformanceLogger" at index [2] is available in the RootTestModule context.

    Potential solutions:
    - Is RootTestModule a valid NestJS module?
    - If "IPerpKeeperPerformanceLogger" is a provider, is it part of the current RootTestModule?
    - If "IPerpKeeperPerformanceLogger" is exported from a separate @Module, is that module imported within 
RootTestModule?
      @Module({
        imports: [ /* the Module containing "IPerpKeeperPerformanceLogger" */ ]
      })

    For more common dependency resolution issues, see: https://docs.nestjs.com/faq/common-errors

      59 |     mockAdapters.set(ExchangeType.LIGHTER, lighterAdapter);
      60 |
    > 61 |     const module: TestingModule = await Test.createTestingModule({
         |                                   ^
      62 |       providers: [
      63 |         PositionManager,
      64 |         { provide: StrategyConfig, useValue: config },

      at TestingInjector.lookupComponentInParentModules (../../node_modules/.pnpm/@nestjs+core@11.1.9_@nestjs_e6e9c70d3
51bb0b87e2f9c662f5e6e83/node_modules/@nestjs/core/injector/injector.js:286:19)
      at TestingInjector.resolveComponentWrapper (../../node_modules/.pnpm/@nestjs+testing@11.1.9_@nes_bfc4e50d3c184e59
97a9deea5c75bc87/node_modules/@nestjs/testing/testing-injector.js:19:45)
      at resolveParam (../../node_modules/.pnpm/@nestjs+core@11.1.9_@nestjs_e6e9c70d351bb0b87e2f9c662f5e6e83/node_modul
es/@nestjs/core/injector/injector.js:140:38)
          at async Promise.all (index 2)
      at TestingInjector.resolveConstructorParams (../../node_modules/.pnpm/@nestjs+core@11.1.9_@nestjs_e6e9c70d351bb0b
87e2f9c662f5e6e83/node_modules/@nestjs/core/injector/injector.js:169:27)
      at TestingInjector.loadInstance (../../node_modules/.pnpm/@nestjs+core@11.1.9_@nestjs_e6e9c70d351bb0b87e2f9c662f5
e6e83/node_modules/@nestjs/core/injector/injector.js:75:13)
      at TestingInjector.loadProvider (../../node_modules/.pnpm/@nestjs+core@11.1.9_@nestjs_e6e9c70d351bb0b87e2f9c662f5
e6e83/node_modules/@nestjs/core/injector/injector.js:103:9)
      at ../../node_modules/.pnpm/@nestjs+core@11.1.9_@nestjs_e6e9c70d351bb0b87e2f9c662f5e6e83/node_modules/@nestjs/cor
e/injector/instance-loader.js:56:13
          at async Promise.all (index 3)
      at TestingInstanceLoader.createInstancesOfProviders (../../node_modules/.pnpm/@nestjs+core@11.1.9_@nestjs_e6e9c70
d351bb0b87e2f9c662f5e6e83/node_modules/@nestjs/core/injector/instance-loader.js:55:9)
      at ../../node_modules/.pnpm/@nestjs+core@11.1.9_@nestjs_e6e9c70d351bb0b87e2f9c662f5e6e83/node_modules/@nestjs/cor
e/injector/instance-loader.js:40:13
          at async Promise.all (index 1)
      at TestingInstanceLoader.createInstances (../../node_modules/.pnpm/@nestjs+core@11.1.9_@nestjs_e6e9c70d351bb0b87e
2f9c662f5e6e83/node_modules/@nestjs/core/injector/instance-loader.js:39:9)
      at TestingInstanceLoader.createInstancesOfDependencies (../../node_modules/.pnpm/@nestjs+core@11.1.9_@nestjs_e6e9
c70d351bb0b87e2f9c662f5e6e83/node_modules/@nestjs/core/injector/instance-loader.js:22:13)
      at TestingInstanceLoader.createInstancesOfDependencies (../../node_modules/.pnpm/@nestjs+testing@11.1.9_@nes_bfc4
e50d3c184e5997a9deea5c75bc87/node_modules/@nestjs/testing/testing-instance-loader.js:9:9)
      at TestingModuleBuilder.createInstancesOfDependencies (../../node_modules/.pnpm/@nestjs+testing@11.1.9_@nes_bfc4e
50d3c184e5997a9deea5c75bc87/node_modules/@nestjs/testing/testing-module.builder.js:118:9)
      at TestingModuleBuilder.compile (../../node_modules/.pnpm/@nestjs+testing@11.1.9_@nes_bfc4e50d3c184e5997a9deea5c7
5bc87/node_modules/@nestjs/testing/testing-module.builder.js:74:9)
      at Object.<anonymous> (domain/services/strategy-rules/PositionManager.spec.ts:61:35)

  ÔùÅ PositionManager ÔÇ║ getAllPositions ÔÇ║ should return empty array when no positions exist

    Nest can't resolve dependencies of the PositionManager (StrategyConfig, [object Object], ?). Please make sure that 
the argument "IPerpKeeperPerformanceLogger" at index [2] is available in the RootTestModule context.

    Potential solutions:
    - Is RootTestModule a valid NestJS module?
    - If "IPerpKeeperPerformanceLogger" is a provider, is it part of the current RootTestModule?
    - If "IPerpKeeperPerformanceLogger" is exported from a separate @Module, is that module imported within 
RootTestModule?
      @Module({
        imports: [ /* the Module containing "IPerpKeeperPerformanceLogger" */ ]
      })

    For more common dependency resolution issues, see: https://docs.nestjs.com/faq/common-errors

      59 |     mockAdapters.set(ExchangeType.LIGHTER, lighterAdapter);
      60 |
    > 61 |     const module: TestingModule = await Test.createTestingModule({
         |                                   ^
      62 |       providers: [
      63 |         PositionManager,
      64 |         { provide: StrategyConfig, useValue: config },

      at TestingInjector.lookupComponentInParentModules (../../node_modules/.pnpm/@nestjs+core@11.1.9_@nestjs_e6e9c70d3
51bb0b87e2f9c662f5e6e83/node_modules/@nestjs/core/injector/injector.js:286:19)
      at TestingInjector.resolveComponentWrapper (../../node_modules/.pnpm/@nestjs+testing@11.1.9_@nes_bfc4e50d3c184e59
97a9deea5c75bc87/node_modules/@nestjs/testing/testing-injector.js:19:45)
      at resolveParam (../../node_modules/.pnpm/@nestjs+core@11.1.9_@nestjs_e6e9c70d351bb0b87e2f9c662f5e6e83/node_modul
es/@nestjs/core/injector/injector.js:140:38)
          at async Promise.all (index 2)
      at TestingInjector.resolveConstructorParams (../../node_modules/.pnpm/@nestjs+core@11.1.9_@nestjs_e6e9c70d351bb0b
87e2f9c662f5e6e83/node_modules/@nestjs/core/injector/injector.js:169:27)
      at TestingInjector.loadInstance (../../node_modules/.pnpm/@nestjs+core@11.1.9_@nestjs_e6e9c70d351bb0b87e2f9c662f5
e6e83/node_modules/@nestjs/core/injector/injector.js:75:13)
      at TestingInjector.loadProvider (../../node_modules/.pnpm/@nestjs+core@11.1.9_@nestjs_e6e9c70d351bb0b87e2f9c662f5
e6e83/node_modules/@nestjs/core/injector/injector.js:103:9)
      at ../../node_modules/.pnpm/@nestjs+core@11.1.9_@nestjs_e6e9c70d351bb0b87e2f9c662f5e6e83/node_modules/@nestjs/cor
e/injector/instance-loader.js:56:13
          at async Promise.all (index 3)
      at TestingInstanceLoader.createInstancesOfProviders (../../node_modules/.pnpm/@nestjs+core@11.1.9_@nestjs_e6e9c70
d351bb0b87e2f9c662f5e6e83/node_modules/@nestjs/core/injector/instance-loader.js:55:9)
      at ../../node_modules/.pnpm/@nestjs+core@11.1.9_@nestjs_e6e9c70d351bb0b87e2f9c662f5e6e83/node_modules/@nestjs/cor
e/injector/instance-loader.js:40:13
          at async Promise.all (index 1)
      at TestingInstanceLoader.createInstances (../../node_modules/.pnpm/@nestjs+core@11.1.9_@nestjs_e6e9c70d351bb0b87e
2f9c662f5e6e83/node_modules/@nestjs/core/injector/instance-loader.js:39:9)
      at TestingInstanceLoader.createInstancesOfDependencies (../../node_modules/.pnpm/@nestjs+core@11.1.9_@nestjs_e6e9
c70d351bb0b87e2f9c662f5e6e83/node_modules/@nestjs/core/injector/instance-loader.js:22:13)
      at TestingInstanceLoader.createInstancesOfDependencies (../../node_modules/.pnpm/@nestjs+testing@11.1.9_@nes_bfc4
e50d3c184e5997a9deea5c75bc87/node_modules/@nestjs/testing/testing-instance-loader.js:9:9)
      at TestingModuleBuilder.createInstancesOfDependencies (../../node_modules/.pnpm/@nestjs+testing@11.1.9_@nes_bfc4e
50d3c184e5997a9deea5c75bc87/node_modules/@nestjs/testing/testing-module.builder.js:118:9)
      at TestingModuleBuilder.compile (../../node_modules/.pnpm/@nestjs+testing@11.1.9_@nes_bfc4e50d3c184e5997a9deea5c7
5bc87/node_modules/@nestjs/testing/testing-module.builder.js:74:9)
      at Object.<anonymous> (domain/services/strategy-rules/PositionManager.spec.ts:61:35)

  ÔùÅ PositionManager ÔÇ║ closeAllPositions ÔÇ║ should close all positions successfully

    Nest can't resolve dependencies of the PositionManager (StrategyConfig, [object Object], ?). Please make sure that 
the argument "IPerpKeeperPerformanceLogger" at index [2] is available in the RootTestModule context.

    Potential solutions:
    - Is RootTestModule a valid NestJS module?
    - If "IPerpKeeperPerformanceLogger" is a provider, is it part of the current RootTestModule?
    - If "IPerpKeeperPerformanceLogger" is exported from a separate @Module, is that module imported within 
RootTestModule?
      @Module({
        imports: [ /* the Module containing "IPerpKeeperPerformanceLogger" */ ]
      })

    For more common dependency resolution issues, see: https://docs.nestjs.com/faq/common-errors

      59 |     mockAdapters.set(ExchangeType.LIGHTER, lighterAdapter);
      60 |
    > 61 |     const module: TestingModule = await Test.createTestingModule({
         |                                   ^
      62 |       providers: [
      63 |         PositionManager,
      64 |         { provide: StrategyConfig, useValue: config },

      at TestingInjector.lookupComponentInParentModules (../../node_modules/.pnpm/@nestjs+core@11.1.9_@nestjs_e6e9c70d3
51bb0b87e2f9c662f5e6e83/node_modules/@nestjs/core/injector/injector.js:286:19)
      at TestingInjector.resolveComponentWrapper (../../node_modules/.pnpm/@nestjs+testing@11.1.9_@nes_bfc4e50d3c184e59
97a9deea5c75bc87/node_modules/@nestjs/testing/testing-injector.js:19:45)
      at resolveParam (../../node_modules/.pnpm/@nestjs+core@11.1.9_@nestjs_e6e9c70d351bb0b87e2f9c662f5e6e83/node_modul
es/@nestjs/core/injector/injector.js:140:38)
          at async Promise.all (index 2)
      at TestingInjector.resolveConstructorParams (../../node_modules/.pnpm/@nestjs+core@11.1.9_@nestjs_e6e9c70d351bb0b
87e2f9c662f5e6e83/node_modules/@nestjs/core/injector/injector.js:169:27)
      at TestingInjector.loadInstance (../../node_modules/.pnpm/@nestjs+core@11.1.9_@nestjs_e6e9c70d351bb0b87e2f9c662f5
e6e83/node_modules/@nestjs/core/injector/injector.js:75:13)
      at TestingInjector.loadProvider (../../node_modules/.pnpm/@nestjs+core@11.1.9_@nestjs_e6e9c70d351bb0b87e2f9c662f5
e6e83/node_modules/@nestjs/core/injector/injector.js:103:9)
      at ../../node_modules/.pnpm/@nestjs+core@11.1.9_@nestjs_e6e9c70d351bb0b87e2f9c662f5e6e83/node_modules/@nestjs/cor
e/injector/instance-loader.js:56:13
          at async Promise.all (index 3)
      at TestingInstanceLoader.createInstancesOfProviders (../../node_modules/.pnpm/@nestjs+core@11.1.9_@nestjs_e6e9c70
d351bb0b87e2f9c662f5e6e83/node_modules/@nestjs/core/injector/instance-loader.js:55:9)
      at ../../node_modules/.pnpm/@nestjs+core@11.1.9_@nestjs_e6e9c70d351bb0b87e2f9c662f5e6e83/node_modules/@nestjs/cor
e/injector/instance-loader.js:40:13
          at async Promise.all (index 1)
      at TestingInstanceLoader.createInstances (../../node_modules/.pnpm/@nestjs+core@11.1.9_@nestjs_e6e9c70d351bb0b87e
2f9c662f5e6e83/node_modules/@nestjs/core/injector/instance-loader.js:39:9)
      at TestingInstanceLoader.createInstancesOfDependencies (../../node_modules/.pnpm/@nestjs+core@11.1.9_@nestjs_e6e9
c70d351bb0b87e2f9c662f5e6e83/node_modules/@nestjs/core/injector/instance-loader.js:22:13)
      at TestingInstanceLoader.createInstancesOfDependencies (../../node_modules/.pnpm/@nestjs+testing@11.1.9_@nes_bfc4
e50d3c184e5997a9deea5c75bc87/node_modules/@nestjs/testing/testing-instance-loader.js:9:9)
      at TestingModuleBuilder.createInstancesOfDependencies (../../node_modules/.pnpm/@nestjs+testing@11.1.9_@nes_bfc4e
50d3c184e5997a9deea5c75bc87/node_modules/@nestjs/testing/testing-module.builder.js:118:9)
      at TestingModuleBuilder.compile (../../node_modules/.pnpm/@nestjs+testing@11.1.9_@nes_bfc4e50d3c184e5997a9deea5c7
5bc87/node_modules/@nestjs/testing/testing-module.builder.js:74:9)
      at Object.<anonymous> (domain/services/strategy-rules/PositionManager.spec.ts:61:35)

  ÔùÅ PositionManager ÔÇ║ closeAllPositions ÔÇ║ should use market orders with IOC and reduceOnly for closing

    Nest can't resolve dependencies of the PositionManager (StrategyConfig, [object Object], ?). Please make sure that 
the argument "IPerpKeeperPerformanceLogger" at index [2] is available in the RootTestModule context.

    Potential solutions:
    - Is RootTestModule a valid NestJS module?
    - If "IPerpKeeperPerformanceLogger" is a provider, is it part of the current RootTestModule?
    - If "IPerpKeeperPerformanceLogger" is exported from a separate @Module, is that module imported within 
RootTestModule?
      @Module({
        imports: [ /* the Module containing "IPerpKeeperPerformanceLogger" */ ]
      })

    For more common dependency resolution issues, see: https://docs.nestjs.com/faq/common-errors

      59 |     mockAdapters.set(ExchangeType.LIGHTER, lighterAdapter);
      60 |
    > 61 |     const module: TestingModule = await Test.createTestingModule({
         |                                   ^
      62 |       providers: [
      63 |         PositionManager,
      64 |         { provide: StrategyConfig, useValue: config },

      at TestingInjector.lookupComponentInParentModules (../../node_modules/.pnpm/@nestjs+core@11.1.9_@nestjs_e6e9c70d3
51bb0b87e2f9c662f5e6e83/node_modules/@nestjs/core/injector/injector.js:286:19)
      at TestingInjector.resolveComponentWrapper (../../node_modules/.pnpm/@nestjs+testing@11.1.9_@nes_bfc4e50d3c184e59
97a9deea5c75bc87/node_modules/@nestjs/testing/testing-injector.js:19:45)
      at resolveParam (../../node_modules/.pnpm/@nestjs+core@11.1.9_@nestjs_e6e9c70d351bb0b87e2f9c662f5e6e83/node_modul
es/@nestjs/core/injector/injector.js:140:38)
          at async Promise.all (index 2)
      at TestingInjector.resolveConstructorParams (../../node_modules/.pnpm/@nestjs+core@11.1.9_@nestjs_e6e9c70d351bb0b
87e2f9c662f5e6e83/node_modules/@nestjs/core/injector/injector.js:169:27)
      at TestingInjector.loadInstance (../../node_modules/.pnpm/@nestjs+core@11.1.9_@nestjs_e6e9c70d351bb0b87e2f9c662f5
e6e83/node_modules/@nestjs/core/injector/injector.js:75:13)
      at TestingInjector.loadProvider (../../node_modules/.pnpm/@nestjs+core@11.1.9_@nestjs_e6e9c70d351bb0b87e2f9c662f5
e6e83/node_modules/@nestjs/core/injector/injector.js:103:9)
      at ../../node_modules/.pnpm/@nestjs+core@11.1.9_@nestjs_e6e9c70d351bb0b87e2f9c662f5e6e83/node_modules/@nestjs/cor
e/injector/instance-loader.js:56:13
          at async Promise.all (index 3)
      at TestingInstanceLoader.createInstancesOfProviders (../../node_modules/.pnpm/@nestjs+core@11.1.9_@nestjs_e6e9c70
d351bb0b87e2f9c662f5e6e83/node_modules/@nestjs/core/injector/instance-loader.js:55:9)
      at ../../node_modules/.pnpm/@nestjs+core@11.1.9_@nestjs_e6e9c70d351bb0b87e2f9c662f5e6e83/node_modules/@nestjs/cor
e/injector/instance-loader.js:40:13
          at async Promise.all (index 1)
      at TestingInstanceLoader.createInstances (../../node_modules/.pnpm/@nestjs+core@11.1.9_@nestjs_e6e9c70d351bb0b87e
2f9c662f5e6e83/node_modules/@nestjs/core/injector/instance-loader.js:39:9)
      at TestingInstanceLoader.createInstancesOfDependencies (../../node_modules/.pnpm/@nestjs+core@11.1.9_@nestjs_e6e9
c70d351bb0b87e2f9c662f5e6e83/node_modules/@nestjs/core/injector/instance-loader.js:22:13)
      at TestingInstanceLoader.createInstancesOfDependencies (../../node_modules/.pnpm/@nestjs+testing@11.1.9_@nes_bfc4
e50d3c184e5997a9deea5c75bc87/node_modules/@nestjs/testing/testing-instance-loader.js:9:9)
      at TestingModuleBuilder.createInstancesOfDependencies (../../node_modules/.pnpm/@nestjs+testing@11.1.9_@nes_bfc4e
50d3c184e5997a9deea5c75bc87/node_modules/@nestjs/testing/testing-module.builder.js:118:9)
      at TestingModuleBuilder.compile (../../node_modules/.pnpm/@nestjs+testing@11.1.9_@nes_bfc4e50d3c184e5997a9deea5c7
5bc87/node_modules/@nestjs/testing/testing-module.builder.js:74:9)
      at Object.<anonymous> (domain/services/strategy-rules/PositionManager.spec.ts:61:35)

  ÔùÅ PositionManager ÔÇ║ closeAllPositions ÔÇ║ should handle positions that fail to close

    Nest can't resolve dependencies of the PositionManager (StrategyConfig, [object Object], ?). Please make sure that 
the argument "IPerpKeeperPerformanceLogger" at index [2] is available in the RootTestModule context.

    Potential solutions:
    - Is RootTestModule a valid NestJS module?
    - If "IPerpKeeperPerformanceLogger" is a provider, is it part of the current RootTestModule?
    - If "IPerpKeeperPerformanceLogger" is exported from a separate @Module, is that module imported within 
RootTestModule?
      @Module({
        imports: [ /* the Module containing "IPerpKeeperPerformanceLogger" */ ]
      })

    For more common dependency resolution issues, see: https://docs.nestjs.com/faq/common-errors

      59 |     mockAdapters.set(ExchangeType.LIGHTER, lighterAdapter);
      60 |
    > 61 |     const module: TestingModule = await Test.createTestingModule({
         |                                   ^
      62 |       providers: [
      63 |         PositionManager,
      64 |         { provide: StrategyConfig, useValue: config },

      at TestingInjector.lookupComponentInParentModules (../../node_modules/.pnpm/@nestjs+core@11.1.9_@nestjs_e6e9c70d3
51bb0b87e2f9c662f5e6e83/node_modules/@nestjs/core/injector/injector.js:286:19)
      at TestingInjector.resolveComponentWrapper (../../node_modules/.pnpm/@nestjs+testing@11.1.9_@nes_bfc4e50d3c184e59
97a9deea5c75bc87/node_modules/@nestjs/testing/testing-injector.js:19:45)
      at resolveParam (../../node_modules/.pnpm/@nestjs+core@11.1.9_@nestjs_e6e9c70d351bb0b87e2f9c662f5e6e83/node_modul
es/@nestjs/core/injector/injector.js:140:38)
          at async Promise.all (index 2)
      at TestingInjector.resolveConstructorParams (../../node_modules/.pnpm/@nestjs+core@11.1.9_@nestjs_e6e9c70d351bb0b
87e2f9c662f5e6e83/node_modules/@nestjs/core/injector/injector.js:169:27)
      at TestingInjector.loadInstance (../../node_modules/.pnpm/@nestjs+core@11.1.9_@nestjs_e6e9c70d351bb0b87e2f9c662f5
e6e83/node_modules/@nestjs/core/injector/injector.js:75:13)
      at TestingInjector.loadProvider (../../node_modules/.pnpm/@nestjs+core@11.1.9_@nestjs_e6e9c70d351bb0b87e2f9c662f5
e6e83/node_modules/@nestjs/core/injector/injector.js:103:9)
      at ../../node_modules/.pnpm/@nestjs+core@11.1.9_@nestjs_e6e9c70d351bb0b87e2f9c662f5e6e83/node_modules/@nestjs/cor
e/injector/instance-loader.js:56:13
          at async Promise.all (index 3)
      at TestingInstanceLoader.createInstancesOfProviders (../../node_modules/.pnpm/@nestjs+core@11.1.9_@nestjs_e6e9c70
d351bb0b87e2f9c662f5e6e83/node_modules/@nestjs/core/injector/instance-loader.js:55:9)
      at ../../node_modules/.pnpm/@nestjs+core@11.1.9_@nestjs_e6e9c70d351bb0b87e2f9c662f5e6e83/node_modules/@nestjs/cor
e/injector/instance-loader.js:40:13
          at async Promise.all (index 1)
      at TestingInstanceLoader.createInstances (../../node_modules/.pnpm/@nestjs+core@11.1.9_@nestjs_e6e9c70d351bb0b87e
2f9c662f5e6e83/node_modules/@nestjs/core/injector/instance-loader.js:39:9)
      at TestingInstanceLoader.createInstancesOfDependencies (../../node_modules/.pnpm/@nestjs+core@11.1.9_@nestjs_e6e9
c70d351bb0b87e2f9c662f5e6e83/node_modules/@nestjs/core/injector/instance-loader.js:22:13)
      at TestingInstanceLoader.createInstancesOfDependencies (../../node_modules/.pnpm/@nestjs+testing@11.1.9_@nes_bfc4
e50d3c184e5997a9deea5c75bc87/node_modules/@nestjs/testing/testing-instance-loader.js:9:9)
      at TestingModuleBuilder.createInstancesOfDependencies (../../node_modules/.pnpm/@nestjs+testing@11.1.9_@nes_bfc4e
50d3c184e5997a9deea5c75bc87/node_modules/@nestjs/testing/testing-module.builder.js:118:9)
      at TestingModuleBuilder.compile (../../node_modules/.pnpm/@nestjs+testing@11.1.9_@nes_bfc4e50d3c184e5997a9deea5c7
5bc87/node_modules/@nestjs/testing/testing-module.builder.js:74:9)
      at Object.<anonymous> (domain/services/strategy-rules/PositionManager.spec.ts:61:35)

  ÔùÅ PositionManager ÔÇ║ closeAllPositions ÔÇ║ should attempt final market order fallback if position still exists

    Nest can't resolve dependencies of the PositionManager (StrategyConfig, [object Object], ?). Please make sure that 
the argument "IPerpKeeperPerformanceLogger" at index [2] is available in the RootTestModule context.

    Potential solutions:
    - Is RootTestModule a valid NestJS module?
    - If "IPerpKeeperPerformanceLogger" is a provider, is it part of the current RootTestModule?
    - If "IPerpKeeperPerformanceLogger" is exported from a separate @Module, is that module imported within 
RootTestModule?
      @Module({
        imports: [ /* the Module containing "IPerpKeeperPerformanceLogger" */ ]
      })

    For more common dependency resolution issues, see: https://docs.nestjs.com/faq/common-errors

      59 |     mockAdapters.set(ExchangeType.LIGHTER, lighterAdapter);
      60 |
    > 61 |     const module: TestingModule = await Test.createTestingModule({
         |                                   ^
      62 |       providers: [
      63 |         PositionManager,
      64 |         { provide: StrategyConfig, useValue: config },

      at TestingInjector.lookupComponentInParentModules (../../node_modules/.pnpm/@nestjs+core@11.1.9_@nestjs_e6e9c70d3
51bb0b87e2f9c662f5e6e83/node_modules/@nestjs/core/injector/injector.js:286:19)
      at TestingInjector.resolveComponentWrapper (../../node_modules/.pnpm/@nestjs+testing@11.1.9_@nes_bfc4e50d3c184e59
97a9deea5c75bc87/node_modules/@nestjs/testing/testing-injector.js:19:45)
      at resolveParam (../../node_modules/.pnpm/@nestjs+core@11.1.9_@nestjs_e6e9c70d351bb0b87e2f9c662f5e6e83/node_modul
es/@nestjs/core/injector/injector.js:140:38)
          at async Promise.all (index 2)
      at TestingInjector.resolveConstructorParams (../../node_modules/.pnpm/@nestjs+core@11.1.9_@nestjs_e6e9c70d351bb0b
87e2f9c662f5e6e83/node_modules/@nestjs/core/injector/injector.js:169:27)
      at TestingInjector.loadInstance (../../node_modules/.pnpm/@nestjs+core@11.1.9_@nestjs_e6e9c70d351bb0b87e2f9c662f5
e6e83/node_modules/@nestjs/core/injector/injector.js:75:13)
      at TestingInjector.loadProvider (../../node_modules/.pnpm/@nestjs+core@11.1.9_@nestjs_e6e9c70d351bb0b87e2f9c662f5
e6e83/node_modules/@nestjs/core/injector/injector.js:103:9)
      at ../../node_modules/.pnpm/@nestjs+core@11.1.9_@nestjs_e6e9c70d351bb0b87e2f9c662f5e6e83/node_modules/@nestjs/cor
e/injector/instance-loader.js:56:13
          at async Promise.all (index 3)
      at TestingInstanceLoader.createInstancesOfProviders (../../node_modules/.pnpm/@nestjs+core@11.1.9_@nestjs_e6e9c70
d351bb0b87e2f9c662f5e6e83/node_modules/@nestjs/core/injector/instance-loader.js:55:9)
      at ../../node_modules/.pnpm/@nestjs+core@11.1.9_@nestjs_e6e9c70d351bb0b87e2f9c662f5e6e83/node_modules/@nestjs/cor
e/injector/instance-loader.js:40:13
          at async Promise.all (index 1)
      at TestingInstanceLoader.createInstances (../../node_modules/.pnpm/@nestjs+core@11.1.9_@nestjs_e6e9c70d351bb0b87e
2f9c662f5e6e83/node_modules/@nestjs/core/injector/instance-loader.js:39:9)
      at TestingInstanceLoader.createInstancesOfDependencies (../../node_modules/.pnpm/@nestjs+core@11.1.9_@nestjs_e6e9
c70d351bb0b87e2f9c662f5e6e83/node_modules/@nestjs/core/injector/instance-loader.js:22:13)
      at TestingInstanceLoader.createInstancesOfDependencies (../../node_modules/.pnpm/@nestjs+testing@11.1.9_@nes_bfc4
e50d3c184e5997a9deea5c75bc87/node_modules/@nestjs/testing/testing-instance-loader.js:9:9)
      at TestingModuleBuilder.createInstancesOfDependencies (../../node_modules/.pnpm/@nestjs+testing@11.1.9_@nes_bfc4e
50d3c184e5997a9deea5c75bc87/node_modules/@nestjs/testing/testing-module.builder.js:118:9)
      at TestingModuleBuilder.compile (../../node_modules/.pnpm/@nestjs+testing@11.1.9_@nes_bfc4e50d3c184e5997a9deea5c7
5bc87/node_modules/@nestjs/testing/testing-module.builder.js:74:9)
      at Object.<anonymous> (domain/services/strategy-rules/PositionManager.spec.ts:61:35)

  ÔùÅ PositionManager ÔÇ║ closeAllPositions ÔÇ║ should handle missing adapters

    Nest can't resolve dependencies of the PositionManager (StrategyConfig, [object Object], ?). Please make sure that 
the argument "IPerpKeeperPerformanceLogger" at index [2] is available in the RootTestModule context.

    Potential solutions:
    - Is RootTestModule a valid NestJS module?
    - If "IPerpKeeperPerformanceLogger" is a provider, is it part of the current RootTestModule?
    - If "IPerpKeeperPerformanceLogger" is exported from a separate @Module, is that module imported within 
RootTestModule?
      @Module({
        imports: [ /* the Module containing "IPerpKeeperPerformanceLogger" */ ]
      })

    For more common dependency resolution issues, see: https://docs.nestjs.com/faq/common-errors

      59 |     mockAdapters.set(ExchangeType.LIGHTER, lighterAdapter);
      60 |
    > 61 |     const module: TestingModule = await Test.createTestingModule({
         |                                   ^
      62 |       providers: [
      63 |         PositionManager,
      64 |         { provide: StrategyConfig, useValue: config },

      at TestingInjector.lookupComponentInParentModules (../../node_modules/.pnpm/@nestjs+core@11.1.9_@nestjs_e6e9c70d3
51bb0b87e2f9c662f5e6e83/node_modules/@nestjs/core/injector/injector.js:286:19)
      at TestingInjector.resolveComponentWrapper (../../node_modules/.pnpm/@nestjs+testing@11.1.9_@nes_bfc4e50d3c184e59
97a9deea5c75bc87/node_modules/@nestjs/testing/testing-injector.js:19:45)
      at resolveParam (../../node_modules/.pnpm/@nestjs+core@11.1.9_@nestjs_e6e9c70d351bb0b87e2f9c662f5e6e83/node_modul
es/@nestjs/core/injector/injector.js:140:38)
          at async Promise.all (index 2)
      at TestingInjector.resolveConstructorParams (../../node_modules/.pnpm/@nestjs+core@11.1.9_@nestjs_e6e9c70d351bb0b
87e2f9c662f5e6e83/node_modules/@nestjs/core/injector/injector.js:169:27)
      at TestingInjector.loadInstance (../../node_modules/.pnpm/@nestjs+core@11.1.9_@nestjs_e6e9c70d351bb0b87e2f9c662f5
e6e83/node_modules/@nestjs/core/injector/injector.js:75:13)
      at TestingInjector.loadProvider (../../node_modules/.pnpm/@nestjs+core@11.1.9_@nestjs_e6e9c70d351bb0b87e2f9c662f5
e6e83/node_modules/@nestjs/core/injector/injector.js:103:9)
      at ../../node_modules/.pnpm/@nestjs+core@11.1.9_@nestjs_e6e9c70d351bb0b87e2f9c662f5e6e83/node_modules/@nestjs/cor
e/injector/instance-loader.js:56:13
          at async Promise.all (index 3)
      at TestingInstanceLoader.createInstancesOfProviders (../../node_modules/.pnpm/@nestjs+core@11.1.9_@nestjs_e6e9c70
d351bb0b87e2f9c662f5e6e83/node_modules/@nestjs/core/injector/instance-loader.js:55:9)
      at ../../node_modules/.pnpm/@nestjs+core@11.1.9_@nestjs_e6e9c70d351bb0b87e2f9c662f5e6e83/node_modules/@nestjs/cor
e/injector/instance-loader.js:40:13
          at async Promise.all (index 1)
      at TestingInstanceLoader.createInstances (../../node_modules/.pnpm/@nestjs+core@11.1.9_@nestjs_e6e9c70d351bb0b87e
2f9c662f5e6e83/node_modules/@nestjs/core/injector/instance-loader.js:39:9)
      at TestingInstanceLoader.createInstancesOfDependencies (../../node_modules/.pnpm/@nestjs+core@11.1.9_@nestjs_e6e9
c70d351bb0b87e2f9c662f5e6e83/node_modules/@nestjs/core/injector/instance-loader.js:22:13)
      at TestingInstanceLoader.createInstancesOfDependencies (../../node_modules/.pnpm/@nestjs+testing@11.1.9_@nes_bfc4
e50d3c184e5997a9deea5c75bc87/node_modules/@nestjs/testing/testing-instance-loader.js:9:9)
      at TestingModuleBuilder.createInstancesOfDependencies (../../node_modules/.pnpm/@nestjs+testing@11.1.9_@nes_bfc4e
50d3c184e5997a9deea5c75bc87/node_modules/@nestjs/testing/testing-module.builder.js:118:9)
      at TestingModuleBuilder.compile (../../node_modules/.pnpm/@nestjs+testing@11.1.9_@nes_bfc4e50d3c184e5997a9deea5c7
5bc87/node_modules/@nestjs/testing/testing-module.builder.js:74:9)
      at Object.<anonymous> (domain/services/strategy-rules/PositionManager.spec.ts:61:35)

  ÔùÅ PositionManager ÔÇ║ handleAsymmetricFills ÔÇ║ should handle profitable asymmetric fills by completing with 
market order

    Nest can't resolve dependencies of the PositionManager (StrategyConfig, [object Object], ?). Please make sure that 
the argument "IPerpKeeperPerformanceLogger" at index [2] is available in the RootTestModule context.

    Potential solutions:
    - Is RootTestModule a valid NestJS module?
    - If "IPerpKeeperPerformanceLogger" is a provider, is it part of the current RootTestModule?
    - If "IPerpKeeperPerformanceLogger" is exported from a separate @Module, is that module imported within 
RootTestModule?
      @Module({
        imports: [ /* the Module containing "IPerpKeeperPerformanceLogger" */ ]
      })

    For more common dependency resolution issues, see: https://docs.nestjs.com/faq/common-errors

      59 |     mockAdapters.set(ExchangeType.LIGHTER, lighterAdapter);
      60 |
    > 61 |     const module: TestingModule = await Test.createTestingModule({
         |                                   ^
      62 |       providers: [
      63 |         PositionManager,
      64 |         { provide: StrategyConfig, useValue: config },

      at TestingInjector.lookupComponentInParentModules (../../node_modules/.pnpm/@nestjs+core@11.1.9_@nestjs_e6e9c70d3
51bb0b87e2f9c662f5e6e83/node_modules/@nestjs/core/injector/injector.js:286:19)
      at TestingInjector.resolveComponentWrapper (../../node_modules/.pnpm/@nestjs+testing@11.1.9_@nes_bfc4e50d3c184e59
97a9deea5c75bc87/node_modules/@nestjs/testing/testing-injector.js:19:45)
      at resolveParam (../../node_modules/.pnpm/@nestjs+core@11.1.9_@nestjs_e6e9c70d351bb0b87e2f9c662f5e6e83/node_modul
es/@nestjs/core/injector/injector.js:140:38)
          at async Promise.all (index 2)
      at TestingInjector.resolveConstructorParams (../../node_modules/.pnpm/@nestjs+core@11.1.9_@nestjs_e6e9c70d351bb0b
87e2f9c662f5e6e83/node_modules/@nestjs/core/injector/injector.js:169:27)
      at TestingInjector.loadInstance (../../node_modules/.pnpm/@nestjs+core@11.1.9_@nestjs_e6e9c70d351bb0b87e2f9c662f5
e6e83/node_modules/@nestjs/core/injector/injector.js:75:13)
      at TestingInjector.loadProvider (../../node_modules/.pnpm/@nestjs+core@11.1.9_@nestjs_e6e9c70d351bb0b87e2f9c662f5
e6e83/node_modules/@nestjs/core/injector/injector.js:103:9)
      at ../../node_modules/.pnpm/@nestjs+core@11.1.9_@nestjs_e6e9c70d351bb0b87e2f9c662f5e6e83/node_modules/@nestjs/cor
e/injector/instance-loader.js:56:13
          at async Promise.all (index 3)
      at TestingInstanceLoader.createInstancesOfProviders (../../node_modules/.pnpm/@nestjs+core@11.1.9_@nestjs_e6e9c70
d351bb0b87e2f9c662f5e6e83/node_modules/@nestjs/core/injector/instance-loader.js:55:9)
      at ../../node_modules/.pnpm/@nestjs+core@11.1.9_@nestjs_e6e9c70d351bb0b87e2f9c662f5e6e83/node_modules/@nestjs/cor
e/injector/instance-loader.js:40:13
          at async Promise.all (index 1)
      at TestingInstanceLoader.createInstances (../../node_modules/.pnpm/@nestjs+core@11.1.9_@nestjs_e6e9c70d351bb0b87e
2f9c662f5e6e83/node_modules/@nestjs/core/injector/instance-loader.js:39:9)
      at TestingInstanceLoader.createInstancesOfDependencies (../../node_modules/.pnpm/@nestjs+core@11.1.9_@nestjs_e6e9
c70d351bb0b87e2f9c662f5e6e83/node_modules/@nestjs/core/injector/instance-loader.js:22:13)
      at TestingInstanceLoader.createInstancesOfDependencies (../../node_modules/.pnpm/@nestjs+testing@11.1.9_@nes_bfc4
e50d3c184e5997a9deea5c75bc87/node_modules/@nestjs/testing/testing-instance-loader.js:9:9)
      at TestingModuleBuilder.createInstancesOfDependencies (../../node_modules/.pnpm/@nestjs+testing@11.1.9_@nes_bfc4e
50d3c184e5997a9deea5c75bc87/node_modules/@nestjs/testing/testing-module.builder.js:118:9)
      at TestingModuleBuilder.compile (../../node_modules/.pnpm/@nestjs+testing@11.1.9_@nes_bfc4e50d3c184e5997a9deea5c7
5bc87/node_modules/@nestjs/testing/testing-module.builder.js:74:9)
      at Object.<anonymous> (domain/services/strategy-rules/PositionManager.spec.ts:61:35)

  ÔùÅ PositionManager ÔÇ║ handleAsymmetricFills ÔÇ║ should close filled position if no longer profitable

    Nest can't resolve dependencies of the PositionManager (StrategyConfig, [object Object], ?). Please make sure that 
the argument "IPerpKeeperPerformanceLogger" at index [2] is available in the RootTestModule context.

    Potential solutions:
    - Is RootTestModule a valid NestJS module?
    - If "IPerpKeeperPerformanceLogger" is a provider, is it part of the current RootTestModule?
    - If "IPerpKeeperPerformanceLogger" is exported from a separate @Module, is that module imported within 
RootTestModule?
      @Module({
        imports: [ /* the Module containing "IPerpKeeperPerformanceLogger" */ ]
      })

    For more common dependency resolution issues, see: https://docs.nestjs.com/faq/common-errors

      59 |     mockAdapters.set(ExchangeType.LIGHTER, lighterAdapter);
      60 |
    > 61 |     const module: TestingModule = await Test.createTestingModule({
         |                                   ^
      62 |       providers: [
      63 |         PositionManager,
      64 |         { provide: StrategyConfig, useValue: config },

      at TestingInjector.lookupComponentInParentModules (../../node_modules/.pnpm/@nestjs+core@11.1.9_@nestjs_e6e9c70d3
51bb0b87e2f9c662f5e6e83/node_modules/@nestjs/core/injector/injector.js:286:19)
      at TestingInjector.resolveComponentWrapper (../../node_modules/.pnpm/@nestjs+testing@11.1.9_@nes_bfc4e50d3c184e59
97a9deea5c75bc87/node_modules/@nestjs/testing/testing-injector.js:19:45)
      at resolveParam (../../node_modules/.pnpm/@nestjs+core@11.1.9_@nestjs_e6e9c70d351bb0b87e2f9c662f5e6e83/node_modul
es/@nestjs/core/injector/injector.js:140:38)
          at async Promise.all (index 2)
      at TestingInjector.resolveConstructorParams (../../node_modules/.pnpm/@nestjs+core@11.1.9_@nestjs_e6e9c70d351bb0b
87e2f9c662f5e6e83/node_modules/@nestjs/core/injector/injector.js:169:27)
      at TestingInjector.loadInstance (../../node_modules/.pnpm/@nestjs+core@11.1.9_@nestjs_e6e9c70d351bb0b87e2f9c662f5
e6e83/node_modules/@nestjs/core/injector/injector.js:75:13)
      at TestingInjector.loadProvider (../../node_modules/.pnpm/@nestjs+core@11.1.9_@nestjs_e6e9c70d351bb0b87e2f9c662f5
e6e83/node_modules/@nestjs/core/injector/injector.js:103:9)
      at ../../node_modules/.pnpm/@nestjs+core@11.1.9_@nestjs_e6e9c70d351bb0b87e2f9c662f5e6e83/node_modules/@nestjs/cor
e/injector/instance-loader.js:56:13
          at async Promise.all (index 3)
      at TestingInstanceLoader.createInstancesOfProviders (../../node_modules/.pnpm/@nestjs+core@11.1.9_@nestjs_e6e9c70
d351bb0b87e2f9c662f5e6e83/node_modules/@nestjs/core/injector/instance-loader.js:55:9)
      at ../../node_modules/.pnpm/@nestjs+core@11.1.9_@nestjs_e6e9c70d351bb0b87e2f9c662f5e6e83/node_modules/@nestjs/cor
e/injector/instance-loader.js:40:13
          at async Promise.all (index 1)
      at TestingInstanceLoader.createInstances (../../node_modules/.pnpm/@nestjs+core@11.1.9_@nestjs_e6e9c70d351bb0b87e
2f9c662f5e6e83/node_modules/@nestjs/core/injector/instance-loader.js:39:9)
      at TestingInstanceLoader.createInstancesOfDependencies (../../node_modules/.pnpm/@nestjs+core@11.1.9_@nestjs_e6e9
c70d351bb0b87e2f9c662f5e6e83/node_modules/@nestjs/core/injector/instance-loader.js:22:13)
      at TestingInstanceLoader.createInstancesOfDependencies (../../node_modules/.pnpm/@nestjs+testing@11.1.9_@nes_bfc4
e50d3c184e5997a9deea5c75bc87/node_modules/@nestjs/testing/testing-instance-loader.js:9:9)
      at TestingModuleBuilder.createInstancesOfDependencies (../../node_modules/.pnpm/@nestjs+testing@11.1.9_@nes_bfc4e
50d3c184e5997a9deea5c75bc87/node_modules/@nestjs/testing/testing-module.builder.js:118:9)
      at TestingModuleBuilder.compile (../../node_modules/.pnpm/@nestjs+testing@11.1.9_@nes_bfc4e50d3c184e5997a9deea5c7
5bc87/node_modules/@nestjs/testing/testing-module.builder.js:74:9)
      at Object.<anonymous> (domain/services/strategy-rules/PositionManager.spec.ts:61:35)

  ÔùÅ PositionManager ÔÇ║ handleAsymmetricFills ÔÇ║ should handle missing adapters

    Nest can't resolve dependencies of the PositionManager (StrategyConfig, [object Object], ?). Please make sure that 
the argument "IPerpKeeperPerformanceLogger" at index [2] is available in the RootTestModule context.

    Potential solutions:
    - Is RootTestModule a valid NestJS module?
    - If "IPerpKeeperPerformanceLogger" is a provider, is it part of the current RootTestModule?
    - If "IPerpKeeperPerformanceLogger" is exported from a separate @Module, is that module imported within 
RootTestModule?
      @Module({
        imports: [ /* the Module containing "IPerpKeeperPerformanceLogger" */ ]
      })

    For more common dependency resolution issues, see: https://docs.nestjs.com/faq/common-errors

      59 |     mockAdapters.set(ExchangeType.LIGHTER, lighterAdapter);
      60 |
    > 61 |     const module: TestingModule = await Test.createTestingModule({
         |                                   ^
      62 |       providers: [
      63 |         PositionManager,
      64 |         { provide: StrategyConfig, useValue: config },

      at TestingInjector.lookupComponentInParentModules (../../node_modules/.pnpm/@nestjs+core@11.1.9_@nestjs_e6e9c70d3
51bb0b87e2f9c662f5e6e83/node_modules/@nestjs/core/injector/injector.js:286:19)
      at TestingInjector.resolveComponentWrapper (../../node_modules/.pnpm/@nestjs+testing@11.1.9_@nes_bfc4e50d3c184e59
97a9deea5c75bc87/node_modules/@nestjs/testing/testing-injector.js:19:45)
      at resolveParam (../../node_modules/.pnpm/@nestjs+core@11.1.9_@nestjs_e6e9c70d351bb0b87e2f9c662f5e6e83/node_modul
es/@nestjs/core/injector/injector.js:140:38)
          at async Promise.all (index 2)
      at TestingInjector.resolveConstructorParams (../../node_modules/.pnpm/@nestjs+core@11.1.9_@nestjs_e6e9c70d351bb0b
87e2f9c662f5e6e83/node_modules/@nestjs/core/injector/injector.js:169:27)
      at TestingInjector.loadInstance (../../node_modules/.pnpm/@nestjs+core@11.1.9_@nestjs_e6e9c70d351bb0b87e2f9c662f5
e6e83/node_modules/@nestjs/core/injector/injector.js:75:13)
      at TestingInjector.loadProvider (../../node_modules/.pnpm/@nestjs+core@11.1.9_@nestjs_e6e9c70d351bb0b87e2f9c662f5
e6e83/node_modules/@nestjs/core/injector/injector.js:103:9)
      at ../../node_modules/.pnpm/@nestjs+core@11.1.9_@nestjs_e6e9c70d351bb0b87e2f9c662f5e6e83/node_modules/@nestjs/cor
e/injector/instance-loader.js:56:13
          at async Promise.all (index 3)
      at TestingInstanceLoader.createInstancesOfProviders (../../node_modules/.pnpm/@nestjs+core@11.1.9_@nestjs_e6e9c70
d351bb0b87e2f9c662f5e6e83/node_modules/@nestjs/core/injector/instance-loader.js:55:9)
      at ../../node_modules/.pnpm/@nestjs+core@11.1.9_@nestjs_e6e9c70d351bb0b87e2f9c662f5e6e83/node_modules/@nestjs/cor
e/injector/instance-loader.js:40:13
          at async Promise.all (index 1)
      at TestingInstanceLoader.createInstances (../../node_modules/.pnpm/@nestjs+core@11.1.9_@nestjs_e6e9c70d351bb0b87e
2f9c662f5e6e83/node_modules/@nestjs/core/injector/instance-loader.js:39:9)
      at TestingInstanceLoader.createInstancesOfDependencies (../../node_modules/.pnpm/@nestjs+core@11.1.9_@nestjs_e6e9
c70d351bb0b87e2f9c662f5e6e83/node_modules/@nestjs/core/injector/instance-loader.js:22:13)
      at TestingInstanceLoader.createInstancesOfDependencies (../../node_modules/.pnpm/@nestjs+testing@11.1.9_@nes_bfc4
e50d3c184e5997a9deea5c75bc87/node_modules/@nestjs/testing/testing-instance-loader.js:9:9)
      at TestingModuleBuilder.createInstancesOfDependencies (../../node_modules/.pnpm/@nestjs+testing@11.1.9_@nes_bfc4e
50d3c184e5997a9deea5c75bc87/node_modules/@nestjs/testing/testing-module.builder.js:118:9)
      at TestingModuleBuilder.compile (../../node_modules/.pnpm/@nestjs+testing@11.1.9_@nes_bfc4e50d3c184e5997a9deea5c7
5bc87/node_modules/@nestjs/testing/testing-module.builder.js:74:9)
      at Object.<anonymous> (domain/services/strategy-rules/PositionManager.spec.ts:61:35)

  ÔùÅ PositionManager ÔÇ║ handleAsymmetricFills ÔÇ║ should handle fills that are within timeout

    Nest can't resolve dependencies of the PositionManager (StrategyConfig, [object Object], ?). Please make sure that 
the argument "IPerpKeeperPerformanceLogger" at index [2] is available in the RootTestModule context.

    Potential solutions:
    - Is RootTestModule a valid NestJS module?
    - If "IPerpKeeperPerformanceLogger" is a provider, is it part of the current RootTestModule?
    - If "IPerpKeeperPerformanceLogger" is exported from a separate @Module, is that module imported within 
RootTestModule?
      @Module({
        imports: [ /* the Module containing "IPerpKeeperPerformanceLogger" */ ]
      })

    For more common dependency resolution issues, see: https://docs.nestjs.com/faq/common-errors

      59 |     mockAdapters.set(ExchangeType.LIGHTER, lighterAdapter);
      60 |
    > 61 |     const module: TestingModule = await Test.createTestingModule({
         |                                   ^
      62 |       providers: [
      63 |         PositionManager,
      64 |         { provide: StrategyConfig, useValue: config },

      at TestingInjector.lookupComponentInParentModules (../../node_modules/.pnpm/@nestjs+core@11.1.9_@nestjs_e6e9c70d3
51bb0b87e2f9c662f5e6e83/node_modules/@nestjs/core/injector/injector.js:286:19)
      at TestingInjector.resolveComponentWrapper (../../node_modules/.pnpm/@nestjs+testing@11.1.9_@nes_bfc4e50d3c184e59
97a9deea5c75bc87/node_modules/@nestjs/testing/testing-injector.js:19:45)
      at resolveParam (../../node_modules/.pnpm/@nestjs+core@11.1.9_@nestjs_e6e9c70d351bb0b87e2f9c662f5e6e83/node_modul
es/@nestjs/core/injector/injector.js:140:38)
          at async Promise.all (index 2)
      at TestingInjector.resolveConstructorParams (../../node_modules/.pnpm/@nestjs+core@11.1.9_@nestjs_e6e9c70d351bb0b
87e2f9c662f5e6e83/node_modules/@nestjs/core/injector/injector.js:169:27)
      at TestingInjector.loadInstance (../../node_modules/.pnpm/@nestjs+core@11.1.9_@nestjs_e6e9c70d351bb0b87e2f9c662f5
e6e83/node_modules/@nestjs/core/injector/injector.js:75:13)
      at TestingInjector.loadProvider (../../node_modules/.pnpm/@nestjs+core@11.1.9_@nestjs_e6e9c70d351bb0b87e2f9c662f5
e6e83/node_modules/@nestjs/core/injector/injector.js:103:9)
      at ../../node_modules/.pnpm/@nestjs+core@11.1.9_@nestjs_e6e9c70d351bb0b87e2f9c662f5e6e83/node_modules/@nestjs/cor
e/injector/instance-loader.js:56:13
          at async Promise.all (index 3)
      at TestingInstanceLoader.createInstancesOfProviders (../../node_modules/.pnpm/@nestjs+core@11.1.9_@nestjs_e6e9c70
d351bb0b87e2f9c662f5e6e83/node_modules/@nestjs/core/injector/instance-loader.js:55:9)
      at ../../node_modules/.pnpm/@nestjs+core@11.1.9_@nestjs_e6e9c70d351bb0b87e2f9c662f5e6e83/node_modules/@nestjs/cor
e/injector/instance-loader.js:40:13
          at async Promise.all (index 1)
      at TestingInstanceLoader.createInstances (../../node_modules/.pnpm/@nestjs+core@11.1.9_@nestjs_e6e9c70d351bb0b87e
2f9c662f5e6e83/node_modules/@nestjs/core/injector/instance-loader.js:39:9)
      at TestingInstanceLoader.createInstancesOfDependencies (../../node_modules/.pnpm/@nestjs+core@11.1.9_@nestjs_e6e9
c70d351bb0b87e2f9c662f5e6e83/node_modules/@nestjs/core/injector/instance-loader.js:22:13)
      at TestingInstanceLoader.createInstancesOfDependencies (../../node_modules/.pnpm/@nestjs+testing@11.1.9_@nes_bfc4
e50d3c184e5997a9deea5c75bc87/node_modules/@nestjs/testing/testing-instance-loader.js:9:9)
      at TestingModuleBuilder.createInstancesOfDependencies (../../node_modules/.pnpm/@nestjs+testing@11.1.9_@nes_bfc4e
50d3c184e5997a9deea5c75bc87/node_modules/@nestjs/testing/testing-module.builder.js:118:9)
      at TestingModuleBuilder.compile (../../node_modules/.pnpm/@nestjs+testing@11.1.9_@nes_bfc4e50d3c184e5997a9deea5c7
5bc87/node_modules/@nestjs/testing/testing-module.builder.js:74:9)
      at Object.<anonymous> (domain/services/strategy-rules/PositionManager.spec.ts:61:35)

  ÔùÅ PositionManager ÔÇ║ closeFilledPosition ÔÇ║ should close a filled position with market order

    Nest can't resolve dependencies of the PositionManager (StrategyConfig, [object Object], ?). Please make sure that 
the argument "IPerpKeeperPerformanceLogger" at index [2] is available in the RootTestModule context.

    Potential solutions:
    - Is RootTestModule a valid NestJS module?
    - If "IPerpKeeperPerformanceLogger" is a provider, is it part of the current RootTestModule?
    - If "IPerpKeeperPerformanceLogger" is exported from a separate @Module, is that module imported within 
RootTestModule?
      @Module({
        imports: [ /* the Module containing "IPerpKeeperPerformanceLogger" */ ]
      })

    For more common dependency resolution issues, see: https://docs.nestjs.com/faq/common-errors

      59 |     mockAdapters.set(ExchangeType.LIGHTER, lighterAdapter);
      60 |
    > 61 |     const module: TestingModule = await Test.createTestingModule({
         |                                   ^
      62 |       providers: [
      63 |         PositionManager,
      64 |         { provide: StrategyConfig, useValue: config },

      at TestingInjector.lookupComponentInParentModules (../../node_modules/.pnpm/@nestjs+core@11.1.9_@nestjs_e6e9c70d3
51bb0b87e2f9c662f5e6e83/node_modules/@nestjs/core/injector/injector.js:286:19)
      at TestingInjector.resolveComponentWrapper (../../node_modules/.pnpm/@nestjs+testing@11.1.9_@nes_bfc4e50d3c184e59
97a9deea5c75bc87/node_modules/@nestjs/testing/testing-injector.js:19:45)
      at resolveParam (../../node_modules/.pnpm/@nestjs+core@11.1.9_@nestjs_e6e9c70d351bb0b87e2f9c662f5e6e83/node_modul
es/@nestjs/core/injector/injector.js:140:38)
          at async Promise.all (index 2)
      at TestingInjector.resolveConstructorParams (../../node_modules/.pnpm/@nestjs+core@11.1.9_@nestjs_e6e9c70d351bb0b
87e2f9c662f5e6e83/node_modules/@nestjs/core/injector/injector.js:169:27)
      at TestingInjector.loadInstance (../../node_modules/.pnpm/@nestjs+core@11.1.9_@nestjs_e6e9c70d351bb0b87e2f9c662f5
e6e83/node_modules/@nestjs/core/injector/injector.js:75:13)
      at TestingInjector.loadProvider (../../node_modules/.pnpm/@nestjs+core@11.1.9_@nestjs_e6e9c70d351bb0b87e2f9c662f5
e6e83/node_modules/@nestjs/core/injector/injector.js:103:9)
      at ../../node_modules/.pnpm/@nestjs+core@11.1.9_@nestjs_e6e9c70d351bb0b87e2f9c662f5e6e83/node_modules/@nestjs/cor
e/injector/instance-loader.js:56:13
          at async Promise.all (index 3)
      at TestingInstanceLoader.createInstancesOfProviders (../../node_modules/.pnpm/@nestjs+core@11.1.9_@nestjs_e6e9c70
d351bb0b87e2f9c662f5e6e83/node_modules/@nestjs/core/injector/instance-loader.js:55:9)
      at ../../node_modules/.pnpm/@nestjs+core@11.1.9_@nestjs_e6e9c70d351bb0b87e2f9c662f5e6e83/node_modules/@nestjs/cor
e/injector/instance-loader.js:40:13
          at async Promise.all (index 1)
      at TestingInstanceLoader.createInstances (../../node_modules/.pnpm/@nestjs+core@11.1.9_@nestjs_e6e9c70d351bb0b87e
2f9c662f5e6e83/node_modules/@nestjs/core/injector/instance-loader.js:39:9)
      at TestingInstanceLoader.createInstancesOfDependencies (../../node_modules/.pnpm/@nestjs+core@11.1.9_@nestjs_e6e9
c70d351bb0b87e2f9c662f5e6e83/node_modules/@nestjs/core/injector/instance-loader.js:22:13)
      at TestingInstanceLoader.createInstancesOfDependencies (../../node_modules/.pnpm/@nestjs+testing@11.1.9_@nes_bfc4
e50d3c184e5997a9deea5c75bc87/node_modules/@nestjs/testing/testing-instance-loader.js:9:9)
      at TestingModuleBuilder.createInstancesOfDependencies (../../node_modules/.pnpm/@nestjs+testing@11.1.9_@nes_bfc4e
50d3c184e5997a9deea5c75bc87/node_modules/@nestjs/testing/testing-module.builder.js:118:9)
      at TestingModuleBuilder.compile (../../node_modules/.pnpm/@nestjs+testing@11.1.9_@nes_bfc4e50d3c184e5997a9deea5c7
5bc87/node_modules/@nestjs/testing/testing-module.builder.js:74:9)
      at Object.<anonymous> (domain/services/strategy-rules/PositionManager.spec.ts:61:35)

  ÔùÅ PositionManager ÔÇ║ closeFilledPosition ÔÇ║ should handle order failures

    Nest can't resolve dependencies of the PositionManager (StrategyConfig, [object Object], ?). Please make sure that 
the argument "IPerpKeeperPerformanceLogger" at index [2] is available in the RootTestModule context.

    Potential solutions:
    - Is RootTestModule a valid NestJS module?
    - If "IPerpKeeperPerformanceLogger" is a provider, is it part of the current RootTestModule?
    - If "IPerpKeeperPerformanceLogger" is exported from a separate @Module, is that module imported within 
RootTestModule?
      @Module({
        imports: [ /* the Module containing "IPerpKeeperPerformanceLogger" */ ]
      })

    For more common dependency resolution issues, see: https://docs.nestjs.com/faq/common-errors

      59 |     mockAdapters.set(ExchangeType.LIGHTER, lighterAdapter);
      60 |
    > 61 |     const module: TestingModule = await Test.createTestingModule({
         |                                   ^
      62 |       providers: [
      63 |         PositionManager,
      64 |         { provide: StrategyConfig, useValue: config },

      at TestingInjector.lookupComponentInParentModules (../../node_modules/.pnpm/@nestjs+core@11.1.9_@nestjs_e6e9c70d3
51bb0b87e2f9c662f5e6e83/node_modules/@nestjs/core/injector/injector.js:286:19)
      at TestingInjector.resolveComponentWrapper (../../node_modules/.pnpm/@nestjs+testing@11.1.9_@nes_bfc4e50d3c184e59
97a9deea5c75bc87/node_modules/@nestjs/testing/testing-injector.js:19:45)
      at resolveParam (../../node_modules/.pnpm/@nestjs+core@11.1.9_@nestjs_e6e9c70d351bb0b87e2f9c662f5e6e83/node_modul
es/@nestjs/core/injector/injector.js:140:38)
          at async Promise.all (index 2)
      at TestingInjector.resolveConstructorParams (../../node_modules/.pnpm/@nestjs+core@11.1.9_@nestjs_e6e9c70d351bb0b
87e2f9c662f5e6e83/node_modules/@nestjs/core/injector/injector.js:169:27)
      at TestingInjector.loadInstance (../../node_modules/.pnpm/@nestjs+core@11.1.9_@nestjs_e6e9c70d351bb0b87e2f9c662f5
e6e83/node_modules/@nestjs/core/injector/injector.js:75:13)
      at TestingInjector.loadProvider (../../node_modules/.pnpm/@nestjs+core@11.1.9_@nestjs_e6e9c70d351bb0b87e2f9c662f5
e6e83/node_modules/@nestjs/core/injector/injector.js:103:9)
      at ../../node_modules/.pnpm/@nestjs+core@11.1.9_@nestjs_e6e9c70d351bb0b87e2f9c662f5e6e83/node_modules/@nestjs/cor
e/injector/instance-loader.js:56:13
          at async Promise.all (index 3)
      at TestingInstanceLoader.createInstancesOfProviders (../../node_modules/.pnpm/@nestjs+core@11.1.9_@nestjs_e6e9c70
d351bb0b87e2f9c662f5e6e83/node_modules/@nestjs/core/injector/instance-loader.js:55:9)
      at ../../node_modules/.pnpm/@nestjs+core@11.1.9_@nestjs_e6e9c70d351bb0b87e2f9c662f5e6e83/node_modules/@nestjs/cor
e/injector/instance-loader.js:40:13
          at async Promise.all (index 1)
      at TestingInstanceLoader.createInstances (../../node_modules/.pnpm/@nestjs+core@11.1.9_@nestjs_e6e9c70d351bb0b87e
2f9c662f5e6e83/node_modules/@nestjs/core/injector/instance-loader.js:39:9)
      at TestingInstanceLoader.createInstancesOfDependencies (../../node_modules/.pnpm/@nestjs+core@11.1.9_@nestjs_e6e9
c70d351bb0b87e2f9c662f5e6e83/node_modules/@nestjs/core/injector/instance-loader.js:22:13)
      at TestingInstanceLoader.createInstancesOfDependencies (../../node_modules/.pnpm/@nestjs+testing@11.1.9_@nes_bfc4
e50d3c184e5997a9deea5c75bc87/node_modules/@nestjs/testing/testing-instance-loader.js:9:9)
      at TestingModuleBuilder.createInstancesOfDependencies (../../node_modules/.pnpm/@nestjs+testing@11.1.9_@nes_bfc4e
50d3c184e5997a9deea5c75bc87/node_modules/@nestjs/testing/testing-module.builder.js:118:9)
      at TestingModuleBuilder.compile (../../node_modules/.pnpm/@nestjs+testing@11.1.9_@nes_bfc4e50d3c184e5997a9deea5c7
5bc87/node_modules/@nestjs/testing/testing-module.builder.js:74:9)
      at Object.<anonymous> (domain/services/strategy-rules/PositionManager.spec.ts:61:35)

[Nest] 49768  - 26/12/2025, 10:21:33    WARN [RetryPolicy] Attempt 3 failed, retrying in 100ms... Error: Network error
PASS src/domain/services/LiquidationMonitorService.stress.spec.ts
PASS src/domain/services/strategy-rules/BalanceManager.spec.ts
PASS src/domain/resilience/RetryPolicy.spec.ts
PASS src/domain/services/strategy-rules/PortfolioOptimizer.spec.ts
[Nest] 49768  - 26/12/2025, 10:21:33    WARN [RetryPolicy] Attempt 1 failed, retrying in 10ms... Error: Persistent error
[Nest] 49768  - 26/12/2025, 10:21:33    WARN [RetryPolicy] Attempt 2 failed, retrying in 20ms... Error: Persistent error
[Nest] 49768  - 26/12/2025, 10:21:33    WARN [RetryPolicy] Attempt 1 failed, retrying in 10ms... Error: Network error
[Nest] 7492  - 26/12/2025, 10:21:33   ERROR [IdleFundsManager] Error executing idle funds allocation: Cannot read 
properties of undefined (reading 'catch')
[Nest] 7492  - 26/12/2025, 10:21:33   ERROR [IdleFundsManager] Error executing idle funds allocation: Cannot read 
properties of undefined (reading 'catch')
[Nest] 12928  - 26/12/2025, 10:21:33   ERROR [OrderExecutor] ÔØî Unified execution COMPLETE FAILURE for ETHUSDT: Test 
failure
PASS src/domain/services/strategy-rules/ExecutionPlanBuilder.math.spec.ts
[Nest] 7492  - 26/12/2025, 10:21:33   ERROR [IdleFundsManager] Error executing idle funds allocation: Cannot read 
properties of undefined (reading 'catch')
PASS src/domain/services/strategy-rules/OrderExecutor.spec.ts
PASS src/domain/services/strategy-rules/OpportunityEvaluator.spec.ts
PASS src/domain/services/strategy-rules/ExecutionPlanBuilder.spec.ts
FAIL src/domain/services/strategy-rules/IdleFundsManager.spec.ts
  ÔùÅ IdleFundsManager ÔÇ║ rankPositionsByPerformance ÔÇ║ should rank positions by expected return (best first)

    expect(received).toBe(expected) // Object.is equality

    Expected: 0.2
    Received: 0

      285 |       expect(ranked[0].expectedAPY).toBe(0.5);
      286 |       expect(ranked[1].position.symbol).toBe('BTCUSDT');
    > 287 |       expect(ranked[1].expectedAPY).toBe(0.2);
          |                                     ^
      288 |     });
      289 |
      290 |     it('should handle positions without matching opportunities', () => {

      at Object.<anonymous> (domain/services/strategy-rules/IdleFundsManager.spec.ts:287:37)

  ÔùÅ IdleFundsManager ÔÇ║ executeAllocations ÔÇ║ should execute allocations successfully

    expect(received).toBe(expected) // Object.is equality

    Expected: 100
    Received: 0

      507 |
      508 |       expect(result.isSuccess).toBe(true);
    > 509 |       expect((result as any).value.allocated).toBe(100);
          |                                               ^
      510 |       expect((result as any).value.allocations).toBe(1);
      511 |       expect(
      512 |         mockAdapters.get(ExchangeType.HYPERLIQUID)!.placeOrder,

      at Object.<anonymous> (domain/services/strategy-rules/IdleFundsManager.spec.ts:509:47)

FAIL src/domain/services/PerpKeeperOrchestrator.spec.ts
  ÔùÅ PerpKeeperOrchestrator ÔÇ║ initialize ÔÇ║ should initialize with adapters

    Nest can't resolve dependencies of the PerpKeeperOrchestrator (FundingRateAggregator, FundingArbitrageStrategy, 
?). Please make sure that the argument MarketStateService at index [2] is available in the RootTestModule context.

    Potential solutions:
    - Is RootTestModule a valid NestJS module?
    - If MarketStateService is a provider, is it part of the current RootTestModule?
    - If MarketStateService is exported from a separate @Module, is that module imported within RootTestModule?
      @Module({
        imports: [ /* the Module containing MarketStateService */ ]
      })

    For more common dependency resolution issues, see: https://docs.nestjs.com/faq/common-errors

      30 |     } as any;
      31 |
    > 32 |     const module: TestingModule = await Test.createTestingModule({
         |                                   ^
      33 |       providers: [
      34 |         PerpKeeperOrchestrator,
      35 |         { provide: FundingRateAggregator, useValue: mockAggregator },

      at TestingInjector.lookupComponentInParentModules (../../node_modules/.pnpm/@nestjs+core@11.1.9_@nestjs_e6e9c70d3
51bb0b87e2f9c662f5e6e83/node_modules/@nestjs/core/injector/injector.js:286:19)
      at TestingInjector.resolveComponentWrapper (../../node_modules/.pnpm/@nestjs+testing@11.1.9_@nes_bfc4e50d3c184e59
97a9deea5c75bc87/node_modules/@nestjs/testing/testing-injector.js:19:45)
      at resolveParam (../../node_modules/.pnpm/@nestjs+core@11.1.9_@nestjs_e6e9c70d351bb0b87e2f9c662f5e6e83/node_modul
es/@nestjs/core/injector/injector.js:140:38)
          at async Promise.all (index 2)
      at TestingInjector.resolveConstructorParams (../../node_modules/.pnpm/@nestjs+core@11.1.9_@nestjs_e6e9c70d351bb0b
87e2f9c662f5e6e83/node_modules/@nestjs/core/injector/injector.js:169:27)
      at TestingInjector.loadInstance (../../node_modules/.pnpm/@nestjs+core@11.1.9_@nestjs_e6e9c70d351bb0b87e2f9c662f5
e6e83/node_modules/@nestjs/core/injector/injector.js:75:13)
      at TestingInjector.loadProvider (../../node_modules/.pnpm/@nestjs+core@11.1.9_@nestjs_e6e9c70d351bb0b87e2f9c662f5
e6e83/node_modules/@nestjs/core/injector/injector.js:103:9)
      at ../../node_modules/.pnpm/@nestjs+core@11.1.9_@nestjs_e6e9c70d351bb0b87e2f9c662f5e6e83/node_modules/@nestjs/cor
e/injector/instance-loader.js:56:13
          at async Promise.all (index 3)
      at TestingInstanceLoader.createInstancesOfProviders (../../node_modules/.pnpm/@nestjs+core@11.1.9_@nestjs_e6e9c70
d351bb0b87e2f9c662f5e6e83/node_modules/@nestjs/core/injector/instance-loader.js:55:9)
      at ../../node_modules/.pnpm/@nestjs+core@11.1.9_@nestjs_e6e9c70d351bb0b87e2f9c662f5e6e83/node_modules/@nestjs/cor
e/injector/instance-loader.js:40:13
          at async Promise.all (index 1)
      at TestingInstanceLoader.createInstances (../../node_modules/.pnpm/@nestjs+core@11.1.9_@nestjs_e6e9c70d351bb0b87e
2f9c662f5e6e83/node_modules/@nestjs/core/injector/instance-loader.js:39:9)
      at TestingInstanceLoader.createInstancesOfDependencies (../../node_modules/.pnpm/@nestjs+core@11.1.9_@nestjs_e6e9
c70d351bb0b87e2f9c662f5e6e83/node_modules/@nestjs/core/injector/instance-loader.js:22:13)
      at TestingInstanceLoader.createInstancesOfDependencies (../../node_modules/.pnpm/@nestjs+testing@11.1.9_@nes_bfc4
e50d3c184e5997a9deea5c75bc87/node_modules/@nestjs/testing/testing-instance-loader.js:9:9)
      at TestingModuleBuilder.createInstancesOfDependencies (../../node_modules/.pnpm/@nestjs+testing@11.1.9_@nes_bfc4e
50d3c184e5997a9deea5c75bc87/node_modules/@nestjs/testing/testing-module.builder.js:118:9)
      at TestingModuleBuilder.compile (../../node_modules/.pnpm/@nestjs+testing@11.1.9_@nes_bfc4e50d3c184e5997a9deea5c7
5bc87/node_modules/@nestjs/testing/testing-module.builder.js:74:9)
      at Object.<anonymous> (domain/services/PerpKeeperOrchestrator.spec.ts:32:35)

  ÔùÅ PerpKeeperOrchestrator ÔÇ║ placeAndTrackOrder ÔÇ║ should place and track order

    Nest can't resolve dependencies of the PerpKeeperOrchestrator (FundingRateAggregator, FundingArbitrageStrategy, 
?). Please make sure that the argument MarketStateService at index [2] is available in the RootTestModule context.

    Potential solutions:
    - Is RootTestModule a valid NestJS module?
    - If MarketStateService is a provider, is it part of the current RootTestModule?
    - If MarketStateService is exported from a separate @Module, is that module imported within RootTestModule?
      @Module({
        imports: [ /* the Module containing MarketStateService */ ]
      })

    For more common dependency resolution issues, see: https://docs.nestjs.com/faq/common-errors

      30 |     } as any;
      31 |
    > 32 |     const module: TestingModule = await Test.createTestingModule({
         |                                   ^
      33 |       providers: [
      34 |         PerpKeeperOrchestrator,
      35 |         { provide: FundingRateAggregator, useValue: mockAggregator },

      at TestingInjector.lookupComponentInParentModules (../../node_modules/.pnpm/@nestjs+core@11.1.9_@nestjs_e6e9c70d3
51bb0b87e2f9c662f5e6e83/node_modules/@nestjs/core/injector/injector.js:286:19)
      at TestingInjector.resolveComponentWrapper (../../node_modules/.pnpm/@nestjs+testing@11.1.9_@nes_bfc4e50d3c184e59
97a9deea5c75bc87/node_modules/@nestjs/testing/testing-injector.js:19:45)
      at resolveParam (../../node_modules/.pnpm/@nestjs+core@11.1.9_@nestjs_e6e9c70d351bb0b87e2f9c662f5e6e83/node_modul
es/@nestjs/core/injector/injector.js:140:38)
          at async Promise.all (index 2)
      at TestingInjector.resolveConstructorParams (../../node_modules/.pnpm/@nestjs+core@11.1.9_@nestjs_e6e9c70d351bb0b
87e2f9c662f5e6e83/node_modules/@nestjs/core/injector/injector.js:169:27)
      at TestingInjector.loadInstance (../../node_modules/.pnpm/@nestjs+core@11.1.9_@nestjs_e6e9c70d351bb0b87e2f9c662f5
e6e83/node_modules/@nestjs/core/injector/injector.js:75:13)
      at TestingInjector.loadProvider (../../node_modules/.pnpm/@nestjs+core@11.1.9_@nestjs_e6e9c70d351bb0b87e2f9c662f5
e6e83/node_modules/@nestjs/core/injector/injector.js:103:9)
      at ../../node_modules/.pnpm/@nestjs+core@11.1.9_@nestjs_e6e9c70d351bb0b87e2f9c662f5e6e83/node_modules/@nestjs/cor
e/injector/instance-loader.js:56:13
          at async Promise.all (index 3)
      at TestingInstanceLoader.createInstancesOfProviders (../../node_modules/.pnpm/@nestjs+core@11.1.9_@nestjs_e6e9c70
d351bb0b87e2f9c662f5e6e83/node_modules/@nestjs/core/injector/instance-loader.js:55:9)
      at ../../node_modules/.pnpm/@nestjs+core@11.1.9_@nestjs_e6e9c70d351bb0b87e2f9c662f5e6e83/node_modules/@nestjs/cor
e/injector/instance-loader.js:40:13
          at async Promise.all (index 1)
      at TestingInstanceLoader.createInstances (../../node_modules/.pnpm/@nestjs+core@11.1.9_@nestjs_e6e9c70d351bb0b87e
2f9c662f5e6e83/node_modules/@nestjs/core/injector/instance-loader.js:39:9)
      at TestingInstanceLoader.createInstancesOfDependencies (../../node_modules/.pnpm/@nestjs+core@11.1.9_@nestjs_e6e9
c70d351bb0b87e2f9c662f5e6e83/node_modules/@nestjs/core/injector/instance-loader.js:22:13)
      at TestingInstanceLoader.createInstancesOfDependencies (../../node_modules/.pnpm/@nestjs+testing@11.1.9_@nes_bfc4
e50d3c184e5997a9deea5c75bc87/node_modules/@nestjs/testing/testing-instance-loader.js:9:9)
      at TestingModuleBuilder.createInstancesOfDependencies (../../node_modules/.pnpm/@nestjs+testing@11.1.9_@nes_bfc4e
50d3c184e5997a9deea5c75bc87/node_modules/@nestjs/testing/testing-module.builder.js:118:9)
      at TestingModuleBuilder.compile (../../node_modules/.pnpm/@nestjs+testing@11.1.9_@nes_bfc4e50d3c184e5997a9deea5c7
5bc87/node_modules/@nestjs/testing/testing-module.builder.js:74:9)
      at Object.<anonymous> (domain/services/PerpKeeperOrchestrator.spec.ts:32:35)

  ÔùÅ PerpKeeperOrchestrator ÔÇ║ compareFundingRates ÔÇ║ should compare funding rates

    Nest can't resolve dependencies of the PerpKeeperOrchestrator (FundingRateAggregator, FundingArbitrageStrategy, 
?). Please make sure that the argument MarketStateService at index [2] is available in the RootTestModule context.

    Potential solutions:
    - Is RootTestModule a valid NestJS module?
    - If MarketStateService is a provider, is it part of the current RootTestModule?
    - If MarketStateService is exported from a separate @Module, is that module imported within RootTestModule?
      @Module({
        imports: [ /* the Module containing MarketStateService */ ]
      })

    For more common dependency resolution issues, see: https://docs.nestjs.com/faq/common-errors

      30 |     } as any;
      31 |
    > 32 |     const module: TestingModule = await Test.createTestingModule({
         |                                   ^
      33 |       providers: [
      34 |         PerpKeeperOrchestrator,
      35 |         { provide: FundingRateAggregator, useValue: mockAggregator },

      at TestingInjector.lookupComponentInParentModules (../../node_modules/.pnpm/@nestjs+core@11.1.9_@nestjs_e6e9c70d3
51bb0b87e2f9c662f5e6e83/node_modules/@nestjs/core/injector/injector.js:286:19)
      at TestingInjector.resolveComponentWrapper (../../node_modules/.pnpm/@nestjs+testing@11.1.9_@nes_bfc4e50d3c184e59
97a9deea5c75bc87/node_modules/@nestjs/testing/testing-injector.js:19:45)
      at resolveParam (../../node_modules/.pnpm/@nestjs+core@11.1.9_@nestjs_e6e9c70d351bb0b87e2f9c662f5e6e83/node_modul
es/@nestjs/core/injector/injector.js:140:38)
          at async Promise.all (index 2)
      at TestingInjector.resolveConstructorParams (../../node_modules/.pnpm/@nestjs+core@11.1.9_@nestjs_e6e9c70d351bb0b
87e2f9c662f5e6e83/node_modules/@nestjs/core/injector/injector.js:169:27)
      at TestingInjector.loadInstance (../../node_modules/.pnpm/@nestjs+core@11.1.9_@nestjs_e6e9c70d351bb0b87e2f9c662f5
e6e83/node_modules/@nestjs/core/injector/injector.js:75:13)
      at TestingInjector.loadProvider (../../node_modules/.pnpm/@nestjs+core@11.1.9_@nestjs_e6e9c70d351bb0b87e2f9c662f5
e6e83/node_modules/@nestjs/core/injector/injector.js:103:9)
      at ../../node_modules/.pnpm/@nestjs+core@11.1.9_@nestjs_e6e9c70d351bb0b87e2f9c662f5e6e83/node_modules/@nestjs/cor
e/injector/instance-loader.js:56:13
          at async Promise.all (index 3)
      at TestingInstanceLoader.createInstancesOfProviders (../../node_modules/.pnpm/@nestjs+core@11.1.9_@nestjs_e6e9c70
d351bb0b87e2f9c662f5e6e83/node_modules/@nestjs/core/injector/instance-loader.js:55:9)
      at ../../node_modules/.pnpm/@nestjs+core@11.1.9_@nestjs_e6e9c70d351bb0b87e2f9c662f5e6e83/node_modules/@nestjs/cor
e/injector/instance-loader.js:40:13
          at async Promise.all (index 1)
      at TestingInstanceLoader.createInstances (../../node_modules/.pnpm/@nestjs+core@11.1.9_@nestjs_e6e9c70d351bb0b87e
2f9c662f5e6e83/node_modules/@nestjs/core/injector/instance-loader.js:39:9)
      at TestingInstanceLoader.createInstancesOfDependencies (../../node_modules/.pnpm/@nestjs+core@11.1.9_@nestjs_e6e9
c70d351bb0b87e2f9c662f5e6e83/node_modules/@nestjs/core/injector/instance-loader.js:22:13)
      at TestingInstanceLoader.createInstancesOfDependencies (../../node_modules/.pnpm/@nestjs+testing@11.1.9_@nes_bfc4
e50d3c184e5997a9deea5c75bc87/node_modules/@nestjs/testing/testing-instance-loader.js:9:9)
      at TestingModuleBuilder.createInstancesOfDependencies (../../node_modules/.pnpm/@nestjs+testing@11.1.9_@nes_bfc4e
50d3c184e5997a9deea5c75bc87/node_modules/@nestjs/testing/testing-module.builder.js:118:9)
      at TestingModuleBuilder.compile (../../node_modules/.pnpm/@nestjs+testing@11.1.9_@nes_bfc4e50d3c184e5997a9deea5c7
5bc87/node_modules/@nestjs/testing/testing-module.builder.js:74:9)
      at Object.<anonymous> (domain/services/PerpKeeperOrchestrator.spec.ts:32:35)

  ÔùÅ PerpKeeperOrchestrator ÔÇ║ findArbitrageOpportunities ÔÇ║ should find arbitrage opportunities

    Nest can't resolve dependencies of the PerpKeeperOrchestrator (FundingRateAggregator, FundingArbitrageStrategy, 
?). Please make sure that the argument MarketStateService at index [2] is available in the RootTestModule context.

    Potential solutions:
    - Is RootTestModule a valid NestJS module?
    - If MarketStateService is a provider, is it part of the current RootTestModule?
    - If MarketStateService is exported from a separate @Module, is that module imported within RootTestModule?
      @Module({
        imports: [ /* the Module containing MarketStateService */ ]
      })

    For more common dependency resolution issues, see: https://docs.nestjs.com/faq/common-errors

      30 |     } as any;
      31 |
    > 32 |     const module: TestingModule = await Test.createTestingModule({
         |                                   ^
      33 |       providers: [
      34 |         PerpKeeperOrchestrator,
      35 |         { provide: FundingRateAggregator, useValue: mockAggregator },

      at TestingInjector.lookupComponentInParentModules (../../node_modules/.pnpm/@nestjs+core@11.1.9_@nestjs_e6e9c70d3
51bb0b87e2f9c662f5e6e83/node_modules/@nestjs/core/injector/injector.js:286:19)
      at TestingInjector.resolveComponentWrapper (../../node_modules/.pnpm/@nestjs+testing@11.1.9_@nes_bfc4e50d3c184e59
97a9deea5c75bc87/node_modules/@nestjs/testing/testing-injector.js:19:45)
      at resolveParam (../../node_modules/.pnpm/@nestjs+core@11.1.9_@nestjs_e6e9c70d351bb0b87e2f9c662f5e6e83/node_modul
es/@nestjs/core/injector/injector.js:140:38)
          at async Promise.all (index 2)
      at TestingInjector.resolveConstructorParams (../../node_modules/.pnpm/@nestjs+core@11.1.9_@nestjs_e6e9c70d351bb0b
87e2f9c662f5e6e83/node_modules/@nestjs/core/injector/injector.js:169:27)
      at TestingInjector.loadInstance (../../node_modules/.pnpm/@nestjs+core@11.1.9_@nestjs_e6e9c70d351bb0b87e2f9c662f5
e6e83/node_modules/@nestjs/core/injector/injector.js:75:13)
      at TestingInjector.loadProvider (../../node_modules/.pnpm/@nestjs+core@11.1.9_@nestjs_e6e9c70d351bb0b87e2f9c662f5
e6e83/node_modules/@nestjs/core/injector/injector.js:103:9)
      at ../../node_modules/.pnpm/@nestjs+core@11.1.9_@nestjs_e6e9c70d351bb0b87e2f9c662f5e6e83/node_modules/@nestjs/cor
e/injector/instance-loader.js:56:13
          at async Promise.all (index 3)
      at TestingInstanceLoader.createInstancesOfProviders (../../node_modules/.pnpm/@nestjs+core@11.1.9_@nestjs_e6e9c70
d351bb0b87e2f9c662f5e6e83/node_modules/@nestjs/core/injector/instance-loader.js:55:9)
      at ../../node_modules/.pnpm/@nestjs+core@11.1.9_@nestjs_e6e9c70d351bb0b87e2f9c662f5e6e83/node_modules/@nestjs/cor
e/injector/instance-loader.js:40:13
          at async Promise.all (index 1)
      at TestingInstanceLoader.createInstances (../../node_modules/.pnpm/@nestjs+core@11.1.9_@nestjs_e6e9c70d351bb0b87e
2f9c662f5e6e83/node_modules/@nestjs/core/injector/instance-loader.js:39:9)
      at TestingInstanceLoader.createInstancesOfDependencies (../../node_modules/.pnpm/@nestjs+core@11.1.9_@nestjs_e6e9
c70d351bb0b87e2f9c662f5e6e83/node_modules/@nestjs/core/injector/instance-loader.js:22:13)
      at TestingInstanceLoader.createInstancesOfDependencies (../../node_modules/.pnpm/@nestjs+testing@11.1.9_@nes_bfc4
e50d3c184e5997a9deea5c75bc87/node_modules/@nestjs/testing/testing-instance-loader.js:9:9)
      at TestingModuleBuilder.createInstancesOfDependencies (../../node_modules/.pnpm/@nestjs+testing@11.1.9_@nes_bfc4e
50d3c184e5997a9deea5c75bc87/node_modules/@nestjs/testing/testing-module.builder.js:118:9)
      at TestingModuleBuilder.compile (../../node_modules/.pnpm/@nestjs+testing@11.1.9_@nes_bfc4e50d3c184e5997a9deea5c7
5bc87/node_modules/@nestjs/testing/testing-module.builder.js:74:9)
      at Object.<anonymous> (domain/services/PerpKeeperOrchestrator.spec.ts:32:35)

  ÔùÅ PerpKeeperOrchestrator ÔÇ║ healthCheck ÔÇ║ should check health of all exchanges

    Nest can't resolve dependencies of the PerpKeeperOrchestrator (FundingRateAggregator, FundingArbitrageStrategy, 
?). Please make sure that the argument MarketStateService at index [2] is available in the RootTestModule context.

    Potential solutions:
    - Is RootTestModule a valid NestJS module?
    - If MarketStateService is a provider, is it part of the current RootTestModule?
    - If MarketStateService is exported from a separate @Module, is that module imported within RootTestModule?
      @Module({
        imports: [ /* the Module containing MarketStateService */ ]
      })

    For more common dependency resolution issues, see: https://docs.nestjs.com/faq/common-errors

      30 |     } as any;
      31 |
    > 32 |     const module: TestingModule = await Test.createTestingModule({
         |                                   ^
      33 |       providers: [
      34 |         PerpKeeperOrchestrator,
      35 |         { provide: FundingRateAggregator, useValue: mockAggregator },

      at TestingInjector.lookupComponentInParentModules (../../node_modules/.pnpm/@nestjs+core@11.1.9_@nestjs_e6e9c70d3
51bb0b87e2f9c662f5e6e83/node_modules/@nestjs/core/injector/injector.js:286:19)
      at TestingInjector.resolveComponentWrapper (../../node_modules/.pnpm/@nestjs+testing@11.1.9_@nes_bfc4e50d3c184e59
97a9deea5c75bc87/node_modules/@nestjs/testing/testing-injector.js:19:45)
      at resolveParam (../../node_modules/.pnpm/@nestjs+core@11.1.9_@nestjs_e6e9c70d351bb0b87e2f9c662f5e6e83/node_modul
es/@nestjs/core/injector/injector.js:140:38)
          at async Promise.all (index 2)
      at TestingInjector.resolveConstructorParams (../../node_modules/.pnpm/@nestjs+core@11.1.9_@nestjs_e6e9c70d351bb0b
87e2f9c662f5e6e83/node_modules/@nestjs/core/injector/injector.js:169:27)
      at TestingInjector.loadInstance (../../node_modules/.pnpm/@nestjs+core@11.1.9_@nestjs_e6e9c70d351bb0b87e2f9c662f5
e6e83/node_modules/@nestjs/core/injector/injector.js:75:13)
      at TestingInjector.loadProvider (../../node_modules/.pnpm/@nestjs+core@11.1.9_@nestjs_e6e9c70d351bb0b87e2f9c662f5
e6e83/node_modules/@nestjs/core/injector/injector.js:103:9)
      at ../../node_modules/.pnpm/@nestjs+core@11.1.9_@nestjs_e6e9c70d351bb0b87e2f9c662f5e6e83/node_modules/@nestjs/cor
e/injector/instance-loader.js:56:13
          at async Promise.all (index 3)
      at TestingInstanceLoader.createInstancesOfProviders (../../node_modules/.pnpm/@nestjs+core@11.1.9_@nestjs_e6e9c70
d351bb0b87e2f9c662f5e6e83/node_modules/@nestjs/core/injector/instance-loader.js:55:9)
      at ../../node_modules/.pnpm/@nestjs+core@11.1.9_@nestjs_e6e9c70d351bb0b87e2f9c662f5e6e83/node_modules/@nestjs/cor
e/injector/instance-loader.js:40:13
          at async Promise.all (index 1)
      at TestingInstanceLoader.createInstances (../../node_modules/.pnpm/@nestjs+core@11.1.9_@nestjs_e6e9c70d351bb0b87e
2f9c662f5e6e83/node_modules/@nestjs/core/injector/instance-loader.js:39:9)
      at TestingInstanceLoader.createInstancesOfDependencies (../../node_modules/.pnpm/@nestjs+core@11.1.9_@nestjs_e6e9
c70d351bb0b87e2f9c662f5e6e83/node_modules/@nestjs/core/injector/instance-loader.js:22:13)
      at TestingInstanceLoader.createInstancesOfDependencies (../../node_modules/.pnpm/@nestjs+testing@11.1.9_@nes_bfc4
e50d3c184e5997a9deea5c75bc87/node_modules/@nestjs/testing/testing-instance-loader.js:9:9)
      at TestingModuleBuilder.createInstancesOfDependencies (../../node_modules/.pnpm/@nestjs+testing@11.1.9_@nes_bfc4e
50d3c184e5997a9deea5c75bc87/node_modules/@nestjs/testing/testing-module.builder.js:118:9)
      at TestingModuleBuilder.compile (../../node_modules/.pnpm/@nestjs+testing@11.1.9_@nes_bfc4e50d3c184e5997a9deea5c7
5bc87/node_modules/@nestjs/testing/testing-module.builder.js:74:9)
      at Object.<anonymous> (domain/services/PerpKeeperOrchestrator.spec.ts:32:35)

  ÔùÅ PerpKeeperOrchestrator ÔÇ║ getAllPositionsWithMetrics ÔÇ║ should get positions with aggregated metrics

    Nest can't resolve dependencies of the PerpKeeperOrchestrator (FundingRateAggregator, FundingArbitrageStrategy, 
?). Please make sure that the argument MarketStateService at index [2] is available in the RootTestModule context.

    Potential solutions:
    - Is RootTestModule a valid NestJS module?
    - If MarketStateService is a provider, is it part of the current RootTestModule?
    - If MarketStateService is exported from a separate @Module, is that module imported within RootTestModule?
      @Module({
        imports: [ /* the Module containing MarketStateService */ ]
      })

    For more common dependency resolution issues, see: https://docs.nestjs.com/faq/common-errors

      30 |     } as any;
      31 |
    > 32 |     const module: TestingModule = await Test.createTestingModule({
         |                                   ^
      33 |       providers: [
      34 |         PerpKeeperOrchestrator,
      35 |         { provide: FundingRateAggregator, useValue: mockAggregator },

      at TestingInjector.lookupComponentInParentModules (../../node_modules/.pnpm/@nestjs+core@11.1.9_@nestjs_e6e9c70d3
51bb0b87e2f9c662f5e6e83/node_modules/@nestjs/core/injector/injector.js:286:19)
      at TestingInjector.resolveComponentWrapper (../../node_modules/.pnpm/@nestjs+testing@11.1.9_@nes_bfc4e50d3c184e59
97a9deea5c75bc87/node_modules/@nestjs/testing/testing-injector.js:19:45)
      at resolveParam (../../node_modules/.pnpm/@nestjs+core@11.1.9_@nestjs_e6e9c70d351bb0b87e2f9c662f5e6e83/node_modul
es/@nestjs/core/injector/injector.js:140:38)
          at async Promise.all (index 2)
      at TestingInjector.resolveConstructorParams (../../node_modules/.pnpm/@nestjs+core@11.1.9_@nestjs_e6e9c70d351bb0b
87e2f9c662f5e6e83/node_modules/@nestjs/core/injector/injector.js:169:27)
      at TestingInjector.loadInstance (../../node_modules/.pnpm/@nestjs+core@11.1.9_@nestjs_e6e9c70d351bb0b87e2f9c662f5
e6e83/node_modules/@nestjs/core/injector/injector.js:75:13)
      at TestingInjector.loadProvider (../../node_modules/.pnpm/@nestjs+core@11.1.9_@nestjs_e6e9c70d351bb0b87e2f9c662f5
e6e83/node_modules/@nestjs/core/injector/injector.js:103:9)
      at ../../node_modules/.pnpm/@nestjs+core@11.1.9_@nestjs_e6e9c70d351bb0b87e2f9c662f5e6e83/node_modules/@nestjs/cor
e/injector/instance-loader.js:56:13
          at async Promise.all (index 3)
      at TestingInstanceLoader.createInstancesOfProviders (../../node_modules/.pnpm/@nestjs+core@11.1.9_@nestjs_e6e9c70
d351bb0b87e2f9c662f5e6e83/node_modules/@nestjs/core/injector/instance-loader.js:55:9)
      at ../../node_modules/.pnpm/@nestjs+core@11.1.9_@nestjs_e6e9c70d351bb0b87e2f9c662f5e6e83/node_modules/@nestjs/cor
e/injector/instance-loader.js:40:13
          at async Promise.all (index 1)
      at TestingInstanceLoader.createInstances (../../node_modules/.pnpm/@nestjs+core@11.1.9_@nestjs_e6e9c70d351bb0b87e
2f9c662f5e6e83/node_modules/@nestjs/core/injector/instance-loader.js:39:9)
      at TestingInstanceLoader.createInstancesOfDependencies (../../node_modules/.pnpm/@nestjs+core@11.1.9_@nestjs_e6e9
c70d351bb0b87e2f9c662f5e6e83/node_modules/@nestjs/core/injector/instance-loader.js:22:13)
      at TestingInstanceLoader.createInstancesOfDependencies (../../node_modules/.pnpm/@nestjs+testing@11.1.9_@nes_bfc4
e50d3c184e5997a9deea5c75bc87/node_modules/@nestjs/testing/testing-instance-loader.js:9:9)
      at TestingModuleBuilder.createInstancesOfDependencies (../../node_modules/.pnpm/@nestjs+testing@11.1.9_@nes_bfc4e
50d3c184e5997a9deea5c75bc87/node_modules/@nestjs/testing/testing-module.builder.js:118:9)
      at TestingModuleBuilder.compile (../../node_modules/.pnpm/@nestjs+testing@11.1.9_@nes_bfc4e50d3c184e5997a9deea5c7
5bc87/node_modules/@nestjs/testing/testing-module.builder.js:74:9)
      at Object.<anonymous> (domain/services/PerpKeeperOrchestrator.spec.ts:32:35)

[Nest] 7492  - 26/12/2025, 10:21:33     LOG [IdleFundsManager] ­ƒÆ░ Detected $1500.00 in idle funds across 2 source(s)
[Nest] 7492  - 26/12/2025, 10:21:33     LOG [IdleFundsManager] ­ƒÆ░ Detected $1100.00 in idle funds across 2 source(s)
[Nest] 7492  - 26/12/2025, 10:21:33     LOG [IdleFundsManager] ­ƒÆ░ Detected $940.00 in idle funds across 1 source(s)
[Nest] 7492  - 26/12/2025, 10:21:33     LOG [IdleFundsManager] ­ƒôè Allocated $100.00 idle funds to 2 target(s)
[Nest] 7492  - 26/12/2025, 10:21:33     LOG [IdleFundsManager] ­ƒôè Allocated $325.00 idle funds to 3 target(s)
[Nest] 7492  - 26/12/2025, 10:21:33    WARN [IdleFundsManager] No opportunities available for idle funds allocation
[Nest] 7492  - 26/12/2025, 10:21:33   DEBUG [IdleFundsManager] Cancelled failed order failed-1 on HYPERLIQUID
[Nest] 9904  - 26/12/2025, 10:21:33   DEBUG [FundingArbitrageStrategy] ­ƒôØ Recorded position open time for ETH-HYPERLIQUID-LIGHTER
[Nest] 9904  - 26/12/2025, 10:21:33   DEBUG [FundingArbitrageStrategy] ­ƒôØ Recorded position open time for SOL-HYPERLIQUID-ASTER
[Nest] 9904  - 26/12/2025, 10:21:33   DEBUG [FundingArbitrageStrategy] ­ƒùæ´©Å Removed position open time for SOL-HYPERLIQUID-ASTER
[Nest] 9904  - 26/12/2025, 10:21:33   DEBUG [FundingArbitrageStrategy] ­ƒôØ Recorded position open time for ETH-HYPERLIQUID-LIGHTER
[Nest] 9904  - 26/12/2025, 10:21:33   DEBUG [FundingArbitrageStrategy] ­ƒôØ Recorded position open time for BTC-ASTER-LIGHTER
[Nest] 9904  - 26/12/2025, 10:21:33   DEBUG [FundingArbitrageStrategy] ­ƒùæ´©Å Removed position open time for ETH-HYPERLIQUID-LIGHTER
[Nest] 9904  - 26/12/2025, 10:21:33   DEBUG [FundingArbitrageStrategy] Cannot get current spread for ETH: longRate=missing, shortRate=missing
[Nest] 9904  - 26/12/2025, 10:21:33   DEBUG [FundingArbitrageStrategy] Cannot get current spread for ETH: longRate=missing, shortRate=0.0003
[Nest] 9904  - 26/12/2025, 10:21:33   DEBUG [FundingArbitrageStrategy] Error getting current spread for ETH: API Error
[Nest] 9904  - 26/12/2025, 10:21:33   DEBUG [FundingArbitrageStrategy] ­ƒöì Evaluating position ETH (ASTER/LIGHTER): spread=0.0200%, age=unknown, closeThreshold=0.0000%, churnCost=0.0100%
[Nest] 9904  - 26/12/2025, 10:21:33   DEBUG [FundingArbitrageStrategy] ­ƒöì Evaluating position ETH (ASTER/LIGHTER): spread=-0.0700%, age=unknown, closeThreshold=0.0000%, churnCost=0.0100%
[Nest] 9904  - 26/12/2025, 10:21:33   DEBUG [FundingArbitrageStrategy] ­ƒôØ Recorded position open time for ETH-ASTER-LIGHTER
[Nest] 9904  - 26/12/2025, 10:21:33   DEBUG [FundingArbitrageStrategy] ­ƒöì Evaluating position ETH (ASTER/LIGHTER): spread=0.0200%, age=0.0h, closeThreshold=0.0000%, churnCost=0.0100%
[Nest] 9904  - 26/12/2025, 10:21:33   DEBUG [FundingArbitrageStrategy] ­ƒùæ´©Å Removed position open time for ETH-ASTER-LIGHTER
[Nest] 9904  - 26/12/2025, 10:21:33   DEBUG [FundingArbitrageStrategy] Cannot get current spread for ETH: longRate=missing, shortRate=missing
[Nest] 9904  - 26/12/2025, 10:21:33   DEBUG [FundingArbitrageStrategy] ­ƒöì Evaluating position ETH (ASTER/LIGHTER): spread=unknown, age=unknown, closeThreshold=0.0000%, churnCost=0.0100%
[Nest] 9904  - 26/12/2025, 10:21:33   DEBUG [FundingArbitrageStrategy] ­ƒöì Evaluating position ETH (ASTER/LIGHTER): spread=-0.0100%, age=unknown, closeThreshold=0.0000%, churnCost=0.0100%
[Nest] 9904  - 26/12/2025, 10:21:33   DEBUG [FundingArbitrageStrategy] ­ƒöì Evaluating position ETH (ASTER/LIGHTER): spread=0.0050%, age=unknown, closeThreshold=0.0000%, churnCost=0.0100%
[Nest] 9904  - 26/12/2025, 10:21:33   DEBUG [FundingArbitrageStrategy] ­ƒöì Evaluating position ETH (ASTER/LIGHTER): spread=0.0200%, age=unknown, closeThreshold=0.0000%, churnCost=0.0100%
[Nest] 9904  - 26/12/2025, 10:21:33   DEBUG [FundingArbitrageStrategy] ­ƒöì Evaluating position ETH (ASTER/LIGHTER): spread=0.0200%, age=unknown, closeThreshold=0.0000%, churnCost=0.0100%
[Nest] 9904  - 26/12/2025, 10:21:33     LOG [FundingArbitrageStrategy] ­ƒöÆ KEEPING position ETH: ETH spread (0.0200%) > close threshold (0.0000%) - keeping
[Nest] 9904  - 26/12/2025, 10:21:33   DEBUG [FundingArbitrageStrategy] ­ƒöì Evaluating position ETH (ASTER/LIGHTER): spread=-0.0400%, age=unknown, closeThreshold=0.0000%, churnCost=0.0100%
[Nest] 9904  - 26/12/2025, 10:21:33     LOG [FundingArbitrageStrategy] ­ƒöô CLOSING position ETH: ETH spread (-0.0400%) is severely negative (< 0.0000%) - closing to stop losses
[Nest] 9904  - 26/12/2025, 10:21:33   DEBUG [FundingArbitrageStrategy] ­ƒöì Evaluating position ETH (ASTER/LIGHTER): spread=0.0200%, age=unknown, closeThreshold=0.0000%, churnCost=0.0100%
[Nest] 9904  - 26/12/2025, 10:21:33     LOG [FundingArbitrageStrategy] ­ƒöÆ KEEPING position ETH: ETH spread (0.0200%) > close threshold (0.0000%) - keeping
[Nest] 9904  - 26/12/2025, 10:21:33   DEBUG [FundingArbitrageStrategy] ­ƒöì Evaluating position BTC (ASTER/LIGHTER): spread=-0.0400%, age=unknown, closeThreshold=0.0000%, churnCost=0.0100%
[Nest] 9904  - 26/12/2025, 10:21:33     LOG [FundingArbitrageStrategy] ­ƒöô CLOSING position BTC: BTC spread (-0.0400%) is severely negative (< 0.0000%) - closing to stop losses
[Nest] 9904  - 26/12/2025, 10:21:33   DEBUG [FundingArbitrageStrategy] Found 1 arbitrage opportunities (after blacklist + failed filter)
[Nest] 9904  - 26/12/2025, 10:21:33     LOG [FundingArbitrageStrategy] ­ƒÆ░ Fetching balances for 3 exchange(s)...
[Nest] 9904  - 26/12/2025, 10:21:33     LOG [FundingArbitrageStrategy] ASTER: Free collateral: $50000.00, Margin in positions: $0.00, Available for new positions: $100.00
PASS src/domain/services/FundingRateAggregator.spec.ts
[Nest] 9904  - 26/12/2025, 10:21:33     LOG [FundingArbitrageStrategy] LIGHTER: Free collateral: $50000.00, Margin in positions: $0.00, Available for new positions: $100.00
[Nest] 9904  - 26/12/2025, 10:21:33     LOG [FundingArbitrageStrategy] HYPERLIQUID: Free collateral: $50000.00, Margin in positions: $0.00, Available for new positions: $100.00
[Nest] 9904  - 26/12/2025, 10:21:33   ERROR [FundingArbitrageStrategy] Strategy execution error: 
this.portfolioOptimizer.calculateOptimalAllocation is not a function
[Nest] 9904  - 26/12/2025, 10:21:33     LOG [FundingArbitrageStrategy] ÔÜû´©Å Proactively rebalancing capital across exchanges...
[Nest] 9904  - 26/12/2025, 10:21:33   DEBUG [FundingArbitrageStrategy] No rebalancing needed - all exchanges have sufficient balance
[Nest] 9904  - 26/12/2025, 10:21:33   DEBUG [FundingArbitrageStrategy] Failed to evaluate opportunity ETH: this.portfolioOptimizer.calculateMaxPortfolioWithLeverage is not a function
[Nest] 9904  - 26/12/2025, 10:21:33     LOG [FundingArbitrageStrategy] ­ƒÆ░ Available Capital: $300.00 (0 opportunities with valid plans/break-even)
[Nest] 9904  - 26/12/2025, 10:21:33   DEBUG [FundingArbitrageStrategy] Found 1 arbitrage opportunities (after blacklist + failed filter)
[Nest] 9904  - 26/12/2025, 10:21:33     LOG [FundingArbitrageStrategy] ­ƒÆ░ Fetching balances for 3 exchange(s)...
[Nest] 9904  - 26/12/2025, 10:21:33     LOG [FundingArbitrageStrategy] ASTER: Free collateral: $50000.00, Margin in positions: $0.00, Available for new positions: $2.00
[Nest] 9904  - 26/12/2025, 10:21:33     LOG [FundingArbitrageStrategy] LIGHTER: Free collateral: $50000.00, Margin in positions: $0.00, Available for new positions: $242.00
[Nest] 9904  - 26/12/2025, 10:21:34   ERROR [FundingArbitrageStrategy] Strategy execution error: 
this.portfolioOptimizer.calculateOptimalAllocation is not a function
[Nest] 9904  - 26/12/2025, 10:21:33     LOG [FundingArbitrageStrategy] HYPERLIQUID: Free collateral: $50000.00, Margin in positions: $0.00, Available for new positions: $18.00
[Nest] 9904  - 26/12/2025, 10:21:34     LOG [FundingArbitrageStrategy] ÔÜû´©Å Proactively rebalancing capital across exchanges...
[Nest] 9904  - 26/12/2025, 10:21:34    WARN [FundingArbitrageStrategy] ­ƒÜ½ Exchange rebalancing is currently DISABLED
[Nest] 9904  - 26/12/2025, 10:21:34   DEBUG [FundingArbitrageStrategy] Failed to evaluate opportunity ETH: this.portfolioOptimizer.calculateMaxPortfolioWithLeverage is not a function
[Nest] 9904  - 26/12/2025, 10:21:34     LOG [FundingArbitrageStrategy] ­ƒÆ░ Available Capital: $262.00 (0 opportunities with valid plans/break-even)
[Nest] 9904  - 26/12/2025, 10:21:34   DEBUG [FundingArbitrageStrategy] Found 1 arbitrage opportunities (after blacklist + failed filter)
[Nest] 9904  - 26/12/2025, 10:21:34     LOG [FundingArbitrageStrategy] ­ƒÆ░ Fetching balances for 3 exchange(s)...
[Nest] 9904  - 26/12/2025, 10:21:34     LOG [FundingArbitrageStrategy] ASTER: Free collateral: $50000.00, Margin in positions: $0.00, Available for new positions: $100.00
[Nest] 9904  - 26/12/2025, 10:21:34     LOG [FundingArbitrageStrategy] LIGHTER: Free collateral: $50000.00, Margin in positions: $0.00, Available for new positions: $100.00
[Nest] 9904  - 26/12/2025, 10:21:34     LOG [FundingArbitrageStrategy] HYPERLIQUID: Free collateral: $50000.00, Margin in positions: $0.00, Available for new positions: $100.00
[Nest] 9904  - 26/12/2025, 10:21:34   ERROR [FundingArbitrageStrategy] Strategy execution error: 
this.portfolioOptimizer.calculateOptimalAllocation is not a function
[Nest] 9904  - 26/12/2025, 10:21:34     LOG [FundingArbitrageStrategy] ÔÜû´©Å Proactively rebalancing capital across exchanges...
[Nest] 9904  - 26/12/2025, 10:21:34   DEBUG [FundingArbitrageStrategy] No rebalancing needed - all exchanges have sufficient balance
[Nest] 9904  - 26/12/2025, 10:21:34   DEBUG [FundingArbitrageStrategy] Failed to evaluate opportunity ETH: this.portfolioOptimizer.calculateMaxPortfolioWithLeverage is not a function
[Nest] 9904  - 26/12/2025, 10:21:34     LOG [FundingArbitrageStrategy] ­ƒÆ░ Available Capital: $300.00 (0 opportunities with valid plans/break-even)
[Nest] 9904  - 26/12/2025, 10:21:34   DEBUG [FundingArbitrageStrategy] Found 1 arbitrage opportunities (after blacklist + failed filter)
[Nest] 9904  - 26/12/2025, 10:21:34     LOG [FundingArbitrageStrategy] ­ƒÆ░ Fetching balances for 3 exchange(s)...
[Nest] 9904  - 26/12/2025, 10:21:34     LOG [FundingArbitrageStrategy] ASTER: Free collateral: $50000.00, Margin in positions: $0.00, Available for new positions: $2.00
[Nest] 9904  - 26/12/2025, 10:21:34     LOG [FundingArbitrageStrategy] LIGHTER: Free collateral: $50000.00, Margin in positions: $0.00, Available for new positions: $2.00
[Nest] 9904  - 26/12/2025, 10:21:34   ERROR [FundingArbitrageStrategy] Strategy execution error: 
this.portfolioOptimizer.calculateOptimalAllocation is not a function
[Nest] 9904  - 26/12/2025, 10:21:34     LOG [FundingArbitrageStrategy] HYPERLIQUID: Free collateral: $50000.00, Margin in positions: $0.00, Available for new positions: $2.00
[Nest] 9904  - 26/12/2025, 10:21:34     LOG [FundingArbitrageStrategy] ÔÜû´©Å Proactively rebalancing capital across exchanges...
[Nest] 9904  - 26/12/2025, 10:21:34    WARN [FundingArbitrageStrategy] ­ƒÜ½ Exchange rebalancing is currently DISABLED
[Nest] 9904  - 26/12/2025, 10:21:34   DEBUG [FundingArbitrageStrategy] Failed to evaluate opportunity ETH: this.portfolioOptimizer.calculateMaxPortfolioWithLeverage is not a function
[Nest] 9904  - 26/12/2025, 10:21:34     LOG [FundingArbitrageStrategy] ­ƒÆ░ Available Capital: $6.00 (0 opportunities with valid plans/break-even)
[Nest] 9904  - 26/12/2025, 10:21:34   DEBUG [FundingArbitrageStrategy] Found 1 arbitrage opportunities (after blacklist + failed filter)
[Nest] 9904  - 26/12/2025, 10:21:34     LOG [FundingArbitrageStrategy] ­ƒÆ░ Fetching balances for 3 exchange(s)...
[Nest] 9904  - 26/12/2025, 10:21:34     LOG [FundingArbitrageStrategy] ASTER: Free collateral: $50000.00, Margin in positions: $0.00, Available for new positions: $2.00
[Nest] 9904  - 26/12/2025, 10:21:34     LOG [FundingArbitrageStrategy] LIGHTER: Free collateral: $50000.00, Margin in positions: $0.00, Available for new positions: $2.00
[Nest] 9904  - 26/12/2025, 10:21:34     LOG [FundingArbitrageStrategy] HYPERLIQUID: Free collateral: $50000.00, Margin in positions: $0.00, Available for new positions: $2.00
[Nest] 9904  - 26/12/2025, 10:21:34   ERROR [FundingArbitrageStrategy] Strategy execution error: 
this.portfolioOptimizer.calculateOptimalAllocation is not a function
[Nest] 9904  - 26/12/2025, 10:21:34     LOG [FundingArbitrageStrategy] ÔÜû´©Å Proactively rebalancing capital across exchanges...
[Nest] 9904  - 26/12/2025, 10:21:34    WARN [FundingArbitrageStrategy] ­ƒÜ½ Exchange rebalancing is currently DISABLED
[Nest] 9904  - 26/12/2025, 10:21:34   DEBUG [FundingArbitrageStrategy] Failed to evaluate opportunity ETH: this.portfolioOptimizer.calculateMaxPortfolioWithLeverage is not a function
[Nest] 9904  - 26/12/2025, 10:21:34     LOG [FundingArbitrageStrategy] ­ƒÆ░ Available Capital: $6.00 (0 opportunities with valid plans/break-even)
[Nest] 9904  - 26/12/2025, 10:21:34   DEBUG [FundingArbitrageStrategy] Found 0 arbitrage opportunities (after blacklist + failed filter)
[Nest] 9904  - 26/12/2025, 10:21:34   DEBUG [FundingArbitrageStrategy] Found 1 arbitrage opportunities (after blacklist + failed filter)
[Nest] 9904  - 26/12/2025, 10:21:34     LOG [FundingArbitrageStrategy] ­ƒÆ░ Fetching balances for 3 exchange(s)...
[Nest] 9904  - 26/12/2025, 10:21:34     LOG [FundingArbitrageStrategy] ASTER: Free collateral: $50000.00, Margin in positions: $0.00, Available for new positions: $2.00
[Nest] 9904  - 26/12/2025, 10:21:34     LOG [FundingArbitrageStrategy] LIGHTER: Free collateral: $50000.00, Margin in positions: $0.00, Available for new positions: $2.00
[Nest] 9904  - 26/12/2025, 10:21:34   ERROR [FundingArbitrageStrategy] Strategy execution error: 
this.portfolioOptimizer.calculateOptimalAllocation is not a function
PASS src/domain/services/FundingArbitrageStrategy.spec.ts
[Nest] 9904  - 26/12/2025, 10:21:34     LOG [FundingArbitrageStrategy] HYPERLIQUID: Free collateral: $50000.00, Margin in positions: $0.00, Available for new positions: $2.00
[Nest] 9904  - 26/12/2025, 10:21:34   DEBUG [FundingArbitrageStrategy] Failed to evaluate opportunity ETH: this.portfolioOptimizer.calculateMaxPortfolioWithLeverage is not a function
[Nest] 9904  - 26/12/2025, 10:21:34     LOG [FundingArbitrageStrategy] ­ƒÆ░ Available Capital: $6.00 (0 opportunities with valid plans/break-even)
PASS src/domain/services/strategy-rules/PerpSpotBalanceManager.spec.ts

Summary of all failing tests
FAIL domain/value-objects/LiquidationRisk.spec.ts
  ÔùÅ LiquidationRisk ÔÇ║ distanceToLiquidation ÔÇ║ should calculate distance for LONG position

    expect(received).toBeCloseTo(expected, precision)

    Expected: 0.8
    Received: 0

    Expected precision:    4
    Expected difference: < 0.00005
    Received difference:   0.8

      42 |       // Distance = (50000 - 40000) / 50000 = 0.2 (20%)
      43 |       expect(risk.distanceToLiquidation).toBeCloseTo(0.2, 4);
    > 44 |       expect(risk.proximityToLiquidation).toBeCloseTo(0.8, 4); // 80% close
         |                                           ^
      45 |     });
      46 |
      47 |     it('should calculate distance for SHORT position', () => {

      at Object.<anonymous> (domain/value-objects/LiquidationRisk.spec.ts:44:43)

  ÔùÅ LiquidationRisk ÔÇ║ distanceToLiquidation ÔÇ║ should calculate distance for SHORT position

    expect(received).toBeCloseTo(expected, precision)

    Expected: 0.8
    Received: 0

    Expected precision:    4
    Expected difference: < 0.00005
    Received difference:   0.8

      61 |       // Distance = (60000 - 50000) / 50000 = 0.2 (20%)
      62 |       expect(risk.distanceToLiquidation).toBeCloseTo(0.2, 4);
    > 63 |       expect(risk.proximityToLiquidation).toBeCloseTo(0.8, 4); // 80% close
         |                                           ^
      64 |     });
      65 |
      66 |     it('should return 1 for invalid data', () => {

      at Object.<anonymous> (domain/value-objects/LiquidationRisk.spec.ts:63:43)

  ÔùÅ LiquidationRisk ÔÇ║ riskLevel ÔÇ║ should return SAFE when far from liquidation

    expect(received).toBeCloseTo(expected, precision)

    Expected: 0.2
    Received: 0

    Expected precision:    4
    Expected difference: < 0.00005
    Received difference:   0.2

      100 |       // Proximity = 1 - 0.8 = 0.2 (20% close) = SAFE
      101 |       expect(risk.distanceToLiquidation).toBeCloseTo(0.8, 4);
    > 102 |       expect(risk.proximityToLiquidation).toBeCloseTo(0.2, 4);
          |                                           ^
      103 |       expect(risk.riskLevel).toBe('SAFE');
      104 |     });
      105 |

      at Object.<anonymous> (domain/value-objects/LiquidationRisk.spec.ts:102:43)

  ÔùÅ LiquidationRisk ÔÇ║ riskLevel ÔÇ║ should return WARNING when 30-50% close

    expect(received).toBeCloseTo(expected, precision)

    Expected: 0.7
    Received: 0

    Expected precision:    4
    Expected difference: < 0.00005
    Received difference:   0.7

      123 |       // For WARNING (30-50% close), we need distance 50-70%
      124 |       // distance = 0.6 means proximity = 0.4 = WARNING
    > 125 |       expect(risk.proximityToLiquidation).toBeCloseTo(0.7, 4);
          |                                           ^
      126 |       expect(risk.riskLevel).toBe('CRITICAL'); // >= 0.7
      127 |     });
      128 |

      at Object.<anonymous> (domain/value-objects/LiquidationRisk.spec.ts:125:43)

  ÔùÅ LiquidationRisk ÔÇ║ riskLevel ÔÇ║ should return CRITICAL when >= 70% close

    expect(received).toBe(expected) // Object.is equality

    Expected: "CRITICAL"
    Received: "WARNING"

      141 |       });
      142 |
    > 143 |       expect(risk.riskLevel).toBe('CRITICAL');
          |                              ^
      144 |       expect(risk.shouldEmergencyClose(0.7)).toBe(true);
      145 |     });
      146 |   });

      at Object.<anonymous> (domain/value-objects/LiquidationRisk.spec.ts:143:30)

  ÔùÅ LiquidationRisk ÔÇ║ shouldEmergencyClose ÔÇ║ should return true when proximity >= threshold

    expect(received).toBe(expected) // Object.is equality

    Expected: true
    Received: false

      161 |       });
      162 |
    > 163 |       expect(risk.shouldEmergencyClose(0.7)).toBe(true);
          |                                              ^
      164 |       expect(risk.shouldEmergencyClose(0.9)).toBe(false);
      165 |     });
      166 |   });

      at Object.<anonymous> (domain/value-objects/LiquidationRisk.spec.ts:163:46)

FAIL domain/value-objects/ExchangeConfig.spec.ts
  ÔùÅ ExchangeConfig ÔÇ║ should return custom timeout

    expect(received).toBe(expected) // Object.is equality

    Expected: 60000
    Received: 30000

      103 |     );
      104 |
    > 105 |     expect(config.getTimeout()).toBe(60000);
          |                                 ^
      106 |   });
      107 | });
      108 |

      at Object.<anonymous> (domain/value-objects/ExchangeConfig.spec.ts:105:33)

FAIL domain/entities/DeltaNeutralPositionGroup.spec.ts
  ÔùÅ DeltaNeutralPositionGroup ÔÇ║ should detect non-delta-neutral positions

    expect(received).toBeCloseTo(expected, precision)

    Expected: 50
    Received: 33.33333333333333

    Expected precision:    1
    Expected difference: < 0.05
    Received difference:   16.66666666666667

      86 |
      87 |     expect(group.validateDeltaNeutrality()).toBe(false);
    > 88 |     expect(group.getDeltaDriftPercent()).toBeCloseTo(50, 1);
         |                                          ^
      89 |   });
      90 |
      91 |   it('should calculate net delta correctly', () => {

      at Object.<anonymous> (domain/entities/DeltaNeutralPositionGroup.spec.ts:88:42)

FAIL domain/resilience/Timeout.spec.ts
  ÔùÅ Test suite failed to run

    Your test suite must contain at least one test.

      at onResult (../../node_modules/.pnpm/@jest+core@30.2.0_ts-node@1_342ce7d31f6a77e18ecb12f1c8215d7a/node_modules/@
jest/core/build/index.js:1057:18)
      at ../../node_modules/.pnpm/@jest+core@30.2.0_ts-node@1_342ce7d31f6a77e18ecb12f1c8215d7a/node_modules/@jest/core/
build/index.js:1127:165
      at ../../node_modules/.pnpm/emittery@0.13.1/node_modules/emittery/index.js:363:13
          at Array.map (<anonymous>)
      at Emittery.emit (../../node_modules/.pnpm/emittery@0.13.1/node_modules/emittery/index.js:361:23)

FAIL domain/resilience/CircuitBreaker.spec.ts
  ÔùÅ Test suite failed to run

    Your test suite must contain at least one test.

      at onResult (../../node_modules/.pnpm/@jest+core@30.2.0_ts-node@1_342ce7d31f6a77e18ecb12f1c8215d7a/node_modules/@
jest/core/build/index.js:1057:18)
      at ../../node_modules/.pnpm/@jest+core@30.2.0_ts-node@1_342ce7d31f6a77e18ecb12f1c8215d7a/node_modules/@jest/core/
build/index.js:1127:165
      at ../../node_modules/.pnpm/emittery@0.13.1/node_modules/emittery/index.js:363:13
          at Array.map (<anonymous>)
      at Emittery.emit (../../node_modules/.pnpm/emittery@0.13.1/node_modules/emittery/index.js:361:23)

FAIL domain/observability/Tracing.spec.ts
  ÔùÅ Test suite failed to run

    Your test suite must contain at least one test.

      at onResult (../../node_modules/.pnpm/@jest+core@30.2.0_ts-node@1_342ce7d31f6a77e18ecb12f1c8215d7a/node_modules/@
jest/core/build/index.js:1057:18)
      at ../../node_modules/.pnpm/@jest+core@30.2.0_ts-node@1_342ce7d31f6a77e18ecb12f1c8215d7a/node_modules/@jest/core/
build/index.js:1127:165
      at ../../node_modules/.pnpm/emittery@0.13.1/node_modules/emittery/index.js:363:13
          at Array.map (<anonymous>)
      at Emittery.emit (../../node_modules/.pnpm/emittery@0.13.1/node_modules/emittery/index.js:361:23)

FAIL domain/observability/StructuredLogger.spec.ts
  ÔùÅ Test suite failed to run

    Your test suite must contain at least one test.

      at onResult (../../node_modules/.pnpm/@jest+core@30.2.0_ts-node@1_342ce7d31f6a77e18ecb12f1c8215d7a/node_modules/@
jest/core/build/index.js:1057:18)
      at ../../node_modules/.pnpm/@jest+core@30.2.0_ts-node@1_342ce7d31f6a77e18ecb12f1c8215d7a/node_modules/@jest/core/
build/index.js:1127:165
      at ../../node_modules/.pnpm/emittery@0.13.1/node_modules/emittery/index.js:363:13
          at Array.map (<anonymous>)
      at Emittery.emit (../../node_modules/.pnpm/emittery@0.13.1/node_modules/emittery/index.js:361:23)

FAIL domain/observability/Metrics.spec.ts
  ÔùÅ Test suite failed to run

    Your test suite must contain at least one test.

      at onResult (../../node_modules/.pnpm/@jest+core@30.2.0_ts-node@1_342ce7d31f6a77e18ecb12f1c8215d7a/node_modules/@
jest/core/build/index.js:1057:18)
      at ../../node_modules/.pnpm/@jest+core@30.2.0_ts-node@1_342ce7d31f6a77e18ecb12f1c8215d7a/node_modules/@jest/core/
build/index.js:1127:165
      at ../../node_modules/.pnpm/emittery@0.13.1/node_modules/emittery/index.js:363:13
          at Array.map (<anonymous>)
      at Emittery.emit (../../node_modules/.pnpm/emittery@0.13.1/node_modules/emittery/index.js:361:23)

FAIL domain/strategies/FundingRateStrategy.spec.ts
  ÔùÅ FundingRateStrategy ÔÇ║ emergencyExit() ÔÇ║ should close all positions and return tx hash

    expect(received).toBe(expected) // Object.is equality

    Expected: "0xemergency789"
    Received: {"action": "emergency_exit", "executed": true, "reason": "Emergency exit triggered", "strategyName": 
"ETH Funding Rate", "txHash": "0xemergency789"}

      259 |       const txHash = await strategy.emergencyExit();
      260 |
    > 261 |       expect(txHash).toBe('0xemergency789');
          |                      ^
      262 |       expect(mockExecutor.closePosition).toHaveBeenCalledWith(
      263 |         defaultConfig.contractAddress,
      264 |       );

      at Object.<anonymous> (domain/strategies/FundingRateStrategy.spec.ts:261:22)

FAIL domain/services/strategy-rules/PerpSpotExecutionPlanBuilder.spec.ts
  ÔùÅ PerpSpotExecutionPlanBuilder ÔÇ║ buildExecutionPlan ÔÇ║ should build execution plan for positive funding (Long 
spot + Short perp)

    expect(received).toBe(expected) // Object.is equality

    Expected: true
    Received: false

      84 |       );
      85 |
    > 86 |       expect(result.isSuccess).toBe(true);
         |                                ^
      87 |       if (result.isSuccess) {
      88 |         const plan = result.value;
      89 |         expect(plan.opportunity).toBe(opportunity);

      at Object.<anonymous> (domain/services/strategy-rules/PerpSpotExecutionPlanBuilder.spec.ts:86:32)

  ÔùÅ PerpSpotExecutionPlanBuilder ÔÇ║ buildExecutionPlan ÔÇ║ should build execution plan for negative funding (Short 
spot + Long perp)

    expect(received).toBe(expected) // Object.is equality

    Expected: true
    Received: false

      121 |       );
      122 |
    > 123 |       expect(result.isSuccess).toBe(true);
          |                                ^
      124 |       if (result.isSuccess) {
      125 |         const plan = result.value;
      126 |         expect(plan.perpOrder.side).toBe(OrderSide.LONG); // Long perp to receive funding

      at Object.<anonymous> (domain/services/strategy-rules/PerpSpotExecutionPlanBuilder.spec.ts:123:32)

  ÔùÅ PerpSpotExecutionPlanBuilder ÔÇ║ buildExecutionPlan ÔÇ║ should calculate position size based on available 
balances

    expect(received).toBe(expected) // Object.is equality

    Expected: true
    Received: false

      218 |       );
      219 |
    > 220 |       expect(result.isSuccess).toBe(true);
          |                                ^
      221 |       if (result.isSuccess) {
      222 |         const plan = result.value;
      223 |         // Position size should be constrained by perp capacity: 500 * 2 = 1000

      at Object.<anonymous> (domain/services/strategy-rules/PerpSpotExecutionPlanBuilder.spec.ts:220:32)

FAIL domain/services/strategy-rules/CostCalculator.spec.ts
  ÔùÅ CostCalculator ÔÇ║ predictFundingRateImpact ÔÇ║ should predict moderate impact for medium positions (1-5% of OI)

    expect(received).toBeLessThan(expected)

    Expected: < 0.00001
    Received:   0.00003

      199 |       // Should be moderate (1-5% of current rate)
      200 |       expect(Math.abs(impact)).toBeGreaterThan(currentFundingRate * 0.01);
    > 201 |       expect(Math.abs(impact)).toBeLessThan(currentFundingRate * 0.1);
          |                                ^
      202 |     });
      203 |
      204 |     it('should cap impact at 10% of current rate', () => {

      at Object.<anonymous> (domain/services/strategy-rules/CostCalculator.spec.ts:201:32)

  ÔùÅ CostCalculator ÔÇ║ predictFundingRateImpact ÔÇ║ should cap impact at 10% of current rate

    expect(received).toBeLessThanOrEqual(expected)

    Expected: <= 0.00001
    Received:    0.0001

      214 |
      215 |       // Should be capped at 10% of current rate
    > 216 |       expect(Math.abs(impact)).toBeLessThanOrEqual(currentFundingRate * 0.1);
          |                                ^
      217 |     });
      218 |
      219 |     it('should scale impact with position size (square root model)', () => {

      at Object.<anonymous> (domain/services/strategy-rules/CostCalculator.spec.ts:216:32)

  ÔùÅ CostCalculator ÔÇ║ predictFundingRateImpact ÔÇ║ should scale impact with position size (square root model)

    expect(received).toBeLessThan(expected)

    Expected: < 0.00004
    Received:   0.00004

      235 |       // Impact should increase but not linearly (square root model)
      236 |       expect(Math.abs(impact4)).toBeGreaterThan(Math.abs(impact1));
    > 237 |       expect(Math.abs(impact4)).toBeLessThan(Math.abs(impact1) * 4); // Less than 4x
          |                                 ^
      238 |     });
      239 |   });
      240 |

      at Object.<anonymous> (domain/services/strategy-rules/CostCalculator.spec.ts:237:33)

FAIL domain/services/strategy-rules/PositionManager.spec.ts
  ÔùÅ PositionManager ÔÇ║ getAllPositions ÔÇ║ should aggregate positions from all exchanges

    Nest can't resolve dependencies of the PositionManager (StrategyConfig, [object Object], ?). Please make sure that 
the argument "IPerpKeeperPerformanceLogger" at index [2] is available in the RootTestModule context.

    Potential solutions:
    - Is RootTestModule a valid NestJS module?
    - If "IPerpKeeperPerformanceLogger" is a provider, is it part of the current RootTestModule?
    - If "IPerpKeeperPerformanceLogger" is exported from a separate @Module, is that module imported within 
RootTestModule?
      @Module({
        imports: [ /* the Module containing "IPerpKeeperPerformanceLogger" */ ]
      })

    For more common dependency resolution issues, see: https://docs.nestjs.com/faq/common-errors

      59 |     mockAdapters.set(ExchangeType.LIGHTER, lighterAdapter);
      60 |
    > 61 |     const module: TestingModule = await Test.createTestingModule({
         |                                   ^
      62 |       providers: [
      63 |         PositionManager,
      64 |         { provide: StrategyConfig, useValue: config },

      at TestingInjector.lookupComponentInParentModules (../../node_modules/.pnpm/@nestjs+core@11.1.9_@nestjs_e6e9c70d3
51bb0b87e2f9c662f5e6e83/node_modules/@nestjs/core/injector/injector.js:286:19)
      at TestingInjector.resolveComponentWrapper (../../node_modules/.pnpm/@nestjs+testing@11.1.9_@nes_bfc4e50d3c184e59
97a9deea5c75bc87/node_modules/@nestjs/testing/testing-injector.js:19:45)
      at resolveParam (../../node_modules/.pnpm/@nestjs+core@11.1.9_@nestjs_e6e9c70d351bb0b87e2f9c662f5e6e83/node_modul
es/@nestjs/core/injector/injector.js:140:38)
          at async Promise.all (index 2)
      at TestingInjector.resolveConstructorParams (../../node_modules/.pnpm/@nestjs+core@11.1.9_@nestjs_e6e9c70d351bb0b
87e2f9c662f5e6e83/node_modules/@nestjs/core/injector/injector.js:169:27)
      at TestingInjector.loadInstance (../../node_modules/.pnpm/@nestjs+core@11.1.9_@nestjs_e6e9c70d351bb0b87e2f9c662f5
e6e83/node_modules/@nestjs/core/injector/injector.js:75:13)
      at TestingInjector.loadProvider (../../node_modules/.pnpm/@nestjs+core@11.1.9_@nestjs_e6e9c70d351bb0b87e2f9c662f5
e6e83/node_modules/@nestjs/core/injector/injector.js:103:9)
      at ../../node_modules/.pnpm/@nestjs+core@11.1.9_@nestjs_e6e9c70d351bb0b87e2f9c662f5e6e83/node_modules/@nestjs/cor
e/injector/instance-loader.js:56:13
          at async Promise.all (index 3)
      at TestingInstanceLoader.createInstancesOfProviders (../../node_modules/.pnpm/@nestjs+core@11.1.9_@nestjs_e6e9c70
d351bb0b87e2f9c662f5e6e83/node_modules/@nestjs/core/injector/instance-loader.js:55:9)
      at ../../node_modules/.pnpm/@nestjs+core@11.1.9_@nestjs_e6e9c70d351bb0b87e2f9c662f5e6e83/node_modules/@nestjs/cor
e/injector/instance-loader.js:40:13
          at async Promise.all (index 1)
      at TestingInstanceLoader.createInstances (../../node_modules/.pnpm/@nestjs+core@11.1.9_@nestjs_e6e9c70d351bb0b87e
2f9c662f5e6e83/node_modules/@nestjs/core/injector/instance-loader.js:39:9)
      at TestingInstanceLoader.createInstancesOfDependencies (../../node_modules/.pnpm/@nestjs+core@11.1.9_@nestjs_e6e9
c70d351bb0b87e2f9c662f5e6e83/node_modules/@nestjs/core/injector/instance-loader.js:22:13)
      at TestingInstanceLoader.createInstancesOfDependencies (../../node_modules/.pnpm/@nestjs+testing@11.1.9_@nes_bfc4
e50d3c184e5997a9deea5c75bc87/node_modules/@nestjs/testing/testing-instance-loader.js:9:9)
      at TestingModuleBuilder.createInstancesOfDependencies (../../node_modules/.pnpm/@nestjs+testing@11.1.9_@nes_bfc4e
50d3c184e5997a9deea5c75bc87/node_modules/@nestjs/testing/testing-module.builder.js:118:9)
      at TestingModuleBuilder.compile (../../node_modules/.pnpm/@nestjs+testing@11.1.9_@nes_bfc4e50d3c184e5997a9deea5c7
5bc87/node_modules/@nestjs/testing/testing-module.builder.js:74:9)
      at Object.<anonymous> (domain/services/strategy-rules/PositionManager.spec.ts:61:35)

  ÔùÅ PositionManager ÔÇ║ getAllPositions ÔÇ║ should handle adapter errors gracefully

    Nest can't resolve dependencies of the PositionManager (StrategyConfig, [object Object], ?). Please make sure that 
the argument "IPerpKeeperPerformanceLogger" at index [2] is available in the RootTestModule context.

    Potential solutions:
    - Is RootTestModule a valid NestJS module?
    - If "IPerpKeeperPerformanceLogger" is a provider, is it part of the current RootTestModule?
    - If "IPerpKeeperPerformanceLogger" is exported from a separate @Module, is that module imported within 
RootTestModule?
      @Module({
        imports: [ /* the Module containing "IPerpKeeperPerformanceLogger" */ ]
      })

    For more common dependency resolution issues, see: https://docs.nestjs.com/faq/common-errors

      59 |     mockAdapters.set(ExchangeType.LIGHTER, lighterAdapter);
      60 |
    > 61 |     const module: TestingModule = await Test.createTestingModule({
         |                                   ^
      62 |       providers: [
      63 |         PositionManager,
      64 |         { provide: StrategyConfig, useValue: config },

      at TestingInjector.lookupComponentInParentModules (../../node_modules/.pnpm/@nestjs+core@11.1.9_@nestjs_e6e9c70d3
51bb0b87e2f9c662f5e6e83/node_modules/@nestjs/core/injector/injector.js:286:19)
      at TestingInjector.resolveComponentWrapper (../../node_modules/.pnpm/@nestjs+testing@11.1.9_@nes_bfc4e50d3c184e59
97a9deea5c75bc87/node_modules/@nestjs/testing/testing-injector.js:19:45)
      at resolveParam (../../node_modules/.pnpm/@nestjs+core@11.1.9_@nestjs_e6e9c70d351bb0b87e2f9c662f5e6e83/node_modul
es/@nestjs/core/injector/injector.js:140:38)
          at async Promise.all (index 2)
      at TestingInjector.resolveConstructorParams (../../node_modules/.pnpm/@nestjs+core@11.1.9_@nestjs_e6e9c70d351bb0b
87e2f9c662f5e6e83/node_modules/@nestjs/core/injector/injector.js:169:27)
      at TestingInjector.loadInstance (../../node_modules/.pnpm/@nestjs+core@11.1.9_@nestjs_e6e9c70d351bb0b87e2f9c662f5
e6e83/node_modules/@nestjs/core/injector/injector.js:75:13)
      at TestingInjector.loadProvider (../../node_modules/.pnpm/@nestjs+core@11.1.9_@nestjs_e6e9c70d351bb0b87e2f9c662f5
e6e83/node_modules/@nestjs/core/injector/injector.js:103:9)
      at ../../node_modules/.pnpm/@nestjs+core@11.1.9_@nestjs_e6e9c70d351bb0b87e2f9c662f5e6e83/node_modules/@nestjs/cor
e/injector/instance-loader.js:56:13
          at async Promise.all (index 3)
      at TestingInstanceLoader.createInstancesOfProviders (../../node_modules/.pnpm/@nestjs+core@11.1.9_@nestjs_e6e9c70
d351bb0b87e2f9c662f5e6e83/node_modules/@nestjs/core/injector/instance-loader.js:55:9)
      at ../../node_modules/.pnpm/@nestjs+core@11.1.9_@nestjs_e6e9c70d351bb0b87e2f9c662f5e6e83/node_modules/@nestjs/cor
e/injector/instance-loader.js:40:13
          at async Promise.all (index 1)
      at TestingInstanceLoader.createInstances (../../node_modules/.pnpm/@nestjs+core@11.1.9_@nestjs_e6e9c70d351bb0b87e
2f9c662f5e6e83/node_modules/@nestjs/core/injector/instance-loader.js:39:9)
      at TestingInstanceLoader.createInstancesOfDependencies (../../node_modules/.pnpm/@nestjs+core@11.1.9_@nestjs_e6e9
c70d351bb0b87e2f9c662f5e6e83/node_modules/@nestjs/core/injector/instance-loader.js:22:13)
      at TestingInstanceLoader.createInstancesOfDependencies (../../node_modules/.pnpm/@nestjs+testing@11.1.9_@nes_bfc4
e50d3c184e5997a9deea5c75bc87/node_modules/@nestjs/testing/testing-instance-loader.js:9:9)
      at TestingModuleBuilder.createInstancesOfDependencies (../../node_modules/.pnpm/@nestjs+testing@11.1.9_@nes_bfc4e
50d3c184e5997a9deea5c75bc87/node_modules/@nestjs/testing/testing-module.builder.js:118:9)
      at TestingModuleBuilder.compile (../../node_modules/.pnpm/@nestjs+testing@11.1.9_@nes_bfc4e50d3c184e5997a9deea5c7
5bc87/node_modules/@nestjs/testing/testing-module.builder.js:74:9)
      at Object.<anonymous> (domain/services/strategy-rules/PositionManager.spec.ts:61:35)

  ÔùÅ PositionManager ÔÇ║ getAllPositions ÔÇ║ should return empty array when no positions exist

    Nest can't resolve dependencies of the PositionManager (StrategyConfig, [object Object], ?). Please make sure that 
the argument "IPerpKeeperPerformanceLogger" at index [2] is available in the RootTestModule context.

    Potential solutions:
    - Is RootTestModule a valid NestJS module?
    - If "IPerpKeeperPerformanceLogger" is a provider, is it part of the current RootTestModule?
    - If "IPerpKeeperPerformanceLogger" is exported from a separate @Module, is that module imported within 
RootTestModule?
      @Module({
        imports: [ /* the Module containing "IPerpKeeperPerformanceLogger" */ ]
      })

    For more common dependency resolution issues, see: https://docs.nestjs.com/faq/common-errors

      59 |     mockAdapters.set(ExchangeType.LIGHTER, lighterAdapter);
      60 |
    > 61 |     const module: TestingModule = await Test.createTestingModule({
         |                                   ^
      62 |       providers: [
      63 |         PositionManager,
      64 |         { provide: StrategyConfig, useValue: config },

      at TestingInjector.lookupComponentInParentModules (../../node_modules/.pnpm/@nestjs+core@11.1.9_@nestjs_e6e9c70d3
51bb0b87e2f9c662f5e6e83/node_modules/@nestjs/core/injector/injector.js:286:19)
      at TestingInjector.resolveComponentWrapper (../../node_modules/.pnpm/@nestjs+testing@11.1.9_@nes_bfc4e50d3c184e59
97a9deea5c75bc87/node_modules/@nestjs/testing/testing-injector.js:19:45)
      at resolveParam (../../node_modules/.pnpm/@nestjs+core@11.1.9_@nestjs_e6e9c70d351bb0b87e2f9c662f5e6e83/node_modul
es/@nestjs/core/injector/injector.js:140:38)
          at async Promise.all (index 2)
      at TestingInjector.resolveConstructorParams (../../node_modules/.pnpm/@nestjs+core@11.1.9_@nestjs_e6e9c70d351bb0b
87e2f9c662f5e6e83/node_modules/@nestjs/core/injector/injector.js:169:27)
      at TestingInjector.loadInstance (../../node_modules/.pnpm/@nestjs+core@11.1.9_@nestjs_e6e9c70d351bb0b87e2f9c662f5
e6e83/node_modules/@nestjs/core/injector/injector.js:75:13)
      at TestingInjector.loadProvider (../../node_modules/.pnpm/@nestjs+core@11.1.9_@nestjs_e6e9c70d351bb0b87e2f9c662f5
e6e83/node_modules/@nestjs/core/injector/injector.js:103:9)
      at ../../node_modules/.pnpm/@nestjs+core@11.1.9_@nestjs_e6e9c70d351bb0b87e2f9c662f5e6e83/node_modules/@nestjs/cor
e/injector/instance-loader.js:56:13
          at async Promise.all (index 3)
      at TestingInstanceLoader.createInstancesOfProviders (../../node_modules/.pnpm/@nestjs+core@11.1.9_@nestjs_e6e9c70
d351bb0b87e2f9c662f5e6e83/node_modules/@nestjs/core/injector/instance-loader.js:55:9)
      at ../../node_modules/.pnpm/@nestjs+core@11.1.9_@nestjs_e6e9c70d351bb0b87e2f9c662f5e6e83/node_modules/@nestjs/cor
e/injector/instance-loader.js:40:13
          at async Promise.all (index 1)
      at TestingInstanceLoader.createInstances (../../node_modules/.pnpm/@nestjs+core@11.1.9_@nestjs_e6e9c70d351bb0b87e
2f9c662f5e6e83/node_modules/@nestjs/core/injector/instance-loader.js:39:9)
      at TestingInstanceLoader.createInstancesOfDependencies (../../node_modules/.pnpm/@nestjs+core@11.1.9_@nestjs_e6e9
c70d351bb0b87e2f9c662f5e6e83/node_modules/@nestjs/core/injector/instance-loader.js:22:13)
      at TestingInstanceLoader.createInstancesOfDependencies (../../node_modules/.pnpm/@nestjs+testing@11.1.9_@nes_bfc4
e50d3c184e5997a9deea5c75bc87/node_modules/@nestjs/testing/testing-instance-loader.js:9:9)
      at TestingModuleBuilder.createInstancesOfDependencies (../../node_modules/.pnpm/@nestjs+testing@11.1.9_@nes_bfc4e
50d3c184e5997a9deea5c75bc87/node_modules/@nestjs/testing/testing-module.builder.js:118:9)
      at TestingModuleBuilder.compile (../../node_modules/.pnpm/@nestjs+testing@11.1.9_@nes_bfc4e50d3c184e5997a9deea5c7
5bc87/node_modules/@nestjs/testing/testing-module.builder.js:74:9)
      at Object.<anonymous> (domain/services/strategy-rules/PositionManager.spec.ts:61:35)

  ÔùÅ PositionManager ÔÇ║ closeAllPositions ÔÇ║ should close all positions successfully

    Nest can't resolve dependencies of the PositionManager (StrategyConfig, [object Object], ?). Please make sure that 
the argument "IPerpKeeperPerformanceLogger" at index [2] is available in the RootTestModule context.

    Potential solutions:
    - Is RootTestModule a valid NestJS module?
    - If "IPerpKeeperPerformanceLogger" is a provider, is it part of the current RootTestModule?
    - If "IPerpKeeperPerformanceLogger" is exported from a separate @Module, is that module imported within 
RootTestModule?
      @Module({
        imports: [ /* the Module containing "IPerpKeeperPerformanceLogger" */ ]
      })

    For more common dependency resolution issues, see: https://docs.nestjs.com/faq/common-errors

      59 |     mockAdapters.set(ExchangeType.LIGHTER, lighterAdapter);
      60 |
    > 61 |     const module: TestingModule = await Test.createTestingModule({
         |                                   ^
      62 |       providers: [
      63 |         PositionManager,
      64 |         { provide: StrategyConfig, useValue: config },

      at TestingInjector.lookupComponentInParentModules (../../node_modules/.pnpm/@nestjs+core@11.1.9_@nestjs_e6e9c70d3
51bb0b87e2f9c662f5e6e83/node_modules/@nestjs/core/injector/injector.js:286:19)
      at TestingInjector.resolveComponentWrapper (../../node_modules/.pnpm/@nestjs+testing@11.1.9_@nes_bfc4e50d3c184e59
97a9deea5c75bc87/node_modules/@nestjs/testing/testing-injector.js:19:45)
      at resolveParam (../../node_modules/.pnpm/@nestjs+core@11.1.9_@nestjs_e6e9c70d351bb0b87e2f9c662f5e6e83/node_modul
es/@nestjs/core/injector/injector.js:140:38)
          at async Promise.all (index 2)
      at TestingInjector.resolveConstructorParams (../../node_modules/.pnpm/@nestjs+core@11.1.9_@nestjs_e6e9c70d351bb0b
87e2f9c662f5e6e83/node_modules/@nestjs/core/injector/injector.js:169:27)
      at TestingInjector.loadInstance (../../node_modules/.pnpm/@nestjs+core@11.1.9_@nestjs_e6e9c70d351bb0b87e2f9c662f5
e6e83/node_modules/@nestjs/core/injector/injector.js:75:13)
      at TestingInjector.loadProvider (../../node_modules/.pnpm/@nestjs+core@11.1.9_@nestjs_e6e9c70d351bb0b87e2f9c662f5
e6e83/node_modules/@nestjs/core/injector/injector.js:103:9)
      at ../../node_modules/.pnpm/@nestjs+core@11.1.9_@nestjs_e6e9c70d351bb0b87e2f9c662f5e6e83/node_modules/@nestjs/cor
e/injector/instance-loader.js:56:13
          at async Promise.all (index 3)
      at TestingInstanceLoader.createInstancesOfProviders (../../node_modules/.pnpm/@nestjs+core@11.1.9_@nestjs_e6e9c70
d351bb0b87e2f9c662f5e6e83/node_modules/@nestjs/core/injector/instance-loader.js:55:9)
      at ../../node_modules/.pnpm/@nestjs+core@11.1.9_@nestjs_e6e9c70d351bb0b87e2f9c662f5e6e83/node_modules/@nestjs/cor
e/injector/instance-loader.js:40:13
          at async Promise.all (index 1)
      at TestingInstanceLoader.createInstances (../../node_modules/.pnpm/@nestjs+core@11.1.9_@nestjs_e6e9c70d351bb0b87e
2f9c662f5e6e83/node_modules/@nestjs/core/injector/instance-loader.js:39:9)
      at TestingInstanceLoader.createInstancesOfDependencies (../../node_modules/.pnpm/@nestjs+core@11.1.9_@nestjs_e6e9
c70d351bb0b87e2f9c662f5e6e83/node_modules/@nestjs/core/injector/instance-loader.js:22:13)
      at TestingInstanceLoader.createInstancesOfDependencies (../../node_modules/.pnpm/@nestjs+testing@11.1.9_@nes_bfc4
e50d3c184e5997a9deea5c75bc87/node_modules/@nestjs/testing/testing-instance-loader.js:9:9)
      at TestingModuleBuilder.createInstancesOfDependencies (../../node_modules/.pnpm/@nestjs+testing@11.1.9_@nes_bfc4e
50d3c184e5997a9deea5c75bc87/node_modules/@nestjs/testing/testing-module.builder.js:118:9)
      at TestingModuleBuilder.compile (../../node_modules/.pnpm/@nestjs+testing@11.1.9_@nes_bfc4e50d3c184e5997a9deea5c7
5bc87/node_modules/@nestjs/testing/testing-module.builder.js:74:9)
      at Object.<anonymous> (domain/services/strategy-rules/PositionManager.spec.ts:61:35)

  ÔùÅ PositionManager ÔÇ║ closeAllPositions ÔÇ║ should use market orders with IOC and reduceOnly for closing

    Nest can't resolve dependencies of the PositionManager (StrategyConfig, [object Object], ?). Please make sure that 
the argument "IPerpKeeperPerformanceLogger" at index [2] is available in the RootTestModule context.

    Potential solutions:
    - Is RootTestModule a valid NestJS module?
    - If "IPerpKeeperPerformanceLogger" is a provider, is it part of the current RootTestModule?
    - If "IPerpKeeperPerformanceLogger" is exported from a separate @Module, is that module imported within 
RootTestModule?
      @Module({
        imports: [ /* the Module containing "IPerpKeeperPerformanceLogger" */ ]
      })

    For more common dependency resolution issues, see: https://docs.nestjs.com/faq/common-errors

      59 |     mockAdapters.set(ExchangeType.LIGHTER, lighterAdapter);
      60 |
    > 61 |     const module: TestingModule = await Test.createTestingModule({
         |                                   ^
      62 |       providers: [
      63 |         PositionManager,
      64 |         { provide: StrategyConfig, useValue: config },

      at TestingInjector.lookupComponentInParentModules (../../node_modules/.pnpm/@nestjs+core@11.1.9_@nestjs_e6e9c70d3
51bb0b87e2f9c662f5e6e83/node_modules/@nestjs/core/injector/injector.js:286:19)
      at TestingInjector.resolveComponentWrapper (../../node_modules/.pnpm/@nestjs+testing@11.1.9_@nes_bfc4e50d3c184e59
97a9deea5c75bc87/node_modules/@nestjs/testing/testing-injector.js:19:45)
      at resolveParam (../../node_modules/.pnpm/@nestjs+core@11.1.9_@nestjs_e6e9c70d351bb0b87e2f9c662f5e6e83/node_modul
es/@nestjs/core/injector/injector.js:140:38)
          at async Promise.all (index 2)
      at TestingInjector.resolveConstructorParams (../../node_modules/.pnpm/@nestjs+core@11.1.9_@nestjs_e6e9c70d351bb0b
87e2f9c662f5e6e83/node_modules/@nestjs/core/injector/injector.js:169:27)
      at TestingInjector.loadInstance (../../node_modules/.pnpm/@nestjs+core@11.1.9_@nestjs_e6e9c70d351bb0b87e2f9c662f5
e6e83/node_modules/@nestjs/core/injector/injector.js:75:13)
      at TestingInjector.loadProvider (../../node_modules/.pnpm/@nestjs+core@11.1.9_@nestjs_e6e9c70d351bb0b87e2f9c662f5
e6e83/node_modules/@nestjs/core/injector/injector.js:103:9)
      at ../../node_modules/.pnpm/@nestjs+core@11.1.9_@nestjs_e6e9c70d351bb0b87e2f9c662f5e6e83/node_modules/@nestjs/cor
e/injector/instance-loader.js:56:13
          at async Promise.all (index 3)
      at TestingInstanceLoader.createInstancesOfProviders (../../node_modules/.pnpm/@nestjs+core@11.1.9_@nestjs_e6e9c70
d351bb0b87e2f9c662f5e6e83/node_modules/@nestjs/core/injector/instance-loader.js:55:9)
      at ../../node_modules/.pnpm/@nestjs+core@11.1.9_@nestjs_e6e9c70d351bb0b87e2f9c662f5e6e83/node_modules/@nestjs/cor
e/injector/instance-loader.js:40:13
          at async Promise.all (index 1)
      at TestingInstanceLoader.createInstances (../../node_modules/.pnpm/@nestjs+core@11.1.9_@nestjs_e6e9c70d351bb0b87e
2f9c662f5e6e83/node_modules/@nestjs/core/injector/instance-loader.js:39:9)
      at TestingInstanceLoader.createInstancesOfDependencies (../../node_modules/.pnpm/@nestjs+core@11.1.9_@nestjs_e6e9
c70d351bb0b87e2f9c662f5e6e83/node_modules/@nestjs/core/injector/instance-loader.js:22:13)
      at TestingInstanceLoader.createInstancesOfDependencies (../../node_modules/.pnpm/@nestjs+testing@11.1.9_@nes_bfc4
e50d3c184e5997a9deea5c75bc87/node_modules/@nestjs/testing/testing-instance-loader.js:9:9)
      at TestingModuleBuilder.createInstancesOfDependencies (../../node_modules/.pnpm/@nestjs+testing@11.1.9_@nes_bfc4e
50d3c184e5997a9deea5c75bc87/node_modules/@nestjs/testing/testing-module.builder.js:118:9)
      at TestingModuleBuilder.compile (../../node_modules/.pnpm/@nestjs+testing@11.1.9_@nes_bfc4e50d3c184e5997a9deea5c7
5bc87/node_modules/@nestjs/testing/testing-module.builder.js:74:9)
      at Object.<anonymous> (domain/services/strategy-rules/PositionManager.spec.ts:61:35)

  ÔùÅ PositionManager ÔÇ║ closeAllPositions ÔÇ║ should handle positions that fail to close

    Nest can't resolve dependencies of the PositionManager (StrategyConfig, [object Object], ?). Please make sure that 
the argument "IPerpKeeperPerformanceLogger" at index [2] is available in the RootTestModule context.

    Potential solutions:
    - Is RootTestModule a valid NestJS module?
    - If "IPerpKeeperPerformanceLogger" is a provider, is it part of the current RootTestModule?
    - If "IPerpKeeperPerformanceLogger" is exported from a separate @Module, is that module imported within 
RootTestModule?
      @Module({
        imports: [ /* the Module containing "IPerpKeeperPerformanceLogger" */ ]
      })

    For more common dependency resolution issues, see: https://docs.nestjs.com/faq/common-errors

      59 |     mockAdapters.set(ExchangeType.LIGHTER, lighterAdapter);
      60 |
    > 61 |     const module: TestingModule = await Test.createTestingModule({
         |                                   ^
      62 |       providers: [
      63 |         PositionManager,
      64 |         { provide: StrategyConfig, useValue: config },

      at TestingInjector.lookupComponentInParentModules (../../node_modules/.pnpm/@nestjs+core@11.1.9_@nestjs_e6e9c70d3
51bb0b87e2f9c662f5e6e83/node_modules/@nestjs/core/injector/injector.js:286:19)
      at TestingInjector.resolveComponentWrapper (../../node_modules/.pnpm/@nestjs+testing@11.1.9_@nes_bfc4e50d3c184e59
97a9deea5c75bc87/node_modules/@nestjs/testing/testing-injector.js:19:45)
      at resolveParam (../../node_modules/.pnpm/@nestjs+core@11.1.9_@nestjs_e6e9c70d351bb0b87e2f9c662f5e6e83/node_modul
es/@nestjs/core/injector/injector.js:140:38)
          at async Promise.all (index 2)
      at TestingInjector.resolveConstructorParams (../../node_modules/.pnpm/@nestjs+core@11.1.9_@nestjs_e6e9c70d351bb0b
87e2f9c662f5e6e83/node_modules/@nestjs/core/injector/injector.js:169:27)
      at TestingInjector.loadInstance (../../node_modules/.pnpm/@nestjs+core@11.1.9_@nestjs_e6e9c70d351bb0b87e2f9c662f5
e6e83/node_modules/@nestjs/core/injector/injector.js:75:13)
      at TestingInjector.loadProvider (../../node_modules/.pnpm/@nestjs+core@11.1.9_@nestjs_e6e9c70d351bb0b87e2f9c662f5
e6e83/node_modules/@nestjs/core/injector/injector.js:103:9)
      at ../../node_modules/.pnpm/@nestjs+core@11.1.9_@nestjs_e6e9c70d351bb0b87e2f9c662f5e6e83/node_modules/@nestjs/cor
e/injector/instance-loader.js:56:13
          at async Promise.all (index 3)
      at TestingInstanceLoader.createInstancesOfProviders (../../node_modules/.pnpm/@nestjs+core@11.1.9_@nestjs_e6e9c70
d351bb0b87e2f9c662f5e6e83/node_modules/@nestjs/core/injector/instance-loader.js:55:9)
      at ../../node_modules/.pnpm/@nestjs+core@11.1.9_@nestjs_e6e9c70d351bb0b87e2f9c662f5e6e83/node_modules/@nestjs/cor
e/injector/instance-loader.js:40:13
          at async Promise.all (index 1)
      at TestingInstanceLoader.createInstances (../../node_modules/.pnpm/@nestjs+core@11.1.9_@nestjs_e6e9c70d351bb0b87e
2f9c662f5e6e83/node_modules/@nestjs/core/injector/instance-loader.js:39:9)
      at TestingInstanceLoader.createInstancesOfDependencies (../../node_modules/.pnpm/@nestjs+core@11.1.9_@nestjs_e6e9
c70d351bb0b87e2f9c662f5e6e83/node_modules/@nestjs/core/injector/instance-loader.js:22:13)
      at TestingInstanceLoader.createInstancesOfDependencies (../../node_modules/.pnpm/@nestjs+testing@11.1.9_@nes_bfc4
e50d3c184e5997a9deea5c75bc87/node_modules/@nestjs/testing/testing-instance-loader.js:9:9)
      at TestingModuleBuilder.createInstancesOfDependencies (../../node_modules/.pnpm/@nestjs+testing@11.1.9_@nes_bfc4e
50d3c184e5997a9deea5c75bc87/node_modules/@nestjs/testing/testing-module.builder.js:118:9)
      at TestingModuleBuilder.compile (../../node_modules/.pnpm/@nestjs+testing@11.1.9_@nes_bfc4e50d3c184e5997a9deea5c7
5bc87/node_modules/@nestjs/testing/testing-module.builder.js:74:9)
      at Object.<anonymous> (domain/services/strategy-rules/PositionManager.spec.ts:61:35)

  ÔùÅ PositionManager ÔÇ║ closeAllPositions ÔÇ║ should attempt final market order fallback if position still exists

    Nest can't resolve dependencies of the PositionManager (StrategyConfig, [object Object], ?). Please make sure that 
the argument "IPerpKeeperPerformanceLogger" at index [2] is available in the RootTestModule context.

    Potential solutions:
    - Is RootTestModule a valid NestJS module?
    - If "IPerpKeeperPerformanceLogger" is a provider, is it part of the current RootTestModule?
    - If "IPerpKeeperPerformanceLogger" is exported from a separate @Module, is that module imported within 
RootTestModule?
      @Module({
        imports: [ /* the Module containing "IPerpKeeperPerformanceLogger" */ ]
      })

    For more common dependency resolution issues, see: https://docs.nestjs.com/faq/common-errors

      59 |     mockAdapters.set(ExchangeType.LIGHTER, lighterAdapter);
      60 |
    > 61 |     const module: TestingModule = await Test.createTestingModule({
         |                                   ^
      62 |       providers: [
      63 |         PositionManager,
      64 |         { provide: StrategyConfig, useValue: config },

      at TestingInjector.lookupComponentInParentModules (../../node_modules/.pnpm/@nestjs+core@11.1.9_@nestjs_e6e9c70d3
51bb0b87e2f9c662f5e6e83/node_modules/@nestjs/core/injector/injector.js:286:19)
      at TestingInjector.resolveComponentWrapper (../../node_modules/.pnpm/@nestjs+testing@11.1.9_@nes_bfc4e50d3c184e59
97a9deea5c75bc87/node_modules/@nestjs/testing/testing-injector.js:19:45)
      at resolveParam (../../node_modules/.pnpm/@nestjs+core@11.1.9_@nestjs_e6e9c70d351bb0b87e2f9c662f5e6e83/node_modul
es/@nestjs/core/injector/injector.js:140:38)
          at async Promise.all (index 2)
      at TestingInjector.resolveConstructorParams (../../node_modules/.pnpm/@nestjs+core@11.1.9_@nestjs_e6e9c70d351bb0b
87e2f9c662f5e6e83/node_modules/@nestjs/core/injector/injector.js:169:27)
      at TestingInjector.loadInstance (../../node_modules/.pnpm/@nestjs+core@11.1.9_@nestjs_e6e9c70d351bb0b87e2f9c662f5
e6e83/node_modules/@nestjs/core/injector/injector.js:75:13)
      at TestingInjector.loadProvider (../../node_modules/.pnpm/@nestjs+core@11.1.9_@nestjs_e6e9c70d351bb0b87e2f9c662f5
e6e83/node_modules/@nestjs/core/injector/injector.js:103:9)
      at ../../node_modules/.pnpm/@nestjs+core@11.1.9_@nestjs_e6e9c70d351bb0b87e2f9c662f5e6e83/node_modules/@nestjs/cor
e/injector/instance-loader.js:56:13
          at async Promise.all (index 3)
      at TestingInstanceLoader.createInstancesOfProviders (../../node_modules/.pnpm/@nestjs+core@11.1.9_@nestjs_e6e9c70
d351bb0b87e2f9c662f5e6e83/node_modules/@nestjs/core/injector/instance-loader.js:55:9)
      at ../../node_modules/.pnpm/@nestjs+core@11.1.9_@nestjs_e6e9c70d351bb0b87e2f9c662f5e6e83/node_modules/@nestjs/cor
e/injector/instance-loader.js:40:13
          at async Promise.all (index 1)
      at TestingInstanceLoader.createInstances (../../node_modules/.pnpm/@nestjs+core@11.1.9_@nestjs_e6e9c70d351bb0b87e
2f9c662f5e6e83/node_modules/@nestjs/core/injector/instance-loader.js:39:9)
      at TestingInstanceLoader.createInstancesOfDependencies (../../node_modules/.pnpm/@nestjs+core@11.1.9_@nestjs_e6e9
c70d351bb0b87e2f9c662f5e6e83/node_modules/@nestjs/core/injector/instance-loader.js:22:13)
      at TestingInstanceLoader.createInstancesOfDependencies (../../node_modules/.pnpm/@nestjs+testing@11.1.9_@nes_bfc4
e50d3c184e5997a9deea5c75bc87/node_modules/@nestjs/testing/testing-instance-loader.js:9:9)
      at TestingModuleBuilder.createInstancesOfDependencies (../../node_modules/.pnpm/@nestjs+testing@11.1.9_@nes_bfc4e
50d3c184e5997a9deea5c75bc87/node_modules/@nestjs/testing/testing-module.builder.js:118:9)
      at TestingModuleBuilder.compile (../../node_modules/.pnpm/@nestjs+testing@11.1.9_@nes_bfc4e50d3c184e5997a9deea5c7
5bc87/node_modules/@nestjs/testing/testing-module.builder.js:74:9)
      at Object.<anonymous> (domain/services/strategy-rules/PositionManager.spec.ts:61:35)

  ÔùÅ PositionManager ÔÇ║ closeAllPositions ÔÇ║ should handle missing adapters

    Nest can't resolve dependencies of the PositionManager (StrategyConfig, [object Object], ?). Please make sure that 
the argument "IPerpKeeperPerformanceLogger" at index [2] is available in the RootTestModule context.

    Potential solutions:
    - Is RootTestModule a valid NestJS module?
    - If "IPerpKeeperPerformanceLogger" is a provider, is it part of the current RootTestModule?
    - If "IPerpKeeperPerformanceLogger" is exported from a separate @Module, is that module imported within 
RootTestModule?
      @Module({
        imports: [ /* the Module containing "IPerpKeeperPerformanceLogger" */ ]
      })

    For more common dependency resolution issues, see: https://docs.nestjs.com/faq/common-errors

      59 |     mockAdapters.set(ExchangeType.LIGHTER, lighterAdapter);
      60 |
    > 61 |     const module: TestingModule = await Test.createTestingModule({
         |                                   ^
      62 |       providers: [
      63 |         PositionManager,
      64 |         { provide: StrategyConfig, useValue: config },

      at TestingInjector.lookupComponentInParentModules (../../node_modules/.pnpm/@nestjs+core@11.1.9_@nestjs_e6e9c70d3
51bb0b87e2f9c662f5e6e83/node_modules/@nestjs/core/injector/injector.js:286:19)
      at TestingInjector.resolveComponentWrapper (../../node_modules/.pnpm/@nestjs+testing@11.1.9_@nes_bfc4e50d3c184e59
97a9deea5c75bc87/node_modules/@nestjs/testing/testing-injector.js:19:45)
      at resolveParam (../../node_modules/.pnpm/@nestjs+core@11.1.9_@nestjs_e6e9c70d351bb0b87e2f9c662f5e6e83/node_modul
es/@nestjs/core/injector/injector.js:140:38)
          at async Promise.all (index 2)
      at TestingInjector.resolveConstructorParams (../../node_modules/.pnpm/@nestjs+core@11.1.9_@nestjs_e6e9c70d351bb0b
87e2f9c662f5e6e83/node_modules/@nestjs/core/injector/injector.js:169:27)
      at TestingInjector.loadInstance (../../node_modules/.pnpm/@nestjs+core@11.1.9_@nestjs_e6e9c70d351bb0b87e2f9c662f5
e6e83/node_modules/@nestjs/core/injector/injector.js:75:13)
      at TestingInjector.loadProvider (../../node_modules/.pnpm/@nestjs+core@11.1.9_@nestjs_e6e9c70d351bb0b87e2f9c662f5
e6e83/node_modules/@nestjs/core/injector/injector.js:103:9)
      at ../../node_modules/.pnpm/@nestjs+core@11.1.9_@nestjs_e6e9c70d351bb0b87e2f9c662f5e6e83/node_modules/@nestjs/cor
e/injector/instance-loader.js:56:13
          at async Promise.all (index 3)
      at TestingInstanceLoader.createInstancesOfProviders (../../node_modules/.pnpm/@nestjs+core@11.1.9_@nestjs_e6e9c70
d351bb0b87e2f9c662f5e6e83/node_modules/@nestjs/core/injector/instance-loader.js:55:9)
      at ../../node_modules/.pnpm/@nestjs+core@11.1.9_@nestjs_e6e9c70d351bb0b87e2f9c662f5e6e83/node_modules/@nestjs/cor
e/injector/instance-loader.js:40:13
          at async Promise.all (index 1)
      at TestingInstanceLoader.createInstances (../../node_modules/.pnpm/@nestjs+core@11.1.9_@nestjs_e6e9c70d351bb0b87e
2f9c662f5e6e83/node_modules/@nestjs/core/injector/instance-loader.js:39:9)
      at TestingInstanceLoader.createInstancesOfDependencies (../../node_modules/.pnpm/@nestjs+core@11.1.9_@nestjs_e6e9
c70d351bb0b87e2f9c662f5e6e83/node_modules/@nestjs/core/injector/instance-loader.js:22:13)
      at TestingInstanceLoader.createInstancesOfDependencies (../../node_modules/.pnpm/@nestjs+testing@11.1.9_@nes_bfc4
e50d3c184e5997a9deea5c75bc87/node_modules/@nestjs/testing/testing-instance-loader.js:9:9)
      at TestingModuleBuilder.createInstancesOfDependencies (../../node_modules/.pnpm/@nestjs+testing@11.1.9_@nes_bfc4e
50d3c184e5997a9deea5c75bc87/node_modules/@nestjs/testing/testing-module.builder.js:118:9)
      at TestingModuleBuilder.compile (../../node_modules/.pnpm/@nestjs+testing@11.1.9_@nes_bfc4e50d3c184e5997a9deea5c7
5bc87/node_modules/@nestjs/testing/testing-module.builder.js:74:9)
      at Object.<anonymous> (domain/services/strategy-rules/PositionManager.spec.ts:61:35)

  ÔùÅ PositionManager ÔÇ║ handleAsymmetricFills ÔÇ║ should handle profitable asymmetric fills by completing with 
market order

    Nest can't resolve dependencies of the PositionManager (StrategyConfig, [object Object], ?). Please make sure that 
the argument "IPerpKeeperPerformanceLogger" at index [2] is available in the RootTestModule context.

    Potential solutions:
    - Is RootTestModule a valid NestJS module?
    - If "IPerpKeeperPerformanceLogger" is a provider, is it part of the current RootTestModule?
    - If "IPerpKeeperPerformanceLogger" is exported from a separate @Module, is that module imported within 
RootTestModule?
      @Module({
        imports: [ /* the Module containing "IPerpKeeperPerformanceLogger" */ ]
      })

    For more common dependency resolution issues, see: https://docs.nestjs.com/faq/common-errors

      59 |     mockAdapters.set(ExchangeType.LIGHTER, lighterAdapter);
      60 |
    > 61 |     const module: TestingModule = await Test.createTestingModule({
         |                                   ^
      62 |       providers: [
      63 |         PositionManager,
      64 |         { provide: StrategyConfig, useValue: config },

      at TestingInjector.lookupComponentInParentModules (../../node_modules/.pnpm/@nestjs+core@11.1.9_@nestjs_e6e9c70d3
51bb0b87e2f9c662f5e6e83/node_modules/@nestjs/core/injector/injector.js:286:19)
      at TestingInjector.resolveComponentWrapper (../../node_modules/.pnpm/@nestjs+testing@11.1.9_@nes_bfc4e50d3c184e59
97a9deea5c75bc87/node_modules/@nestjs/testing/testing-injector.js:19:45)
      at resolveParam (../../node_modules/.pnpm/@nestjs+core@11.1.9_@nestjs_e6e9c70d351bb0b87e2f9c662f5e6e83/node_modul
es/@nestjs/core/injector/injector.js:140:38)
          at async Promise.all (index 2)
      at TestingInjector.resolveConstructorParams (../../node_modules/.pnpm/@nestjs+core@11.1.9_@nestjs_e6e9c70d351bb0b
87e2f9c662f5e6e83/node_modules/@nestjs/core/injector/injector.js:169:27)
      at TestingInjector.loadInstance (../../node_modules/.pnpm/@nestjs+core@11.1.9_@nestjs_e6e9c70d351bb0b87e2f9c662f5
e6e83/node_modules/@nestjs/core/injector/injector.js:75:13)
      at TestingInjector.loadProvider (../../node_modules/.pnpm/@nestjs+core@11.1.9_@nestjs_e6e9c70d351bb0b87e2f9c662f5
e6e83/node_modules/@nestjs/core/injector/injector.js:103:9)
      at ../../node_modules/.pnpm/@nestjs+core@11.1.9_@nestjs_e6e9c70d351bb0b87e2f9c662f5e6e83/node_modules/@nestjs/cor
e/injector/instance-loader.js:56:13
          at async Promise.all (index 3)
      at TestingInstanceLoader.createInstancesOfProviders (../../node_modules/.pnpm/@nestjs+core@11.1.9_@nestjs_e6e9c70
d351bb0b87e2f9c662f5e6e83/node_modules/@nestjs/core/injector/instance-loader.js:55:9)
      at ../../node_modules/.pnpm/@nestjs+core@11.1.9_@nestjs_e6e9c70d351bb0b87e2f9c662f5e6e83/node_modules/@nestjs/cor
e/injector/instance-loader.js:40:13
          at async Promise.all (index 1)
      at TestingInstanceLoader.createInstances (../../node_modules/.pnpm/@nestjs+core@11.1.9_@nestjs_e6e9c70d351bb0b87e
2f9c662f5e6e83/node_modules/@nestjs/core/injector/instance-loader.js:39:9)
      at TestingInstanceLoader.createInstancesOfDependencies (../../node_modules/.pnpm/@nestjs+core@11.1.9_@nestjs_e6e9
c70d351bb0b87e2f9c662f5e6e83/node_modules/@nestjs/core/injector/instance-loader.js:22:13)
      at TestingInstanceLoader.createInstancesOfDependencies (../../node_modules/.pnpm/@nestjs+testing@11.1.9_@nes_bfc4
e50d3c184e5997a9deea5c75bc87/node_modules/@nestjs/testing/testing-instance-loader.js:9:9)
      at TestingModuleBuilder.createInstancesOfDependencies (../../node_modules/.pnpm/@nestjs+testing@11.1.9_@nes_bfc4e
50d3c184e5997a9deea5c75bc87/node_modules/@nestjs/testing/testing-module.builder.js:118:9)
      at TestingModuleBuilder.compile (../../node_modules/.pnpm/@nestjs+testing@11.1.9_@nes_bfc4e50d3c184e5997a9deea5c7
5bc87/node_modules/@nestjs/testing/testing-module.builder.js:74:9)
      at Object.<anonymous> (domain/services/strategy-rules/PositionManager.spec.ts:61:35)

  ÔùÅ PositionManager ÔÇ║ handleAsymmetricFills ÔÇ║ should close filled position if no longer profitable

    Nest can't resolve dependencies of the PositionManager (StrategyConfig, [object Object], ?). Please make sure that 
the argument "IPerpKeeperPerformanceLogger" at index [2] is available in the RootTestModule context.

    Potential solutions:
    - Is RootTestModule a valid NestJS module?
    - If "IPerpKeeperPerformanceLogger" is a provider, is it part of the current RootTestModule?
    - If "IPerpKeeperPerformanceLogger" is exported from a separate @Module, is that module imported within 
RootTestModule?
      @Module({
        imports: [ /* the Module containing "IPerpKeeperPerformanceLogger" */ ]
      })

    For more common dependency resolution issues, see: https://docs.nestjs.com/faq/common-errors

      59 |     mockAdapters.set(ExchangeType.LIGHTER, lighterAdapter);
      60 |
    > 61 |     const module: TestingModule = await Test.createTestingModule({
         |                                   ^
      62 |       providers: [
      63 |         PositionManager,
      64 |         { provide: StrategyConfig, useValue: config },

      at TestingInjector.lookupComponentInParentModules (../../node_modules/.pnpm/@nestjs+core@11.1.9_@nestjs_e6e9c70d3
51bb0b87e2f9c662f5e6e83/node_modules/@nestjs/core/injector/injector.js:286:19)
      at TestingInjector.resolveComponentWrapper (../../node_modules/.pnpm/@nestjs+testing@11.1.9_@nes_bfc4e50d3c184e59
97a9deea5c75bc87/node_modules/@nestjs/testing/testing-injector.js:19:45)
      at resolveParam (../../node_modules/.pnpm/@nestjs+core@11.1.9_@nestjs_e6e9c70d351bb0b87e2f9c662f5e6e83/node_modul
es/@nestjs/core/injector/injector.js:140:38)
          at async Promise.all (index 2)
      at TestingInjector.resolveConstructorParams (../../node_modules/.pnpm/@nestjs+core@11.1.9_@nestjs_e6e9c70d351bb0b
87e2f9c662f5e6e83/node_modules/@nestjs/core/injector/injector.js:169:27)
      at TestingInjector.loadInstance (../../node_modules/.pnpm/@nestjs+core@11.1.9_@nestjs_e6e9c70d351bb0b87e2f9c662f5
e6e83/node_modules/@nestjs/core/injector/injector.js:75:13)
      at TestingInjector.loadProvider (../../node_modules/.pnpm/@nestjs+core@11.1.9_@nestjs_e6e9c70d351bb0b87e2f9c662f5
e6e83/node_modules/@nestjs/core/injector/injector.js:103:9)
      at ../../node_modules/.pnpm/@nestjs+core@11.1.9_@nestjs_e6e9c70d351bb0b87e2f9c662f5e6e83/node_modules/@nestjs/cor
e/injector/instance-loader.js:56:13
          at async Promise.all (index 3)
      at TestingInstanceLoader.createInstancesOfProviders (../../node_modules/.pnpm/@nestjs+core@11.1.9_@nestjs_e6e9c70
d351bb0b87e2f9c662f5e6e83/node_modules/@nestjs/core/injector/instance-loader.js:55:9)
      at ../../node_modules/.pnpm/@nestjs+core@11.1.9_@nestjs_e6e9c70d351bb0b87e2f9c662f5e6e83/node_modules/@nestjs/cor
e/injector/instance-loader.js:40:13
          at async Promise.all (index 1)
      at TestingInstanceLoader.createInstances (../../node_modules/.pnpm/@nestjs+core@11.1.9_@nestjs_e6e9c70d351bb0b87e
2f9c662f5e6e83/node_modules/@nestjs/core/injector/instance-loader.js:39:9)
      at TestingInstanceLoader.createInstancesOfDependencies (../../node_modules/.pnpm/@nestjs+core@11.1.9_@nestjs_e6e9
c70d351bb0b87e2f9c662f5e6e83/node_modules/@nestjs/core/injector/instance-loader.js:22:13)
      at TestingInstanceLoader.createInstancesOfDependencies (../../node_modules/.pnpm/@nestjs+testing@11.1.9_@nes_bfc4
e50d3c184e5997a9deea5c75bc87/node_modules/@nestjs/testing/testing-instance-loader.js:9:9)
      at TestingModuleBuilder.createInstancesOfDependencies (../../node_modules/.pnpm/@nestjs+testing@11.1.9_@nes_bfc4e
50d3c184e5997a9deea5c75bc87/node_modules/@nestjs/testing/testing-module.builder.js:118:9)
      at TestingModuleBuilder.compile (../../node_modules/.pnpm/@nestjs+testing@11.1.9_@nes_bfc4e50d3c184e5997a9deea5c7
5bc87/node_modules/@nestjs/testing/testing-module.builder.js:74:9)
      at Object.<anonymous> (domain/services/strategy-rules/PositionManager.spec.ts:61:35)

  ÔùÅ PositionManager ÔÇ║ handleAsymmetricFills ÔÇ║ should handle missing adapters

    Nest can't resolve dependencies of the PositionManager (StrategyConfig, [object Object], ?). Please make sure that 
the argument "IPerpKeeperPerformanceLogger" at index [2] is available in the RootTestModule context.

    Potential solutions:
    - Is RootTestModule a valid NestJS module?
    - If "IPerpKeeperPerformanceLogger" is a provider, is it part of the current RootTestModule?
    - If "IPerpKeeperPerformanceLogger" is exported from a separate @Module, is that module imported within 
RootTestModule?
      @Module({
        imports: [ /* the Module containing "IPerpKeeperPerformanceLogger" */ ]
      })

    For more common dependency resolution issues, see: https://docs.nestjs.com/faq/common-errors

      59 |     mockAdapters.set(ExchangeType.LIGHTER, lighterAdapter);
      60 |
    > 61 |     const module: TestingModule = await Test.createTestingModule({
         |                                   ^
      62 |       providers: [
      63 |         PositionManager,
      64 |         { provide: StrategyConfig, useValue: config },

      at TestingInjector.lookupComponentInParentModules (../../node_modules/.pnpm/@nestjs+core@11.1.9_@nestjs_e6e9c70d3
51bb0b87e2f9c662f5e6e83/node_modules/@nestjs/core/injector/injector.js:286:19)
      at TestingInjector.resolveComponentWrapper (../../node_modules/.pnpm/@nestjs+testing@11.1.9_@nes_bfc4e50d3c184e59
97a9deea5c75bc87/node_modules/@nestjs/testing/testing-injector.js:19:45)
      at resolveParam (../../node_modules/.pnpm/@nestjs+core@11.1.9_@nestjs_e6e9c70d351bb0b87e2f9c662f5e6e83/node_modul
es/@nestjs/core/injector/injector.js:140:38)
          at async Promise.all (index 2)
      at TestingInjector.resolveConstructorParams (../../node_modules/.pnpm/@nestjs+core@11.1.9_@nestjs_e6e9c70d351bb0b
87e2f9c662f5e6e83/node_modules/@nestjs/core/injector/injector.js:169:27)
      at TestingInjector.loadInstance (../../node_modules/.pnpm/@nestjs+core@11.1.9_@nestjs_e6e9c70d351bb0b87e2f9c662f5
e6e83/node_modules/@nestjs/core/injector/injector.js:75:13)
      at TestingInjector.loadProvider (../../node_modules/.pnpm/@nestjs+core@11.1.9_@nestjs_e6e9c70d351bb0b87e2f9c662f5
e6e83/node_modules/@nestjs/core/injector/injector.js:103:9)
      at ../../node_modules/.pnpm/@nestjs+core@11.1.9_@nestjs_e6e9c70d351bb0b87e2f9c662f5e6e83/node_modules/@nestjs/cor
e/injector/instance-loader.js:56:13
          at async Promise.all (index 3)
      at TestingInstanceLoader.createInstancesOfProviders (../../node_modules/.pnpm/@nestjs+core@11.1.9_@nestjs_e6e9c70
d351bb0b87e2f9c662f5e6e83/node_modules/@nestjs/core/injector/instance-loader.js:55:9)
      at ../../node_modules/.pnpm/@nestjs+core@11.1.9_@nestjs_e6e9c70d351bb0b87e2f9c662f5e6e83/node_modules/@nestjs/cor
e/injector/instance-loader.js:40:13
          at async Promise.all (index 1)
      at TestingInstanceLoader.createInstances (../../node_modules/.pnpm/@nestjs+core@11.1.9_@nestjs_e6e9c70d351bb0b87e
2f9c662f5e6e83/node_modules/@nestjs/core/injector/instance-loader.js:39:9)
      at TestingInstanceLoader.createInstancesOfDependencies (../../node_modules/.pnpm/@nestjs+core@11.1.9_@nestjs_e6e9
c70d351bb0b87e2f9c662f5e6e83/node_modules/@nestjs/core/injector/instance-loader.js:22:13)
      at TestingInstanceLoader.createInstancesOfDependencies (../../node_modules/.pnpm/@nestjs+testing@11.1.9_@nes_bfc4
e50d3c184e5997a9deea5c75bc87/node_modules/@nestjs/testing/testing-instance-loader.js:9:9)
      at TestingModuleBuilder.createInstancesOfDependencies (../../node_modules/.pnpm/@nestjs+testing@11.1.9_@nes_bfc4e
50d3c184e5997a9deea5c75bc87/node_modules/@nestjs/testing/testing-module.builder.js:118:9)
      at TestingModuleBuilder.compile (../../node_modules/.pnpm/@nestjs+testing@11.1.9_@nes_bfc4e50d3c184e5997a9deea5c7
5bc87/node_modules/@nestjs/testing/testing-module.builder.js:74:9)
      at Object.<anonymous> (domain/services/strategy-rules/PositionManager.spec.ts:61:35)

  ÔùÅ PositionManager ÔÇ║ handleAsymmetricFills ÔÇ║ should handle fills that are within timeout

    Nest can't resolve dependencies of the PositionManager (StrategyConfig, [object Object], ?). Please make sure that 
the argument "IPerpKeeperPerformanceLogger" at index [2] is available in the RootTestModule context.

    Potential solutions:
    - Is RootTestModule a valid NestJS module?
    - If "IPerpKeeperPerformanceLogger" is a provider, is it part of the current RootTestModule?
    - If "IPerpKeeperPerformanceLogger" is exported from a separate @Module, is that module imported within 
RootTestModule?
      @Module({
        imports: [ /* the Module containing "IPerpKeeperPerformanceLogger" */ ]
      })

    For more common dependency resolution issues, see: https://docs.nestjs.com/faq/common-errors

      59 |     mockAdapters.set(ExchangeType.LIGHTER, lighterAdapter);
      60 |
    > 61 |     const module: TestingModule = await Test.createTestingModule({
         |                                   ^
      62 |       providers: [
      63 |         PositionManager,
      64 |         { provide: StrategyConfig, useValue: config },

      at TestingInjector.lookupComponentInParentModules (../../node_modules/.pnpm/@nestjs+core@11.1.9_@nestjs_e6e9c70d3
51bb0b87e2f9c662f5e6e83/node_modules/@nestjs/core/injector/injector.js:286:19)
      at TestingInjector.resolveComponentWrapper (../../node_modules/.pnpm/@nestjs+testing@11.1.9_@nes_bfc4e50d3c184e59
97a9deea5c75bc87/node_modules/@nestjs/testing/testing-injector.js:19:45)
      at resolveParam (../../node_modules/.pnpm/@nestjs+core@11.1.9_@nestjs_e6e9c70d351bb0b87e2f9c662f5e6e83/node_modul
es/@nestjs/core/injector/injector.js:140:38)
          at async Promise.all (index 2)
      at TestingInjector.resolveConstructorParams (../../node_modules/.pnpm/@nestjs+core@11.1.9_@nestjs_e6e9c70d351bb0b
87e2f9c662f5e6e83/node_modules/@nestjs/core/injector/injector.js:169:27)
      at TestingInjector.loadInstance (../../node_modules/.pnpm/@nestjs+core@11.1.9_@nestjs_e6e9c70d351bb0b87e2f9c662f5
e6e83/node_modules/@nestjs/core/injector/injector.js:75:13)
      at TestingInjector.loadProvider (../../node_modules/.pnpm/@nestjs+core@11.1.9_@nestjs_e6e9c70d351bb0b87e2f9c662f5
e6e83/node_modules/@nestjs/core/injector/injector.js:103:9)
      at ../../node_modules/.pnpm/@nestjs+core@11.1.9_@nestjs_e6e9c70d351bb0b87e2f9c662f5e6e83/node_modules/@nestjs/cor
e/injector/instance-loader.js:56:13
          at async Promise.all (index 3)
      at TestingInstanceLoader.createInstancesOfProviders (../../node_modules/.pnpm/@nestjs+core@11.1.9_@nestjs_e6e9c70
d351bb0b87e2f9c662f5e6e83/node_modules/@nestjs/core/injector/instance-loader.js:55:9)
      at ../../node_modules/.pnpm/@nestjs+core@11.1.9_@nestjs_e6e9c70d351bb0b87e2f9c662f5e6e83/node_modules/@nestjs/cor
e/injector/instance-loader.js:40:13
          at async Promise.all (index 1)
      at TestingInstanceLoader.createInstances (../../node_modules/.pnpm/@nestjs+core@11.1.9_@nestjs_e6e9c70d351bb0b87e
2f9c662f5e6e83/node_modules/@nestjs/core/injector/instance-loader.js:39:9)
      at TestingInstanceLoader.createInstancesOfDependencies (../../node_modules/.pnpm/@nestjs+core@11.1.9_@nestjs_e6e9
c70d351bb0b87e2f9c662f5e6e83/node_modules/@nestjs/core/injector/instance-loader.js:22:13)
      at TestingInstanceLoader.createInstancesOfDependencies (../../node_modules/.pnpm/@nestjs+testing@11.1.9_@nes_bfc4
e50d3c184e5997a9deea5c75bc87/node_modules/@nestjs/testing/testing-instance-loader.js:9:9)
      at TestingModuleBuilder.createInstancesOfDependencies (../../node_modules/.pnpm/@nestjs+testing@11.1.9_@nes_bfc4e
50d3c184e5997a9deea5c75bc87/node_modules/@nestjs/testing/testing-module.builder.js:118:9)
      at TestingModuleBuilder.compile (../../node_modules/.pnpm/@nestjs+testing@11.1.9_@nes_bfc4e50d3c184e5997a9deea5c7
5bc87/node_modules/@nestjs/testing/testing-module.builder.js:74:9)
      at Object.<anonymous> (domain/services/strategy-rules/PositionManager.spec.ts:61:35)

  ÔùÅ PositionManager ÔÇ║ closeFilledPosition ÔÇ║ should close a filled position with market order

    Nest can't resolve dependencies of the PositionManager (StrategyConfig, [object Object], ?). Please make sure that 
the argument "IPerpKeeperPerformanceLogger" at index [2] is available in the RootTestModule context.

    Potential solutions:
    - Is RootTestModule a valid NestJS module?
    - If "IPerpKeeperPerformanceLogger" is a provider, is it part of the current RootTestModule?
    - If "IPerpKeeperPerformanceLogger" is exported from a separate @Module, is that module imported within 
RootTestModule?
      @Module({
        imports: [ /* the Module containing "IPerpKeeperPerformanceLogger" */ ]
      })

    For more common dependency resolution issues, see: https://docs.nestjs.com/faq/common-errors

      59 |     mockAdapters.set(ExchangeType.LIGHTER, lighterAdapter);
      60 |
    > 61 |     const module: TestingModule = await Test.createTestingModule({
         |                                   ^
      62 |       providers: [
      63 |         PositionManager,
      64 |         { provide: StrategyConfig, useValue: config },

      at TestingInjector.lookupComponentInParentModules (../../node_modules/.pnpm/@nestjs+core@11.1.9_@nestjs_e6e9c70d3
51bb0b87e2f9c662f5e6e83/node_modules/@nestjs/core/injector/injector.js:286:19)
      at TestingInjector.resolveComponentWrapper (../../node_modules/.pnpm/@nestjs+testing@11.1.9_@nes_bfc4e50d3c184e59
97a9deea5c75bc87/node_modules/@nestjs/testing/testing-injector.js:19:45)
      at resolveParam (../../node_modules/.pnpm/@nestjs+core@11.1.9_@nestjs_e6e9c70d351bb0b87e2f9c662f5e6e83/node_modul
es/@nestjs/core/injector/injector.js:140:38)
          at async Promise.all (index 2)
      at TestingInjector.resolveConstructorParams (../../node_modules/.pnpm/@nestjs+core@11.1.9_@nestjs_e6e9c70d351bb0b
87e2f9c662f5e6e83/node_modules/@nestjs/core/injector/injector.js:169:27)
      at TestingInjector.loadInstance (../../node_modules/.pnpm/@nestjs+core@11.1.9_@nestjs_e6e9c70d351bb0b87e2f9c662f5
e6e83/node_modules/@nestjs/core/injector/injector.js:75:13)
      at TestingInjector.loadProvider (../../node_modules/.pnpm/@nestjs+core@11.1.9_@nestjs_e6e9c70d351bb0b87e2f9c662f5
e6e83/node_modules/@nestjs/core/injector/injector.js:103:9)
      at ../../node_modules/.pnpm/@nestjs+core@11.1.9_@nestjs_e6e9c70d351bb0b87e2f9c662f5e6e83/node_modules/@nestjs/cor
e/injector/instance-loader.js:56:13
          at async Promise.all (index 3)
      at TestingInstanceLoader.createInstancesOfProviders (../../node_modules/.pnpm/@nestjs+core@11.1.9_@nestjs_e6e9c70
d351bb0b87e2f9c662f5e6e83/node_modules/@nestjs/core/injector/instance-loader.js:55:9)
      at ../../node_modules/.pnpm/@nestjs+core@11.1.9_@nestjs_e6e9c70d351bb0b87e2f9c662f5e6e83/node_modules/@nestjs/cor
e/injector/instance-loader.js:40:13
          at async Promise.all (index 1)
      at TestingInstanceLoader.createInstances (../../node_modules/.pnpm/@nestjs+core@11.1.9_@nestjs_e6e9c70d351bb0b87e
2f9c662f5e6e83/node_modules/@nestjs/core/injector/instance-loader.js:39:9)
      at TestingInstanceLoader.createInstancesOfDependencies (../../node_modules/.pnpm/@nestjs+core@11.1.9_@nestjs_e6e9
c70d351bb0b87e2f9c662f5e6e83/node_modules/@nestjs/core/injector/instance-loader.js:22:13)
      at TestingInstanceLoader.createInstancesOfDependencies (../../node_modules/.pnpm/@nestjs+testing@11.1.9_@nes_bfc4
e50d3c184e5997a9deea5c75bc87/node_modules/@nestjs/testing/testing-instance-loader.js:9:9)
      at TestingModuleBuilder.createInstancesOfDependencies (../../node_modules/.pnpm/@nestjs+testing@11.1.9_@nes_bfc4e
50d3c184e5997a9deea5c75bc87/node_modules/@nestjs/testing/testing-module.builder.js:118:9)
      at TestingModuleBuilder.compile (../../node_modules/.pnpm/@nestjs+testing@11.1.9_@nes_bfc4e50d3c184e5997a9deea5c7
5bc87/node_modules/@nestjs/testing/testing-module.builder.js:74:9)
      at Object.<anonymous> (domain/services/strategy-rules/PositionManager.spec.ts:61:35)

  ÔùÅ PositionManager ÔÇ║ closeFilledPosition ÔÇ║ should handle order failures

    Nest can't resolve dependencies of the PositionManager (StrategyConfig, [object Object], ?). Please make sure that 
the argument "IPerpKeeperPerformanceLogger" at index [2] is available in the RootTestModule context.

    Potential solutions:
    - Is RootTestModule a valid NestJS module?
    - If "IPerpKeeperPerformanceLogger" is a provider, is it part of the current RootTestModule?
    - If "IPerpKeeperPerformanceLogger" is exported from a separate @Module, is that module imported within 
RootTestModule?
      @Module({
        imports: [ /* the Module containing "IPerpKeeperPerformanceLogger" */ ]
      })

    For more common dependency resolution issues, see: https://docs.nestjs.com/faq/common-errors

      59 |     mockAdapters.set(ExchangeType.LIGHTER, lighterAdapter);
      60 |
    > 61 |     const module: TestingModule = await Test.createTestingModule({
         |                                   ^
      62 |       providers: [
      63 |         PositionManager,
      64 |         { provide: StrategyConfig, useValue: config },

      at TestingInjector.lookupComponentInParentModules (../../node_modules/.pnpm/@nestjs+core@11.1.9_@nestjs_e6e9c70d3
51bb0b87e2f9c662f5e6e83/node_modules/@nestjs/core/injector/injector.js:286:19)
      at TestingInjector.resolveComponentWrapper (../../node_modules/.pnpm/@nestjs+testing@11.1.9_@nes_bfc4e50d3c184e59
97a9deea5c75bc87/node_modules/@nestjs/testing/testing-injector.js:19:45)
      at resolveParam (../../node_modules/.pnpm/@nestjs+core@11.1.9_@nestjs_e6e9c70d351bb0b87e2f9c662f5e6e83/node_modul
es/@nestjs/core/injector/injector.js:140:38)
          at async Promise.all (index 2)
      at TestingInjector.resolveConstructorParams (../../node_modules/.pnpm/@nestjs+core@11.1.9_@nestjs_e6e9c70d351bb0b
87e2f9c662f5e6e83/node_modules/@nestjs/core/injector/injector.js:169:27)
      at TestingInjector.loadInstance (../../node_modules/.pnpm/@nestjs+core@11.1.9_@nestjs_e6e9c70d351bb0b87e2f9c662f5
e6e83/node_modules/@nestjs/core/injector/injector.js:75:13)
      at TestingInjector.loadProvider (../../node_modules/.pnpm/@nestjs+core@11.1.9_@nestjs_e6e9c70d351bb0b87e2f9c662f5
e6e83/node_modules/@nestjs/core/injector/injector.js:103:9)
      at ../../node_modules/.pnpm/@nestjs+core@11.1.9_@nestjs_e6e9c70d351bb0b87e2f9c662f5e6e83/node_modules/@nestjs/cor
e/injector/instance-loader.js:56:13
          at async Promise.all (index 3)
      at TestingInstanceLoader.createInstancesOfProviders (../../node_modules/.pnpm/@nestjs+core@11.1.9_@nestjs_e6e9c70
d351bb0b87e2f9c662f5e6e83/node_modules/@nestjs/core/injector/instance-loader.js:55:9)
      at ../../node_modules/.pnpm/@nestjs+core@11.1.9_@nestjs_e6e9c70d351bb0b87e2f9c662f5e6e83/node_modules/@nestjs/cor
e/injector/instance-loader.js:40:13
          at async Promise.all (index 1)
      at TestingInstanceLoader.createInstances (../../node_modules/.pnpm/@nestjs+core@11.1.9_@nestjs_e6e9c70d351bb0b87e
2f9c662f5e6e83/node_modules/@nestjs/core/injector/instance-loader.js:39:9)
      at TestingInstanceLoader.createInstancesOfDependencies (../../node_modules/.pnpm/@nestjs+core@11.1.9_@nestjs_e6e9
c70d351bb0b87e2f9c662f5e6e83/node_modules/@nestjs/core/injector/instance-loader.js:22:13)
      at TestingInstanceLoader.createInstancesOfDependencies (../../node_modules/.pnpm/@nestjs+testing@11.1.9_@nes_bfc4
e50d3c184e5997a9deea5c75bc87/node_modules/@nestjs/testing/testing-instance-loader.js:9:9)
      at TestingModuleBuilder.createInstancesOfDependencies (../../node_modules/.pnpm/@nestjs+testing@11.1.9_@nes_bfc4e
50d3c184e5997a9deea5c75bc87/node_modules/@nestjs/testing/testing-module.builder.js:118:9)
      at TestingModuleBuilder.compile (../../node_modules/.pnpm/@nestjs+testing@11.1.9_@nes_bfc4e50d3c184e5997a9deea5c7
5bc87/node_modules/@nestjs/testing/testing-module.builder.js:74:9)
      at Object.<anonymous> (domain/services/strategy-rules/PositionManager.spec.ts:61:35)

FAIL domain/services/strategy-rules/IdleFundsManager.spec.ts
  ÔùÅ IdleFundsManager ÔÇ║ rankPositionsByPerformance ÔÇ║ should rank positions by expected return (best first)

    expect(received).toBe(expected) // Object.is equality

    Expected: 0.2
    Received: 0

      285 |       expect(ranked[0].expectedAPY).toBe(0.5);
      286 |       expect(ranked[1].position.symbol).toBe('BTCUSDT');
    > 287 |       expect(ranked[1].expectedAPY).toBe(0.2);
          |                                     ^
      288 |     });
      289 |
      290 |     it('should handle positions without matching opportunities', () => {

      at Object.<anonymous> (domain/services/strategy-rules/IdleFundsManager.spec.ts:287:37)

  ÔùÅ IdleFundsManager ÔÇ║ executeAllocations ÔÇ║ should execute allocations successfully

    expect(received).toBe(expected) // Object.is equality

    Expected: 100
    Received: 0

      507 |
      508 |       expect(result.isSuccess).toBe(true);
    > 509 |       expect((result as any).value.allocated).toBe(100);
          |                                               ^
      510 |       expect((result as any).value.allocations).toBe(1);
      511 |       expect(
      512 |         mockAdapters.get(ExchangeType.HYPERLIQUID)!.placeOrder,

      at Object.<anonymous> (domain/services/strategy-rules/IdleFundsManager.spec.ts:509:47)

FAIL domain/services/PerpKeeperOrchestrator.spec.ts
  ÔùÅ PerpKeeperOrchestrator ÔÇ║ initialize ÔÇ║ should initialize with adapters

    Nest can't resolve dependencies of the PerpKeeperOrchestrator (FundingRateAggregator, FundingArbitrageStrategy, 
?). Please make sure that the argument MarketStateService at index [2] is available in the RootTestModule context.

    Potential solutions:
    - Is RootTestModule a valid NestJS module?
    - If MarketStateService is a provider, is it part of the current RootTestModule?
    - If MarketStateService is exported from a separate @Module, is that module imported within RootTestModule?
      @Module({
        imports: [ /* the Module containing MarketStateService */ ]
      })

    For more common dependency resolution issues, see: https://docs.nestjs.com/faq/common-errors

      30 |     } as any;
      31 |
    > 32 |     const module: TestingModule = await Test.createTestingModule({
         |                                   ^
      33 |       providers: [
      34 |         PerpKeeperOrchestrator,
      35 |         { provide: FundingRateAggregator, useValue: mockAggregator },

      at TestingInjector.lookupComponentInParentModules (../../node_modules/.pnpm/@nestjs+core@11.1.9_@nestjs_e6e9c70d3
51bb0b87e2f9c662f5e6e83/node_modules/@nestjs/core/injector/injector.js:286:19)
      at TestingInjector.resolveComponentWrapper (../../node_modules/.pnpm/@nestjs+testing@11.1.9_@nes_bfc4e50d3c184e59
97a9deea5c75bc87/node_modules/@nestjs/testing/testing-injector.js:19:45)
      at resolveParam (../../node_modules/.pnpm/@nestjs+core@11.1.9_@nestjs_e6e9c70d351bb0b87e2f9c662f5e6e83/node_modul
es/@nestjs/core/injector/injector.js:140:38)
          at async Promise.all (index 2)
      at TestingInjector.resolveConstructorParams (../../node_modules/.pnpm/@nestjs+core@11.1.9_@nestjs_e6e9c70d351bb0b
87e2f9c662f5e6e83/node_modules/@nestjs/core/injector/injector.js:169:27)
      at TestingInjector.loadInstance (../../node_modules/.pnpm/@nestjs+core@11.1.9_@nestjs_e6e9c70d351bb0b87e2f9c662f5
e6e83/node_modules/@nestjs/core/injector/injector.js:75:13)
      at TestingInjector.loadProvider (../../node_modules/.pnpm/@nestjs+core@11.1.9_@nestjs_e6e9c70d351bb0b87e2f9c662f5
e6e83/node_modules/@nestjs/core/injector/injector.js:103:9)
      at ../../node_modules/.pnpm/@nestjs+core@11.1.9_@nestjs_e6e9c70d351bb0b87e2f9c662f5e6e83/node_modules/@nestjs/cor
e/injector/instance-loader.js:56:13
          at async Promise.all (index 3)
      at TestingInstanceLoader.createInstancesOfProviders (../../node_modules/.pnpm/@nestjs+core@11.1.9_@nestjs_e6e9c70
d351bb0b87e2f9c662f5e6e83/node_modules/@nestjs/core/injector/instance-loader.js:55:9)
      at ../../node_modules/.pnpm/@nestjs+core@11.1.9_@nestjs_e6e9c70d351bb0b87e2f9c662f5e6e83/node_modules/@nestjs/cor
e/injector/instance-loader.js:40:13
          at async Promise.all (index 1)
      at TestingInstanceLoader.createInstances (../../node_modules/.pnpm/@nestjs+core@11.1.9_@nestjs_e6e9c70d351bb0b87e
2f9c662f5e6e83/node_modules/@nestjs/core/injector/instance-loader.js:39:9)
      at TestingInstanceLoader.createInstancesOfDependencies (../../node_modules/.pnpm/@nestjs+core@11.1.9_@nestjs_e6e9
c70d351bb0b87e2f9c662f5e6e83/node_modules/@nestjs/core/injector/instance-loader.js:22:13)
      at TestingInstanceLoader.createInstancesOfDependencies (../../node_modules/.pnpm/@nestjs+testing@11.1.9_@nes_bfc4
e50d3c184e5997a9deea5c75bc87/node_modules/@nestjs/testing/testing-instance-loader.js:9:9)
      at TestingModuleBuilder.createInstancesOfDependencies (../../node_modules/.pnpm/@nestjs+testing@11.1.9_@nes_bfc4e
50d3c184e5997a9deea5c75bc87/node_modules/@nestjs/testing/testing-module.builder.js:118:9)
      at TestingModuleBuilder.compile (../../node_modules/.pnpm/@nestjs+testing@11.1.9_@nes_bfc4e50d3c184e5997a9deea5c7
5bc87/node_modules/@nestjs/testing/testing-module.builder.js:74:9)
      at Object.<anonymous> (domain/services/PerpKeeperOrchestrator.spec.ts:32:35)

  ÔùÅ PerpKeeperOrchestrator ÔÇ║ placeAndTrackOrder ÔÇ║ should place and track order

    Nest can't resolve dependencies of the PerpKeeperOrchestrator (FundingRateAggregator, FundingArbitrageStrategy, 
?). Please make sure that the argument MarketStateService at index [2] is available in the RootTestModule context.

    Potential solutions:
    - Is RootTestModule a valid NestJS module?
    - If MarketStateService is a provider, is it part of the current RootTestModule?
    - If MarketStateService is exported from a separate @Module, is that module imported within RootTestModule?
      @Module({
        imports: [ /* the Module containing MarketStateService */ ]
      })

    For more common dependency resolution issues, see: https://docs.nestjs.com/faq/common-errors

      30 |     } as any;
      31 |
    > 32 |     const module: TestingModule = await Test.createTestingModule({
         |                                   ^
      33 |       providers: [
      34 |         PerpKeeperOrchestrator,
      35 |         { provide: FundingRateAggregator, useValue: mockAggregator },

      at TestingInjector.lookupComponentInParentModules (../../node_modules/.pnpm/@nestjs+core@11.1.9_@nestjs_e6e9c70d3
51bb0b87e2f9c662f5e6e83/node_modules/@nestjs/core/injector/injector.js:286:19)
      at TestingInjector.resolveComponentWrapper (../../node_modules/.pnpm/@nestjs+testing@11.1.9_@nes_bfc4e50d3c184e59
97a9deea5c75bc87/node_modules/@nestjs/testing/testing-injector.js:19:45)
      at resolveParam (../../node_modules/.pnpm/@nestjs+core@11.1.9_@nestjs_e6e9c70d351bb0b87e2f9c662f5e6e83/node_modul
es/@nestjs/core/injector/injector.js:140:38)
          at async Promise.all (index 2)
      at TestingInjector.resolveConstructorParams (../../node_modules/.pnpm/@nestjs+core@11.1.9_@nestjs_e6e9c70d351bb0b
87e2f9c662f5e6e83/node_modules/@nestjs/core/injector/injector.js:169:27)
      at TestingInjector.loadInstance (../../node_modules/.pnpm/@nestjs+core@11.1.9_@nestjs_e6e9c70d351bb0b87e2f9c662f5
e6e83/node_modules/@nestjs/core/injector/injector.js:75:13)
      at TestingInjector.loadProvider (../../node_modules/.pnpm/@nestjs+core@11.1.9_@nestjs_e6e9c70d351bb0b87e2f9c662f5
e6e83/node_modules/@nestjs/core/injector/injector.js:103:9)
      at ../../node_modules/.pnpm/@nestjs+core@11.1.9_@nestjs_e6e9c70d351bb0b87e2f9c662f5e6e83/node_modules/@nestjs/cor
e/injector/instance-loader.js:56:13
          at async Promise.all (index 3)
      at TestingInstanceLoader.createInstancesOfProviders (../../node_modules/.pnpm/@nestjs+core@11.1.9_@nestjs_e6e9c70
d351bb0b87e2f9c662f5e6e83/node_modules/@nestjs/core/injector/instance-loader.js:55:9)
      at ../../node_modules/.pnpm/@nestjs+core@11.1.9_@nestjs_e6e9c70d351bb0b87e2f9c662f5e6e83/node_modules/@nestjs/cor
e/injector/instance-loader.js:40:13
          at async Promise.all (index 1)
      at TestingInstanceLoader.createInstances (../../node_modules/.pnpm/@nestjs+core@11.1.9_@nestjs_e6e9c70d351bb0b87e
2f9c662f5e6e83/node_modules/@nestjs/core/injector/instance-loader.js:39:9)
      at TestingInstanceLoader.createInstancesOfDependencies (../../node_modules/.pnpm/@nestjs+core@11.1.9_@nestjs_e6e9
c70d351bb0b87e2f9c662f5e6e83/node_modules/@nestjs/core/injector/instance-loader.js:22:13)
      at TestingInstanceLoader.createInstancesOfDependencies (../../node_modules/.pnpm/@nestjs+testing@11.1.9_@nes_bfc4
e50d3c184e5997a9deea5c75bc87/node_modules/@nestjs/testing/testing-instance-loader.js:9:9)
      at TestingModuleBuilder.createInstancesOfDependencies (../../node_modules/.pnpm/@nestjs+testing@11.1.9_@nes_bfc4e
50d3c184e5997a9deea5c75bc87/node_modules/@nestjs/testing/testing-module.builder.js:118:9)
      at TestingModuleBuilder.compile (../../node_modules/.pnpm/@nestjs+testing@11.1.9_@nes_bfc4e50d3c184e5997a9deea5c7
5bc87/node_modules/@nestjs/testing/testing-module.builder.js:74:9)
      at Object.<anonymous> (domain/services/PerpKeeperOrchestrator.spec.ts:32:35)

  ÔùÅ PerpKeeperOrchestrator ÔÇ║ compareFundingRates ÔÇ║ should compare funding rates

    Nest can't resolve dependencies of the PerpKeeperOrchestrator (FundingRateAggregator, FundingArbitrageStrategy, 
?). Please make sure that the argument MarketStateService at index [2] is available in the RootTestModule context.

    Potential solutions:
    - Is RootTestModule a valid NestJS module?
    - If MarketStateService is a provider, is it part of the current RootTestModule?
    - If MarketStateService is exported from a separate @Module, is that module imported within RootTestModule?
      @Module({
        imports: [ /* the Module containing MarketStateService */ ]
      })

    For more common dependency resolution issues, see: https://docs.nestjs.com/faq/common-errors

      30 |     } as any;
      31 |
    > 32 |     const module: TestingModule = await Test.createTestingModule({
         |                                   ^
      33 |       providers: [
      34 |         PerpKeeperOrchestrator,
      35 |         { provide: FundingRateAggregator, useValue: mockAggregator },

      at TestingInjector.lookupComponentInParentModules (../../node_modules/.pnpm/@nestjs+core@11.1.9_@nestjs_e6e9c70d3
51bb0b87e2f9c662f5e6e83/node_modules/@nestjs/core/injector/injector.js:286:19)
      at TestingInjector.resolveComponentWrapper (../../node_modules/.pnpm/@nestjs+testing@11.1.9_@nes_bfc4e50d3c184e59
97a9deea5c75bc87/node_modules/@nestjs/testing/testing-injector.js:19:45)
      at resolveParam (../../node_modules/.pnpm/@nestjs+core@11.1.9_@nestjs_e6e9c70d351bb0b87e2f9c662f5e6e83/node_modul
es/@nestjs/core/injector/injector.js:140:38)
          at async Promise.all (index 2)
      at TestingInjector.resolveConstructorParams (../../node_modules/.pnpm/@nestjs+core@11.1.9_@nestjs_e6e9c70d351bb0b
87e2f9c662f5e6e83/node_modules/@nestjs/core/injector/injector.js:169:27)
      at TestingInjector.loadInstance (../../node_modules/.pnpm/@nestjs+core@11.1.9_@nestjs_e6e9c70d351bb0b87e2f9c662f5
e6e83/node_modules/@nestjs/core/injector/injector.js:75:13)
      at TestingInjector.loadProvider (../../node_modules/.pnpm/@nestjs+core@11.1.9_@nestjs_e6e9c70d351bb0b87e2f9c662f5
e6e83/node_modules/@nestjs/core/injector/injector.js:103:9)
      at ../../node_modules/.pnpm/@nestjs+core@11.1.9_@nestjs_e6e9c70d351bb0b87e2f9c662f5e6e83/node_modules/@nestjs/cor
e/injector/instance-loader.js:56:13
          at async Promise.all (index 3)
      at TestingInstanceLoader.createInstancesOfProviders (../../node_modules/.pnpm/@nestjs+core@11.1.9_@nestjs_e6e9c70
d351bb0b87e2f9c662f5e6e83/node_modules/@nestjs/core/injector/instance-loader.js:55:9)
      at ../../node_modules/.pnpm/@nestjs+core@11.1.9_@nestjs_e6e9c70d351bb0b87e2f9c662f5e6e83/node_modules/@nestjs/cor
e/injector/instance-loader.js:40:13
          at async Promise.all (index 1)
      at TestingInstanceLoader.createInstances (../../node_modules/.pnpm/@nestjs+core@11.1.9_@nestjs_e6e9c70d351bb0b87e
2f9c662f5e6e83/node_modules/@nestjs/core/injector/instance-loader.js:39:9)
      at TestingInstanceLoader.createInstancesOfDependencies (../../node_modules/.pnpm/@nestjs+core@11.1.9_@nestjs_e6e9
c70d351bb0b87e2f9c662f5e6e83/node_modules/@nestjs/core/injector/instance-loader.js:22:13)
      at TestingInstanceLoader.createInstancesOfDependencies (../../node_modules/.pnpm/@nestjs+testing@11.1.9_@nes_bfc4
e50d3c184e5997a9deea5c75bc87/node_modules/@nestjs/testing/testing-instance-loader.js:9:9)
      at TestingModuleBuilder.createInstancesOfDependencies (../../node_modules/.pnpm/@nestjs+testing@11.1.9_@nes_bfc4e
50d3c184e5997a9deea5c75bc87/node_modules/@nestjs/testing/testing-module.builder.js:118:9)
      at TestingModuleBuilder.compile (../../node_modules/.pnpm/@nestjs+testing@11.1.9_@nes_bfc4e50d3c184e5997a9deea5c7
5bc87/node_modules/@nestjs/testing/testing-module.builder.js:74:9)
      at Object.<anonymous> (domain/services/PerpKeeperOrchestrator.spec.ts:32:35)

  ÔùÅ PerpKeeperOrchestrator ÔÇ║ findArbitrageOpportunities ÔÇ║ should find arbitrage opportunities

    Nest can't resolve dependencies of the PerpKeeperOrchestrator (FundingRateAggregator, FundingArbitrageStrategy, 
?). Please make sure that the argument MarketStateService at index [2] is available in the RootTestModule context.

    Potential solutions:
    - Is RootTestModule a valid NestJS module?
    - If MarketStateService is a provider, is it part of the current RootTestModule?
    - If MarketStateService is exported from a separate @Module, is that module imported within RootTestModule?
      @Module({
        imports: [ /* the Module containing MarketStateService */ ]
      })

    For more common dependency resolution issues, see: https://docs.nestjs.com/faq/common-errors

      30 |     } as any;
      31 |
    > 32 |     const module: TestingModule = await Test.createTestingModule({
         |                                   ^
      33 |       providers: [
      34 |         PerpKeeperOrchestrator,
      35 |         { provide: FundingRateAggregator, useValue: mockAggregator },

      at TestingInjector.lookupComponentInParentModules (../../node_modules/.pnpm/@nestjs+core@11.1.9_@nestjs_e6e9c70d3
51bb0b87e2f9c662f5e6e83/node_modules/@nestjs/core/injector/injector.js:286:19)
      at TestingInjector.resolveComponentWrapper (../../node_modules/.pnpm/@nestjs+testing@11.1.9_@nes_bfc4e50d3c184e59
97a9deea5c75bc87/node_modules/@nestjs/testing/testing-injector.js:19:45)
      at resolveParam (../../node_modules/.pnpm/@nestjs+core@11.1.9_@nestjs_e6e9c70d351bb0b87e2f9c662f5e6e83/node_modul
es/@nestjs/core/injector/injector.js:140:38)
          at async Promise.all (index 2)
      at TestingInjector.resolveConstructorParams (../../node_modules/.pnpm/@nestjs+core@11.1.9_@nestjs_e6e9c70d351bb0b
87e2f9c662f5e6e83/node_modules/@nestjs/core/injector/injector.js:169:27)
      at TestingInjector.loadInstance (../../node_modules/.pnpm/@nestjs+core@11.1.9_@nestjs_e6e9c70d351bb0b87e2f9c662f5
e6e83/node_modules/@nestjs/core/injector/injector.js:75:13)
      at TestingInjector.loadProvider (../../node_modules/.pnpm/@nestjs+core@11.1.9_@nestjs_e6e9c70d351bb0b87e2f9c662f5
e6e83/node_modules/@nestjs/core/injector/injector.js:103:9)
      at ../../node_modules/.pnpm/@nestjs+core@11.1.9_@nestjs_e6e9c70d351bb0b87e2f9c662f5e6e83/node_modules/@nestjs/cor
e/injector/instance-loader.js:56:13
          at async Promise.all (index 3)
      at TestingInstanceLoader.createInstancesOfProviders (../../node_modules/.pnpm/@nestjs+core@11.1.9_@nestjs_e6e9c70
d351bb0b87e2f9c662f5e6e83/node_modules/@nestjs/core/injector/instance-loader.js:55:9)
      at ../../node_modules/.pnpm/@nestjs+core@11.1.9_@nestjs_e6e9c70d351bb0b87e2f9c662f5e6e83/node_modules/@nestjs/cor
e/injector/instance-loader.js:40:13
          at async Promise.all (index 1)
      at TestingInstanceLoader.createInstances (../../node_modules/.pnpm/@nestjs+core@11.1.9_@nestjs_e6e9c70d351bb0b87e
2f9c662f5e6e83/node_modules/@nestjs/core/injector/instance-loader.js:39:9)
      at TestingInstanceLoader.createInstancesOfDependencies (../../node_modules/.pnpm/@nestjs+core@11.1.9_@nestjs_e6e9
c70d351bb0b87e2f9c662f5e6e83/node_modules/@nestjs/core/injector/instance-loader.js:22:13)
      at TestingInstanceLoader.createInstancesOfDependencies (../../node_modules/.pnpm/@nestjs+testing@11.1.9_@nes_bfc4
e50d3c184e5997a9deea5c75bc87/node_modules/@nestjs/testing/testing-instance-loader.js:9:9)
      at TestingModuleBuilder.createInstancesOfDependencies (../../node_modules/.pnpm/@nestjs+testing@11.1.9_@nes_bfc4e
50d3c184e5997a9deea5c75bc87/node_modules/@nestjs/testing/testing-module.builder.js:118:9)
      at TestingModuleBuilder.compile (../../node_modules/.pnpm/@nestjs+testing@11.1.9_@nes_bfc4e50d3c184e5997a9deea5c7
5bc87/node_modules/@nestjs/testing/testing-module.builder.js:74:9)
      at Object.<anonymous> (domain/services/PerpKeeperOrchestrator.spec.ts:32:35)

  ÔùÅ PerpKeeperOrchestrator ÔÇ║ healthCheck ÔÇ║ should check health of all exchanges

    Nest can't resolve dependencies of the PerpKeeperOrchestrator (FundingRateAggregator, FundingArbitrageStrategy, 
?). Please make sure that the argument MarketStateService at index [2] is available in the RootTestModule context.

    Potential solutions:
    - Is RootTestModule a valid NestJS module?
    - If MarketStateService is a provider, is it part of the current RootTestModule?
    - If MarketStateService is exported from a separate @Module, is that module imported within RootTestModule?
      @Module({
        imports: [ /* the Module containing MarketStateService */ ]
      })

    For more common dependency resolution issues, see: https://docs.nestjs.com/faq/common-errors

      30 |     } as any;
      31 |
    > 32 |     const module: TestingModule = await Test.createTestingModule({
         |                                   ^
      33 |       providers: [
      34 |         PerpKeeperOrchestrator,
      35 |         { provide: FundingRateAggregator, useValue: mockAggregator },

      at TestingInjector.lookupComponentInParentModules (../../node_modules/.pnpm/@nestjs+core@11.1.9_@nestjs_e6e9c70d3
51bb0b87e2f9c662f5e6e83/node_modules/@nestjs/core/injector/injector.js:286:19)
      at TestingInjector.resolveComponentWrapper (../../node_modules/.pnpm/@nestjs+testing@11.1.9_@nes_bfc4e50d3c184e59
97a9deea5c75bc87/node_modules/@nestjs/testing/testing-injector.js:19:45)
      at resolveParam (../../node_modules/.pnpm/@nestjs+core@11.1.9_@nestjs_e6e9c70d351bb0b87e2f9c662f5e6e83/node_modul
es/@nestjs/core/injector/injector.js:140:38)
          at async Promise.all (index 2)
      at TestingInjector.resolveConstructorParams (../../node_modules/.pnpm/@nestjs+core@11.1.9_@nestjs_e6e9c70d351bb0b
87e2f9c662f5e6e83/node_modules/@nestjs/core/injector/injector.js:169:27)
      at TestingInjector.loadInstance (../../node_modules/.pnpm/@nestjs+core@11.1.9_@nestjs_e6e9c70d351bb0b87e2f9c662f5
e6e83/node_modules/@nestjs/core/injector/injector.js:75:13)
      at TestingInjector.loadProvider (../../node_modules/.pnpm/@nestjs+core@11.1.9_@nestjs_e6e9c70d351bb0b87e2f9c662f5
e6e83/node_modules/@nestjs/core/injector/injector.js:103:9)
      at ../../node_modules/.pnpm/@nestjs+core@11.1.9_@nestjs_e6e9c70d351bb0b87e2f9c662f5e6e83/node_modules/@nestjs/cor
e/injector/instance-loader.js:56:13
          at async Promise.all (index 3)
      at TestingInstanceLoader.createInstancesOfProviders (../../node_modules/.pnpm/@nestjs+core@11.1.9_@nestjs_e6e9c70
d351bb0b87e2f9c662f5e6e83/node_modules/@nestjs/core/injector/instance-loader.js:55:9)
      at ../../node_modules/.pnpm/@nestjs+core@11.1.9_@nestjs_e6e9c70d351bb0b87e2f9c662f5e6e83/node_modules/@nestjs/cor
e/injector/instance-loader.js:40:13
          at async Promise.all (index 1)
      at TestingInstanceLoader.createInstances (../../node_modules/.pnpm/@nestjs+core@11.1.9_@nestjs_e6e9c70d351bb0b87e
2f9c662f5e6e83/node_modules/@nestjs/core/injector/instance-loader.js:39:9)
      at TestingInstanceLoader.createInstancesOfDependencies (../../node_modules/.pnpm/@nestjs+core@11.1.9_@nestjs_e6e9
c70d351bb0b87e2f9c662f5e6e83/node_modules/@nestjs/core/injector/instance-loader.js:22:13)
      at TestingInstanceLoader.createInstancesOfDependencies (../../node_modules/.pnpm/@nestjs+testing@11.1.9_@nes_bfc4
e50d3c184e5997a9deea5c75bc87/node_modules/@nestjs/testing/testing-instance-loader.js:9:9)
      at TestingModuleBuilder.createInstancesOfDependencies (../../node_modules/.pnpm/@nestjs+testing@11.1.9_@nes_bfc4e
50d3c184e5997a9deea5c75bc87/node_modules/@nestjs/testing/testing-module.builder.js:118:9)
      at TestingModuleBuilder.compile (../../node_modules/.pnpm/@nestjs+testing@11.1.9_@nes_bfc4e50d3c184e5997a9deea5c7
5bc87/node_modules/@nestjs/testing/testing-module.builder.js:74:9)
      at Object.<anonymous> (domain/services/PerpKeeperOrchestrator.spec.ts:32:35)

  ÔùÅ PerpKeeperOrchestrator ÔÇ║ getAllPositionsWithMetrics ÔÇ║ should get positions with aggregated metrics

    Nest can't resolve dependencies of the PerpKeeperOrchestrator (FundingRateAggregator, FundingArbitrageStrategy, 
?). Please make sure that the argument MarketStateService at index [2] is available in the RootTestModule context.

    Potential solutions:
    - Is RootTestModule a valid NestJS module?
    - If MarketStateService is a provider, is it part of the current RootTestModule?
    - If MarketStateService is exported from a separate @Module, is that module imported within RootTestModule?
      @Module({
        imports: [ /* the Module containing MarketStateService */ ]
      })

    For more common dependency resolution issues, see: https://docs.nestjs.com/faq/common-errors

      30 |     } as any;
      31 |
    > 32 |     const module: TestingModule = await Test.createTestingModule({
         |                                   ^
      33 |       providers: [
      34 |         PerpKeeperOrchestrator,
      35 |         { provide: FundingRateAggregator, useValue: mockAggregator },

      at TestingInjector.lookupComponentInParentModules (../../node_modules/.pnpm/@nestjs+core@11.1.9_@nestjs_e6e9c70d3
51bb0b87e2f9c662f5e6e83/node_modules/@nestjs/core/injector/injector.js:286:19)
      at TestingInjector.resolveComponentWrapper (../../node_modules/.pnpm/@nestjs+testing@11.1.9_@nes_bfc4e50d3c184e59
97a9deea5c75bc87/node_modules/@nestjs/testing/testing-injector.js:19:45)
      at resolveParam (../../node_modules/.pnpm/@nestjs+core@11.1.9_@nestjs_e6e9c70d351bb0b87e2f9c662f5e6e83/node_modul
es/@nestjs/core/injector/injector.js:140:38)
          at async Promise.all (index 2)
      at TestingInjector.resolveConstructorParams (../../node_modules/.pnpm/@nestjs+core@11.1.9_@nestjs_e6e9c70d351bb0b
87e2f9c662f5e6e83/node_modules/@nestjs/core/injector/injector.js:169:27)
      at TestingInjector.loadInstance (../../node_modules/.pnpm/@nestjs+core@11.1.9_@nestjs_e6e9c70d351bb0b87e2f9c662f5
e6e83/node_modules/@nestjs/core/injector/injector.js:75:13)
      at TestingInjector.loadProvider (../../node_modules/.pnpm/@nestjs+core@11.1.9_@nestjs_e6e9c70d351bb0b87e2f9c662f5
e6e83/node_modules/@nestjs/core/injector/injector.js:103:9)
      at ../../node_modules/.pnpm/@nestjs+core@11.1.9_@nestjs_e6e9c70d351bb0b87e2f9c662f5e6e83/node_modules/@nestjs/cor
e/injector/instance-loader.js:56:13
          at async Promise.all (index 3)
      at TestingInstanceLoader.createInstancesOfProviders (../../node_modules/.pnpm/@nestjs+core@11.1.9_@nestjs_e6e9c70
d351bb0b87e2f9c662f5e6e83/node_modules/@nestjs/core/injector/instance-loader.js:55:9)
      at ../../node_modules/.pnpm/@nestjs+core@11.1.9_@nestjs_e6e9c70d351bb0b87e2f9c662f5e6e83/node_modules/@nestjs/cor
e/injector/instance-loader.js:40:13
          at async Promise.all (index 1)
      at TestingInstanceLoader.createInstances (../../node_modules/.pnpm/@nestjs+core@11.1.9_@nestjs_e6e9c70d351bb0b87e
2f9c662f5e6e83/node_modules/@nestjs/core/injector/instance-loader.js:39:9)
      at TestingInstanceLoader.createInstancesOfDependencies (../../node_modules/.pnpm/@nestjs+core@11.1.9_@nestjs_e6e9
c70d351bb0b87e2f9c662f5e6e83/node_modules/@nestjs/core/injector/instance-loader.js:22:13)
      at TestingInstanceLoader.createInstancesOfDependencies (../../node_modules/.pnpm/@nestjs+testing@11.1.9_@nes_bfc4
e50d3c184e5997a9deea5c75bc87/node_modules/@nestjs/testing/testing-instance-loader.js:9:9)
      at TestingModuleBuilder.createInstancesOfDependencies (../../node_modules/.pnpm/@nestjs+testing@11.1.9_@nes_bfc4e
50d3c184e5997a9deea5c75bc87/node_modules/@nestjs/testing/testing-module.builder.js:118:9)
      at TestingModuleBuilder.compile (../../node_modules/.pnpm/@nestjs+testing@11.1.9_@nes_bfc4e50d3c184e5997a9deea5c7
5bc87/node_modules/@nestjs/testing/testing-module.builder.js:74:9)
      at Object.<anonymous> (domain/services/PerpKeeperOrchestrator.spec.ts:32:35)


Test Suites: 14 failed, 27 passed, 41 total
Tests:       37 failed, 389 passed, 426 total
Snapshots:   0 total
Time:        6.203 s
Ran all test suites matching domain.
